[0;33m--- esp-idf-monitor 1.9.0 on /dev/ttyACM0 115200[0m
[0;33m--- Quit: Ctrl+] | Menu: Ctrl+T | Help: Ctrl+T followed by Ctrl+H[0m
Executing action: monitor
Running idf_monitor in directory /home/keti-hazbiu/git-hub/Bachelor_Thesis_ESP/src
Executing "/home/keti-hazbiu/.espressif/tools/python/v5.5.4/venv/bin/python /home/keti-hazbiu/.espressif/v5.5.4/esp-idf/tools/idf_monitor.py -p /dev/ttyACM0 -b 115200 --toolchain-prefix riscv32-esp-elf- --target esp32p4 --revision 1 --decode-panic backtrace /home/keti-hazbiu/git-hub/Bachelor_Thesis_ESP/src/build/video_lcd_display.elf /home/keti-hazbiu/git-hub/Bachelor_Thesis_ESP/src/build/bootloader/bootloader.elf -m '/home/keti-hazbiu/.espressif/tools/python/v5.5.4/venv/bin/python' '/home/keti-hazbiu/.espressif/v5.5.4/esp-idf/tools/idf.py' '-p' '/dev/ttyACM0' '-b' '115200'"...
ESP-ROM:esp32p4-eco2-20240710
Build:Jul 10 2024
rst:0x1 (POWERON),boot:0x30f (SPI_FAST_FLASH_BOOT)
SPI mode:DIO, clock div:1
load:0x4ff33ce0,len:0x173c
load:0x4ff29ed0,len:0xff0
[0m--- 0x4ff29ed0: [0;33mesp_bootloader_get_description[0m[0m at [0;32m/home/keti-hazbiu/.espressif/v5.5.4/esp-idf/components/esp_bootloader_format/esp_bootloader_desc.c[0m[0m:[1;31m39[0m
load:0x4ff2cbd0,len:0x3608
[0m--- 0x4ff2cbd0: [0;33mesp_flash_encryption_enabled[0m[0m at [0;32m/home/keti-hazbiu/.espressif/v5.5.4/esp-idf/components/bootloader_support/src/flash_encrypt.c[0m[0m:[1;31m89[0m
entry 0x4ff29eda
[0m--- 0x4ff29eda: [0;33mcall_start_cpu0[0m[0m at [0;32m/home/keti-hazbiu/.espressif/v5.5.4/esp-idf/components/bootloader/subproject/main/bootloader_start.c[0m[0m:[1;31m27[0m
[0;32mI (26) boot: ESP-IDF v5.5.4 2nd stage bootloader[0m
[0;32mI (26) boot: compile time Jun 28 2026 18:32:29[0m
[0;32mI (26) boot: Multicore bootloader[0m
[0;32mI (28) boot: chip revision: v1.3[0m
[0;32mI (29) boot: efuse block revision: v0.3[0m
[0;32mI (32) qio_mode: Enabling default flash chip QIO[0m
[0;32mI (37) boot.esp32p4: SPI Speed      : 80MHz[0m
[0;32mI (41) boot.esp32p4: SPI Mode       : QIO[0m
[0;32mI (44) boot.esp32p4: SPI Flash Size : 16MB[0m
[0;32mI (48) boot: Enabling RNG early entropy source...[0m
[0;32mI (53) boot: Partition Table:[0m
[0;32mI (55) boot: ## Label            Usage          Type ST Offset   Length[0m
[0;32mI (62) boot:  0 nvs              WiFi data        01 02 0000b000 00006000[0m
[0;32mI (68) boot:  1 phy_init         RF data          01 01 00011000 00001000[0m
[0;32mI (75) boot:  2 storage          Unknown data     01 82 00012000 0000e000[0m
[0;32mI (81) boot:  3 factory          factory app      00 00 00020000 00f00000[0m
[0;32mI (89) boot: End of partition table[0m
[0;32mI (91) esp_image: segment 0: paddr=00020020 vaddr=482e0020 size=19a144h (1679684) map[0m
[0;32mI (336) esp_image: segment 1: paddr=001ba16c vaddr=30100000 size=00068h (   104) load[0m
[0;32mI (338) esp_image: segment 2: paddr=001ba1dc vaddr=4ff00000 size=05e3ch ( 24124) load[0m
[0;32mI (345) esp_image: segment 3: paddr=001c0020 vaddr=48000020 size=2d1260h (2953824) map[0m
[0;32mI (764) esp_image: segment 4: paddr=00491288 vaddr=4ff05e3c size=10bc8h ( 68552) load[0m
[0;32mI (777) esp_image: segment 5: paddr=004a1e58 vaddr=4ff16a80 size=0440ch ( 17420) load[0m
[0;32mI (787) boot: Loaded app from partition at offset 0x20000[0m
[0;32mI (787) boot: Disabling RNG early entropy source...[0m
[0;32mI (798) hex_psram: vendor id    : 0x0d (AP)[0m
[0;32mI (798) hex_psram: Latency      : 0x01 (Fixed)[0m
[0;32mI (799) hex_psram: DriveStr.    : 0x00 (25 Ohm)[0m
[0;32mI (799) hex_psram: dev id       : 0x03 (generation 4)[0m
[0;32mI (804) hex_psram: density      : 0x07 (256 Mbit)[0m
[0;32mI (808) hex_psram: good-die     : 0x06 (Pass)[0m
[0;32mI (813) hex_psram: SRF          : 0x02 (Slow Refresh)[0m
[0;32mI (817) hex_psram: BurstType    : 0x00 ( Wrap)[0m
[0;32mI (821) hex_psram: BurstLen     : 0x03 (2048 Byte)[0m
[0;32mI (826) hex_psram: BitMode      : 0x01 (X16 Mode)[0m
[0;32mI (830) hex_psram: Readlatency  : 0x04 (14 cycles@Fixed)[0m
[0;32mI (835) hex_psram: DriveStrength: 0x00 (1/1)[0m
[0;32mI (839) MSPI Timing: Enter psram timing tuning[0m
I esp_psram: Found 32MB PSRAM device
I esp_psram: Speed: 200MHz
[0;32mI (1092) mmu_psram: .rodata xip on psram[0m
[0;32mI (1234) mmu_psram: .text xip on psram[0m
[0;32mI (1234) hex_psram: psram CS IO is dedicated[0m
[0;32mI (1234) cpu_start: Multicore app[0m
[0;32mI (1644) esp_psram: SPI SRAM memory test OK[0m
[0;32mI (1653) cpu_start: GPIO 38 and 37 are used as console UART I/O pins[0m
[0;32mI (1653) cpu_start: Pro cpu start user code[0m
[0;32mI (1653) cpu_start: cpu freq: 360000000 Hz[0m
[0;32mI (1655) app_init: Application information:[0m
[0;32mI (1659) app_init: Project name:     video_lcd_display[0m
[0;32mI (1664) app_init: App version:      dbbd747-dirty[0m
[0;32mI (1669) app_init: Compile time:     Jun 28 2026 18:31:14[0m
[0;32mI (1674) app_init: ELF file SHA256:  9f9e8bd01...[0m
[0;32mI (1678) app_init: ESP-IDF:          v5.5.4[0m
[0;32mI (1682) efuse_init: Min chip rev:     v0.1[0m
[0;32mI (1686) efuse_init: Max chip rev:     v1.99 [0m
[0;32mI (1690) efuse_init: Chip rev:         v1.3[0m
[0;32mI (1694) heap_init: Initializing. RAM available for dynamic allocation:[0m
[0;32mI (1700) heap_init: At 4FF1D1E0 len 0001DDE0 (119 KiB): RETENT_RAM[0m
[0;32mI (1706) heap_init: At 4FF3AFC0 len 00004BF0 (18 KiB): RAM[0m
[0;32mI (1711) heap_init: At 4FF40000 len 00040000 (256 KiB): RAM[0m
[0;32mI (1717) heap_init: At 50108080 len 00007F80 (31 KiB): RTCRAM[0m
[0;32mI (1722) heap_init: At 30100068 len 00001F98 (7 KiB): TCM[0m
[0;32mI (1727) esp_psram: Adding pool of 28160K of PSRAM memory to heap allocator[0m
[0;32mI (1734) esp_psram: Adding pool of 59K of PSRAM memory gap generated due to end address alignment of irom to the heap allocator[0m
[0;32mI (1745) esp_psram: Adding pool of 23K of PSRAM memory gap generated due to end address alignment of drom to the heap allocator[0m
[0;32mI (1757) spi_flash: detected chip: gd[0m
[0;32mI (1760) spi_flash: flash io: qio[0m
[0;32mI (1763) sleep_gpio: Configure to isolate all GPIO pins in sleep state[0m
[0;32mI (1769) sleep_gpio: Enable automatic switching of GPIO sleep configuration[0m
[0;32mI (1776) main_task: Started on CPU0[0m
[0;32mI (1780) esp_psram: Reserving pool of 32K of internal memory for DMA/internal allocations[0m
[0;32mI (1787) main_task: Calling app_main()[0m
[0;32mI (1790) app_main: [CORE-PROOF] stage=APP_MAIN_START cpu=0 task=main affinity=0 time_us=63099[0m
[0;32mI (1799) esp_lvgl:adapter: LVGL adapter initialized successfully[0m
[0;33mW (1804) i2c.master: Please check pull-up resistances whether be connected properly. Otherwise unexpected behavior would happen. For more detailed information, please read docs[0m
[0;32mI (1820) ESP32_P4_PLATFORM: MIPI DSI PHY Powered on[0m
[0;32mI (1825) ESP32_P4_PLATFORM: Install MIPI DSI LCD control panel[0m
[0;32mI (1830) ESP32_P4_PLATFORM: Install Waveshare LCD control panel[0m
[0;32mI (1836) jd9365: version: 2.0.0[0m
[0;32mI (1838) i2c_bus: I2C Bus V2 uses the externally initialized bus handle[0m
[0;32mI (3098) jd9365: LCD ID: 93 65 04[0m
[0;32mI (3240) ESP32_P4_PLATFORM: Display initialized[0m
[0;32mI (3241) esp_lvgl:bridge_v9: Initializing hardware resources[0m
[0;32mI (3242) esp_lvgl:bridge_v9: Hardware resources initialized successfully[0m
[0;32mI (3244) esp_lvgl:bridge: Initializing hardware resources[0m
[0;32mI (3250) esp_lvgl:bridge: Hardware resources initialized successfully[0m
[0;32mI (3256) ESP32_P4_PLATFORM: Touch 0x5d found[0m
[0;32mI (3260) GT911: I2C address initialization procedure skipped - using default GT9xx setup[0m
[0;32mI (3268) GT911: TouchPad_ID:0x39,0x32,0x37[0m
[0;32mI (3271) GT911: TouchPad_Config_Version:130[0m
[0;33mW (3275) esp_lvgl:touch: LV_USE_GESTURE_RECOGNITION is disabled; only single-point pointer events are available[0m
[0;32mI (3285) esp_lvgl:touch: Touch input device registered successfully (IRQ mode: disabled)[0m
[0;32mI (3294) esp_lvgl:adapter: LVGL task started successfully[0m
[0;32mI (3305) app_main: SPIFFS mounted: total=45431 used=502[0m
[0;33mW (3305) ldo: The voltage value 0 is out of the recommended range [500, 2700][0m
[0;32mI (3591) app_main: SD card mounted at /sdcard[0m
[0;32mI (3602) app_main: Wrote /sdcard/test.txt[0m
[0;32mI (3602) face_detect_wrapper: HumanFaceDetect initialized[0m
[0;33mW (3603) FbsLoader: There is only one model in the flatbuffers, ignore the input model name![0m
[0;33mW (3608) FbsLoader: CONFIG_SPIRAM_RODATA or CONFIG_SPIRAM_XIP_FROM_PSRAM option is on, fbs model is copied to PSRAM.[0m
[0;33mW (3682) dl::Model: minimize() will delete unused inference variables, breaking model testing/debugging.[0m
[0;32mI (3602) face_recognition_wrapper: HumanFaceRecognizer initialized from /sdcard/face.db, enrolled=2[0m
[0;32mI (3690) ov5647: Detected Camera sensor PID=0x5647[0m
[0;32mI (3722) app_video: version: 0.8.0[0m
[0;32mI (3722) app_video: driver:  MIPI-CSI[0m
[0;32mI (3722) app_video: card:    MIPI-CSI[0m
[0;32mI (3722) app_video: bus:     esp32p4:MIPI-CSI[0m
[0;32mI (3724) app_video: width=1280 height=960[0m
[0;32mI (3729) app_main: Using user defined buffer[0m
[0;32mI (3774) app_main: [CORE-PROOF] Requesting video stream task on CPU0[0m
[0;32mI (3774) app_video: Video Stream Start[0m
[0;32mI (3776) app_video: [CORE-PROOF] Creating video stream task: requested_core=0[0m
[0;32mI (3780) app_video: [CORE-PROOF] Video task running: actual_cpu=0 task=video stream ta[0m
[0;32mI (3787) main_task: Returned from app_main()[0m
[0;32mI (4250) face_detect_wrapper: [CORE-PROOF] stage=DETECT_BEGIN cpu=0 task=video stream ta affinity=0 time_us=2522335[0m
[0;33mW (4250) FbsLoader: CONFIG_SPIRAM_RODATA or CONFIG_SPIRAM_XIP_FROM_PSRAM option is on, fbs model is copied to PSRAM.[0m
[0;33mW (4286) dl::Model: minimize() will delete unused inference variables, breaking model testing/debugging.[0m
[0;33mW (4288) FbsLoader: CONFIG_SPIRAM_RODATA or CONFIG_SPIRAM_XIP_FROM_PSRAM option is on, fbs model is copied to PSRAM.[0m
[0;33mW (4306) dl::Model: minimize() will delete unused inference variables, breaking model testing/debugging.[0m
[0;32mI (4328) face_detect_wrapper: [CORE-PROOF] DETECT_END cpu=0 duration_us=77910[0m
[0;32mI (4328) app_main: Detection ran, face_count=0[0m
[0;32mI (4783) face_detect_wrapper: [CORE-PROOF] stage=DETECT_BEGIN cpu=0 task=video stream ta affinity=0 time_us=3055352[0m
[0;32mI (4803) face_detect_wrapper: [CORE-PROOF] DETECT_END cpu=0 duration_us=20727[0m
[0;32mI (4804) app_main: Detection ran, face_count=0[0m
[0;32mI (5268) face_detect_wrapper: [CORE-PROOF] stage=DETECT_BEGIN cpu=0 task=video stream ta affinity=0 time_us=3540928[0m
[0;32mI (5289) face_detect_wrapper: [CORE-PROOF] DETECT_END cpu=0 duration_us=21190[0m
[0;32mI (5290) app_main: Detection ran, face_count=0[0m
[0;32mI (5755) face_detect_wrapper: [CORE-PROOF] stage=DETECT_BEGIN cpu=0 task=video stream ta affinity=0 time_us=4027623[0m
[0;32mI (5776) face_detect_wrapper: [CORE-PROOF] DETECT_END cpu=0 duration_us=20879[0m
[0;32mI (5776) app_main: Detection ran, face_count=0[0m
[0;32mI (6241) face_detect_wrapper: [CORE-PROOF] stage=DETECT_BEGIN cpu=0 task=video stream ta affinity=0 time_us=4513324[0m
[0;32mI (6263) face_detect_wrapper: [CORE-PROOF] DETECT_END cpu=0 duration_us=22046[0m
[0;32mI (6263) app_main: Detection ran, face_count=0[0m
[0;32mI (6727) face_detect_wrapper: [CORE-PROOF] stage=DETECT_BEGIN cpu=0 task=video stream ta affinity=0 time_us=4999557[0m
[0;32mI (6748) face_detect_wrapper: [CORE-PROOF] DETECT_END cpu=0 duration_us=21066[0m
[0;32mI (6748) app_main: Detection ran, face_count=0[0m
[0;32mI (7213) face_detect_wrapper: [CORE-PROOF] stage=DETECT_BEGIN cpu=0 task=video stream ta affinity=0 time_us=5485840[0m
[0;32mI (7234) face_detect_wrapper: [CORE-PROOF] DETECT_END cpu=0 duration_us=21000[0m
[0;32mI (7234) app_main: Detection ran, face_count=0[0m
[0;32mI (7699) face_detect_wrapper: [CORE-PROOF] stage=DETECT_BEGIN cpu=0 task=video stream ta affinity=0 time_us=5971715[0m
[0;32mI (7720) face_detect_wrapper: [CORE-PROOF] DETECT_END cpu=0 duration_us=21106[0m
[0;32mI (7720) app_main: Detection ran, face_count=0[0m
[0;32mI (8185) face_detect_wrapper: [CORE-PROOF] stage=DETECT_BEGIN cpu=0 task=video stream ta affinity=0 time_us=6457740[0m
[0;32mI (8206) face_detect_wrapper: [CORE-PROOF] DETECT_END cpu=0 duration_us=20991[0m
[0;32mI (8206) app_main: Detection ran, face_count=0[0m
[0;32mI (8672) face_detect_wrapper: [CORE-PROOF] stage=DETECT_BEGIN cpu=0 task=video stream ta affinity=0 time_us=6944396[0m
[0;32mI (8693) face_detect_wrapper: [CORE-PROOF] DETECT_END cpu=0 duration_us=21113[0m
[0;32mI (8693) app_main: Detection ran, face_count=0[0m
[0;32mI (9157) face_detect_wrapper: [CORE-PROOF] stage=DETECT_BEGIN cpu=0 task=video stream ta affinity=0 time_us=7430065[0m
[0;32mI (9178) face_detect_wrapper: [CORE-PROOF] DETECT_END cpu=0 duration_us=21085[0m
[0;32mI (9179) app_main: Detection ran, face_count=0[0m
[0;32mI (9644) face_detect_wrapper: [CORE-PROOF] stage=DETECT_BEGIN cpu=0 task=video stream ta affinity=0 time_us=7916663[0m
[0;32mI (9665) face_detect_wrapper: [CORE-PROOF] DETECT_END cpu=0 duration_us=20962[0m
[0;32mI (9665) app_main: Detection ran, face_count=0[0m
[0;32mI (10130) face_detect_wrapper: [CORE-PROOF] stage=DETECT_BEGIN cpu=0 task=video stream ta affinity=0 time_us=8402346[0m
[0;32mI (10152) face_detect_wrapper: [CORE-PROOF] DETECT_END cpu=0 duration_us=22141[0m
[0;32mI (10152) app_main: Detection ran, face_count=0[0m
[0;32mI (10616) face_detect_wrapper: [CORE-PROOF] stage=DETECT_BEGIN cpu=0 task=video stream ta affinity=0 time_us=8888619[0m
[0;32mI (10637) face_detect_wrapper: [CORE-PROOF] DETECT_END cpu=0 duration_us=20905[0m
[0;32mI (10637) app_main: Detection ran, face_count=0[0m
[0;32mI (11102) face_detect_wrapper: [CORE-PROOF] stage=DETECT_BEGIN cpu=0 task=video stream ta affinity=0 time_us=9375009[0m
[0;32mI (11123) face_detect_wrapper: [CORE-PROOF] DETECT_END cpu=0 duration_us=20882[0m
[0;32mI (11123) app_main: Detection ran, face_count=0[0m
[0;32mI (11588) face_detect_wrapper: [CORE-PROOF] stage=DETECT_BEGIN cpu=0 task=video stream ta affinity=0 time_us=9860895[0m
[0;32mI (11609) face_detect_wrapper: [CORE-PROOF] DETECT_END cpu=0 duration_us=21048[0m
[0;32mI (11609) app_main: Detection ran, face_count=0[0m
[0;32mI (12074) face_detect_wrapper: [CORE-PROOF] stage=DETECT_BEGIN cpu=0 task=video stream ta affinity=0 time_us=10347118[0m
[0;32mI (12096) face_detect_wrapper: [CORE-PROOF] DETECT_END cpu=0 duration_us=21230[0m
[0;32mI (12096) app_main: Detection ran, face_count=0[0m
[0;32mI (12561) face_detect_wrapper: [CORE-PROOF] stage=DETECT_BEGIN cpu=0 task=video stream ta affinity=0 time_us=10833277[0m
[0;32mI (12582) face_detect_wrapper: [CORE-PROOF] DETECT_END cpu=0 duration_us=21018[0m
[0;32mI (12582) app_main: Detection ran, face_count=0[0m
[0;32mI (13046) face_detect_wrapper: [CORE-PROOF] stage=DETECT_BEGIN cpu=0 task=video stream ta affinity=0 time_us=11319174[0m
[0;32mI (13067) face_detect_wrapper: [CORE-PROOF] DETECT_END cpu=0 duration_us=20932[0m
[0;32mI (13068) app_main: Detection ran, face_count=0[0m
[0;32mI (13533) app_main: [CORE-PROOF] MAIN_SW frame=100 cpu=0 task=video stream ta affinity=0[0m
[0;32mI (13533) face_detect_wrapper: [CORE-PROOF] stage=DETECT_BEGIN cpu=0 task=video stream ta affinity=0 time_us=11805986[0m
[0;32mI (13561) face_detect_wrapper: [CORE-PROOF] DETECT_END cpu=0 duration_us=20606[0m
[0;32mI (13561) app_main: Detection ran, face_count=0[0m
[0;32mI (14019) face_detect_wrapper: [CORE-PROOF] stage=DETECT_BEGIN cpu=0 task=video stream ta affinity=0 time_us=12291415[0m
[0;32mI (14040) face_detect_wrapper: [CORE-PROOF] DETECT_END cpu=0 duration_us=21070[0m
[0;32mI (14040) app_main: Detection ran, face_count=0[0m
[0;32mI (14505) face_detect_wrapper: [CORE-PROOF] stage=DETECT_BEGIN cpu=0 task=video stream ta affinity=0 time_us=12777720[0m
[0;32mI (14526) face_detect_wrapper: [CORE-PROOF] DETECT_END cpu=0 duration_us=21250[0m
[0;32mI (14526) app_main: Detection ran, face_count=0[0m
[0;32mI (14991) face_detect_wrapper: [CORE-PROOF] stage=DETECT_BEGIN cpu=0 task=video stream ta affinity=0 time_us=13264100[0m
[0;32mI (15012) face_detect_wrapper: [CORE-PROOF] DETECT_END cpu=0 duration_us=20864[0m
[0;32mI (15012) app_main: Detection ran, face_count=0[0m
[0;32mI (15477) face_detect_wrapper: [CORE-PROOF] stage=DETECT_BEGIN cpu=0 task=video stream ta affinity=0 time_us=13749961[0m
[0;32mI (15504) face_detect_wrapper: [CORE-PROOF] DETECT_END cpu=0 duration_us=26477[0m
[0;32mI (15504) app_main: Detection ran, face_count=1[0m
[0;32mI (15504) app_main: Face 0 score=0.87 box=[335,108,1025,959][0m
[0;32mI (15509) face_recognition_wrapper: [CORE-PROOF] stage=RECOGNITION_BEGIN cpu=0 task=video stream ta affinity=0 time_us=13782138[0m
[0;32mI (15651) face_recognition_wrapper: [CORE-PROOF] RECOGNITION_END cpu=0 duration_us=130461[0m
[0;32mI (15651) face_recognition_wrapper: Recognized id=2 as person_1 similarity=0.636 threshold=0.55[0m
[0;32mI (15656) app_main: Recognition result: name=person_1 score=0.636[0m
[0;32mI (16126) face_detect_wrapper: [CORE-PROOF] stage=DETECT_BEGIN cpu=0 task=video stream ta affinity=0 time_us=14398730[0m
[0;32mI (16148) face_detect_wrapper: [CORE-PROOF] DETECT_END cpu=0 duration_us=21416[0m
[0;32mI (16148) app_main: Detection ran, face_count=0[0m
[0;32mI (16612) face_detect_wrapper: [CORE-PROOF] stage=DETECT_BEGIN cpu=0 task=video stream ta affinity=0 time_us=14884611[0m
[0;32mI (16638) face_detect_wrapper: [CORE-PROOF] DETECT_END cpu=0 duration_us=26382[0m
[0;32mI (16639) app_main: Detection ran, face_count=1[0m
[0;32mI (16639) app_main: Face 0 score=0.73 box=[262,159,850,959][0m
[0;32mI (17121) face_detect_wrapper: [CORE-PROOF] stage=DETECT_BEGIN cpu=0 task=video stream ta affinity=0 time_us=15393975[0m
[0;32mI (17143) face_detect_wrapper: [CORE-PROOF] DETECT_END cpu=0 duration_us=21354[0m
[0;32mI (17143) app_main: Detection ran, face_count=0[0m
[0;32mI (17607) face_detect_wrapper: [CORE-PROOF] stage=DETECT_BEGIN cpu=0 task=video stream ta affinity=0 time_us=15880030[0m
[0;32mI (17629) face_detect_wrapper: [CORE-PROOF] DETECT_END cpu=0 duration_us=21167[0m
[0;32mI (17629) app_main: Detection ran, face_count=0[0m
[0;32mI (18094) face_detect_wrapper: [CORE-PROOF] stage=DETECT_BEGIN cpu=0 task=video stream ta affinity=0 time_us=16366302[0m
[0;32mI (18120) face_detect_wrapper: [CORE-PROOF] DETECT_END cpu=0 duration_us=26522[0m
[0;32mI (18120) app_main: Detection ran, face_count=1[0m
[0;32mI (18120) app_main: Face 0 score=0.65 box=[419,140,974,934][0m
[0;32mI (18603) face_detect_wrapper: [CORE-PROOF] stage=DETECT_BEGIN cpu=0 task=video stream ta affinity=0 time_us=16876060[0m
[0;32mI (18625) face_detect_wrapper: [CORE-PROOF] DETECT_END cpu=0 duration_us=21123[0m
[0;32mI (18625) app_main: Detection ran, face_count=0[0m
[0;32mI (19089) face_detect_wrapper: [CORE-PROOF] stage=DETECT_BEGIN cpu=0 task=video stream ta affinity=0 time_us=17361578[0m
[0;32mI (19110) face_detect_wrapper: [CORE-PROOF] DETECT_END cpu=0 duration_us=21179[0m
[0;32mI (19110) app_main: Detection ran, face_count=0[0m
[0;32mI (19575) face_detect_wrapper: [CORE-PROOF] stage=DETECT_BEGIN cpu=0 task=video stream ta affinity=0 time_us=17847891[0m
[0;32mI (19596) face_detect_wrapper: [CORE-PROOF] DETECT_END cpu=0 duration_us=21093[0m
[0;32mI (19597) app_main: Detection ran, face_count=0[0m
[0;32mI (20061) face_detect_wrapper: [CORE-PROOF] stage=DETECT_BEGIN cpu=0 task=video stream ta affinity=0 time_us=18333636[0m
[0;32mI (20082) face_detect_wrapper: [CORE-PROOF] DETECT_END cpu=0 duration_us=21193[0m
[0;32mI (20082) app_main: Detection ran, face_count=0[0m
[0;32mI (20547) face_detect_wrapper: [CORE-PROOF] stage=DETECT_BEGIN cpu=0 task=video stream ta affinity=0 time_us=18819710[0m
[0;32mI (20568) face_detect_wrapper: [CORE-PROOF] DETECT_END cpu=0 duration_us=21015[0m
[0;32mI (20568) app_main: Detection ran, face_count=0[0m
[0;32mI (21033) face_detect_wrapper: [CORE-PROOF] stage=DETECT_BEGIN cpu=0 task=video stream ta affinity=0 time_us=19306120[0m
[0;32mI (21055) face_detect_wrapper: [CORE-PROOF] DETECT_END cpu=0 duration_us=21046[0m
[0;32mI (21055) app_main: Detection ran, face_count=0[0m
[0;32mI (21519) face_detect_wrapper: [CORE-PROOF] stage=DETECT_BEGIN cpu=0 task=video stream ta affinity=0 time_us=19791902[0m
[0;32mI (21540) face_detect_wrapper: [CORE-PROOF] DETECT_END cpu=0 duration_us=21082[0m
[0;32mI (21540) app_main: Detection ran, face_count=0[0m
[0;32mI (22005) face_detect_wrapper: [CORE-PROOF] stage=DETECT_BEGIN cpu=0 task=video stream ta affinity=0 time_us=20277968[0m
[0;32mI (22026) face_detect_wrapper: [CORE-PROOF] DETECT_END cpu=0 duration_us=20982[0m
[0;32mI (22026) app_main: Detection ran, face_count=0[0m
[0;32mI (22492) face_detect_wrapper: [CORE-PROOF] stage=DETECT_BEGIN cpu=0 task=video stream ta affinity=0 time_us=20764671[0m
[0;32mI (22513) face_detect_wrapper: [CORE-PROOF] DETECT_END cpu=0 duration_us=20807[0m
[0;32mI (22513) app_main: Detection ran, face_count=0[0m
[0;32mI (22978) face_detect_wrapper: [CORE-PROOF] stage=DETECT_BEGIN cpu=0 task=video stream ta affinity=0 time_us=21250340[0m
[0;32mI (22999) face_detect_wrapper: [CORE-PROOF] DETECT_END cpu=0 duration_us=20902[0m
[0;32mI (22999) app_main: Detection ran, face_count=0[0m
[0;32mI (23464) app_main: [CORE-PROOF] MAIN_SW frame=200 cpu=0 task=video stream ta affinity=0[0m
[0;32mI (23464) face_detect_wrapper: [CORE-PROOF] stage=DETECT_BEGIN cpu=0 task=video stream ta affinity=0 time_us=21737057[0m
[0;32mI (23492) face_detect_wrapper: [CORE-PROOF] DETECT_END cpu=0 duration_us=20821[0m
[0;32mI (23492) app_main: Detection ran, face_count=0[0m
[0;32mI (23950) face_detect_wrapper: [CORE-PROOF] stage=DETECT_BEGIN cpu=0 task=video stream ta affinity=0 time_us=22222547[0m
[0;32mI (23972) face_detect_wrapper: [CORE-PROOF] DETECT_END cpu=0 duration_us=21725[0m
[0;32mI (23972) app_main: Detection ran, face_count=0[0m
[0;32mI (24436) face_detect_wrapper: [CORE-PROOF] stage=DETECT_BEGIN cpu=0 task=video stream ta affinity=0 time_us=22708765[0m
[0;32mI (24457) face_detect_wrapper: [CORE-PROOF] DETECT_END cpu=0 duration_us=21219[0m
[0;32mI (24457) app_main: Detection ran, face_count=0[0m
[0;32mI (24922) face_detect_wrapper: [CORE-PROOF] stage=DETECT_BEGIN cpu=0 task=video stream ta affinity=0 time_us=23195227[0m
[0;32mI (24943) face_detect_wrapper: [CORE-PROOF] DETECT_END cpu=0 duration_us=20815[0m
[0;32mI (24944) app_main: Detection ran, face_count=0[0m
[0;32mI (25408) face_detect_wrapper: [CORE-PROOF] stage=DETECT_BEGIN cpu=0 task=video stream ta affinity=0 time_us=23681035[0m
[0;32mI (25429) face_detect_wrapper: [CORE-PROOF] DETECT_END cpu=0 duration_us=20998[0m
[0;32mI (25430) app_main: Detection ran, face_count=0[0m
[0;32mI (25894) face_detect_wrapper: [CORE-PROOF] stage=DETECT_BEGIN cpu=0 task=video stream ta affinity=0 time_us=24167079[0m
[0;32mI (25916) face_detect_wrapper: [CORE-PROOF] DETECT_END cpu=0 duration_us=21214[0m
[0;32mI (25916) app_main: Detection ran, face_count=0[0m
[0;32mI (26381) face_detect_wrapper: [CORE-PROOF] stage=DETECT_BEGIN cpu=0 task=video stream ta affinity=0 time_us=24653791[0m
[0;32mI (26402) face_detect_wrapper: [CORE-PROOF] DETECT_END cpu=0 duration_us=20816[0m
[0;32mI (26402) app_main: Detection ran, face_count=0[0m
[0;32mI (26867) face_detect_wrapper: [CORE-PROOF] stage=DETECT_BEGIN cpu=0 task=video stream ta affinity=0 time_us=25139397[0m
[0;32mI (26888) face_detect_wrapper: [CORE-PROOF] DETECT_END cpu=0 duration_us=21167[0m
[0;32mI (26888) app_main: Detection ran, face_count=0[0m
[0;32mI (27353) face_detect_wrapper: [CORE-PROOF] stage=DETECT_BEGIN cpu=0 task=video stream ta affinity=0 time_us=25625997[0m
[0;32mI (27374) face_detect_wrapper: [CORE-PROOF] DETECT_END cpu=0 duration_us=21033[0m
[0;32mI (27375) app_main: Detection ran, face_count=0[0m
[0;32mI (27839) face_detect_wrapper: [CORE-PROOF] stage=DETECT_BEGIN cpu=0 task=video stream ta affinity=0 time_us=26111579[0m
[0;32mI (27861) face_detect_wrapper: [CORE-PROOF] DETECT_END cpu=0 duration_us=21795[0m
[0;32mI (27861) app_main: Detection ran, face_count=0[0m
[0;32mI (28325) face_detect_wrapper: [CORE-PROOF] stage=DETECT_BEGIN cpu=0 task=video stream ta affinity=0 time_us=26597901[0m
[0;32mI (28346) face_detect_wrapper: [CORE-PROOF] DETECT_END cpu=0 duration_us=21249[0m
[0;32mI (28347) app_main: Detection ran, face_count=0[0m
[0;32mI (28812) face_detect_wrapper: [CORE-PROOF] stage=DETECT_BEGIN cpu=0 task=video stream ta affinity=0 time_us=27084333[0m
[0;32mI (28832) face_detect_wrapper: [CORE-PROOF] DETECT_END cpu=0 duration_us=20778[0m
[0;32mI (28833) app_main: Detection ran, face_count=0[0m
[0;32mI (29297) face_detect_wrapper: [CORE-PROOF] stage=DETECT_BEGIN cpu=0 task=video stream ta affinity=0 time_us=27570167[0m
[0;32mI (29319) face_detect_wrapper: [CORE-PROOF] DETECT_END cpu=0 duration_us=21289[0m
[0;32mI (29319) app_main: Detection ran, face_count=0[0m
[0;32mI (29783) face_detect_wrapper: [CORE-PROOF] stage=DETECT_BEGIN cpu=0 task=video stream ta affinity=0 time_us=28056206[0m
[0;32mI (29805) face_detect_wrapper: [CORE-PROOF] DETECT_END cpu=0 duration_us=21131[0m
[0;32mI (29805) app_main: Detection ran, face_count=0[0m
[0;32mI (30270) face_detect_wrapper: [CORE-PROOF] stage=DETECT_BEGIN cpu=0 task=video stream ta affinity=0 time_us=28542821[0m
[0;32mI (30291) face_detect_wrapper: [CORE-PROOF] DETECT_END cpu=0 duration_us=20831[0m
[0;32mI (30291) app_main: Detection ran, face_count=0[0m
[0;32mI (30756) face_detect_wrapper: [CORE-PROOF] stage=DETECT_BEGIN cpu=0 task=video stream ta affinity=0 time_us=29028480[0m
[0;32mI (30782) face_detect_wrapper: [CORE-PROOF] DETECT_END cpu=0 duration_us=26314[0m
[0;32mI (30782) app_main: Detection ran, face_count=1[0m
[0;32mI (30782) app_main: Face 0 score=1.00 box=[102,0,762,902][0m
[0;32mI (30787) face_recognition_wrapper: [CORE-PROOF] stage=RECOGNITION_BEGIN cpu=0 task=video stream ta affinity=0 time_us=29060222[0m
[0;32mI (30930) face_recognition_wrapper: [CORE-PROOF] RECOGNITION_END cpu=0 duration_us=131191[0m
[0;32mI (30930) face_recognition_wrapper: Recognition result: unknown, no database match[0m
[0;32mI (30934) app_main: Recognition result: name=unknown score=0.000[0m
[0;32mI (31405) face_detect_wrapper: [CORE-PROOF] stage=DETECT_BEGIN cpu=0 task=video stream ta affinity=0 time_us=29677452[0m
[0;32mI (31426) face_detect_wrapper: [CORE-PROOF] DETECT_END cpu=0 duration_us=20964[0m
[0;32mI (31426) app_main: Detection ran, face_count=0[0m
[0;32mI (31890) face_detect_wrapper: [CORE-PROOF] stage=DETECT_BEGIN cpu=0 task=video stream ta affinity=0 time_us=30163092[0m
[0;32mI (31917) face_detect_wrapper: [CORE-PROOF] DETECT_END cpu=0 duration_us=26321[0m
[0;32mI (31917) app_main: Detection ran, face_count=1[0m
[0;32mI (31917) app_main: Face 0 score=0.99 box=[98,34,715,937][0m
[0;32mI (31922) face_recognition_wrapper: [CORE-PROOF] stage=RECOGNITION_BEGIN cpu=0 task=video stream ta affinity=0 time_us=30194887[0m
[0;32mI (32064) face_recognition_wrapper: [CORE-PROOF] RECOGNITION_END cpu=0 duration_us=130923[0m
[0;32mI (32064) face_recognition_wrapper: Recognized id=1 as person_1 similarity=0.570 threshold=0.55[0m
[0;32mI (32069) app_main: Recognition result: name=person_1 score=0.570[0m
[0;32mI (32539) face_detect_wrapper: [CORE-PROOF] stage=DETECT_BEGIN cpu=0 task=video stream ta affinity=0 time_us=30811720[0m
[0;32mI (32560) face_detect_wrapper: [CORE-PROOF] DETECT_END cpu=0 duration_us=21209[0m
[0;32mI (32560) app_main: Detection ran, face_count=0[0m
[0;32mI (33025) face_detect_wrapper: [CORE-PROOF] stage=DETECT_BEGIN cpu=0 task=video stream ta affinity=0 time_us=31297575[0m
[0;32mI (33051) face_detect_wrapper: [CORE-PROOF] DETECT_END cpu=0 duration_us=26338[0m
[0;32mI (33051) app_main: Detection ran, face_count=1[0m
[0;32mI (33052) app_main: Face 0 score=0.98 box=[151,93,750,959][0m
[0;32mI (33057) face_recognition_wrapper: [CORE-PROOF] stage=RECOGNITION_BEGIN cpu=0 task=video stream ta affinity=0 time_us=31329470[0m
[0;32mI (33198) face_recognition_wrapper: [CORE-PROOF] RECOGNITION_END cpu=0 duration_us=129828[0m
[0;32mI (33198) face_recognition_wrapper: Recognition result: unknown, no database match[0m
[0;32mI (33202) app_main: Recognition result: name=unknown score=0.000[0m
[0;32mI (33673) app_main: [CORE-PROOF] MAIN_SW frame=300 cpu=0 task=video stream ta affinity=0[0m
[0;32mI (33673) face_detect_wrapper: [CORE-PROOF] stage=DETECT_BEGIN cpu=0 task=video stream ta affinity=0 time_us=31946079[0m
[0;32mI (33707) face_detect_wrapper: [CORE-PROOF] DETECT_END cpu=0 duration_us=26775[0m
[0;32mI (33707) app_main: Detection ran, face_count=1[0m
[0;32mI (33707) app_main: Face 0 score=0.99 box=[106,57,726,959][0m
[0;32mI (33712) face_recognition_wrapper: [CORE-PROOF] stage=RECOGNITION_BEGIN cpu=0 task=video stream ta affinity=0 time_us=31985184[0m
[0;32mI (33855) face_recognition_wrapper: [CORE-PROOF] RECOGNITION_END cpu=0 duration_us=130925[0m
[0;32mI (33855) face_recognition_wrapper: Face rejected: id=1 similarity=0.541 threshold=0.55[0m
[0;32mI (33859) app_main: Recognition result: name=unknown score=0.541[0m
[0;32mI (34345) face_detect_wrapper: [CORE-PROOF] stage=DETECT_BEGIN cpu=0 task=video stream ta affinity=0 time_us=32617324[0m
[0;32mI (34371) face_detect_wrapper: [CORE-PROOF] DETECT_END cpu=0 duration_us=26163[0m
[0;32mI (34371) app_main: Detection ran, face_count=1[0m
[0;32mI (34371) app_main: Face 0 score=0.99 box=[126,37,724,940][0m
[0;32mI (34376) face_recognition_wrapper: [CORE-PROOF] stage=RECOGNITION_BEGIN cpu=0 task=video stream ta affinity=0 time_us=32649056[0m
[0;32mI (34519) face_recognition_wrapper: [CORE-PROOF] RECOGNITION_END cpu=0 duration_us=131281[0m
[0;32mI (34519) face_recognition_wrapper: Recognized id=1 as person_1 similarity=0.553 threshold=0.55[0m
[0;32mI (34524) app_main: Recognition result: name=person_1 score=0.553[0m
[0;32mI (34993) face_detect_wrapper: [CORE-PROOF] stage=DETECT_BEGIN cpu=0 task=video stream ta affinity=0 time_us=33265273[0m
[0;32mI (35019) face_detect_wrapper: [CORE-PROOF] DETECT_END cpu=0 duration_us=26537[0m
[0;32mI (35019) app_main: Detection ran, face_count=1[0m
[0;32mI (35019) app_main: Face 0 score=0.99 box=[127,33,735,936][0m
[0;32mI (35025) face_recognition_wrapper: [CORE-PROOF] stage=RECOGNITION_BEGIN cpu=0 task=video stream ta affinity=0 time_us=33297374[0m
[0;32mI (35166) face_recognition_wrapper: [CORE-PROOF] RECOGNITION_END cpu=0 duration_us=130302[0m
[0;32mI (35166) face_recognition_wrapper: Face rejected: id=1 similarity=0.540 threshold=0.55[0m
[0;32mI (35171) app_main: Recognition result: name=unknown score=0.540[0m
[0;32mI (35641) face_detect_wrapper: [CORE-PROOF] stage=DETECT_BEGIN cpu=0 task=video stream ta affinity=0 time_us=33913811[0m
[0;32mI (35668) face_detect_wrapper: [CORE-PROOF] DETECT_END cpu=0 duration_us=27276[0m
[0;32mI (35669) app_main: Detection ran, face_count=1[0m
[0;32mI (35669) app_main: Face 0 score=1.00 box=[115,77,695,920][0m
[0;32mI (35674) face_recognition_wrapper: [CORE-PROOF] stage=RECOGNITION_BEGIN cpu=0 task=video stream ta affinity=0 time_us=33946707[0m
[0;32mI (35815) face_recognition_wrapper: [CORE-PROOF] RECOGNITION_END cpu=0 duration_us=130033[0m
[0;32mI (35815) face_recognition_wrapper: Recognized id=2 as person_1 similarity=0.607 threshold=0.55[0m
[0;32mI (35820) app_main: Recognition result: name=person_1 score=0.607[0m
[0;32mI (36289) face_detect_wrapper: [CORE-PROOF] stage=DETECT_BEGIN cpu=0 task=video stream ta affinity=0 time_us=34561855[0m
[0;32mI (36316) face_detect_wrapper: [CORE-PROOF] DETECT_END cpu=0 duration_us=26435[0m
[0;32mI (36316) app_main: Detection ran, face_count=1[0m
[0;32mI (36316) app_main: Face 0 score=0.91 box=[173,74,750,887][0m
[0;32mI (36321) face_recognition_wrapper: [CORE-PROOF] stage=RECOGNITION_BEGIN cpu=0 task=video stream ta affinity=0 time_us=34593863[0m
[0;32mI (36462) face_recognition_wrapper: [CORE-PROOF] RECOGNITION_END cpu=0 duration_us=129566[0m
[0;32mI (36462) face_recognition_wrapper: Recognized id=1 as person_1 similarity=0.623 threshold=0.55[0m
[0;32mI (36467) app_main: Recognition result: name=person_1 score=0.623[0m
[0;32mI (36937) face_detect_wrapper: [CORE-PROOF] stage=DETECT_BEGIN cpu=0 task=video stream ta affinity=0 time_us=35210035[0m
[0;32mI (36964) face_detect_wrapper: [CORE-PROOF] DETECT_END cpu=0 duration_us=26465[0m
[0;32mI (36964) app_main: Detection ran, face_count=1[0m
[0;32mI (36964) app_main: Face 0 score=1.00 box=[157,56,736,921][0m
[0;32mI (36969) face_recognition_wrapper: [CORE-PROOF] stage=RECOGNITION_BEGIN cpu=0 task=video stream ta affinity=0 time_us=35242059[0m
[0;32mI (37110) face_recognition_wrapper: [CORE-PROOF] RECOGNITION_END cpu=0 duration_us=129677[0m
[0;32mI (37110) face_recognition_wrapper: Recognized id=1 as person_1 similarity=0.562 threshold=0.55[0m
[0;32mI (37115) app_main: Recognition result: name=person_1 score=0.562[0m
[0;32mI (37585) face_detect_wrapper: [CORE-PROOF] stage=DETECT_BEGIN cpu=0 task=video stream ta affinity=0 time_us=35858011[0m
[0;32mI (37611) face_detect_wrapper: [CORE-PROOF] DETECT_END cpu=0 duration_us=26026[0m
[0;32mI (37612) app_main: Detection ran, face_count=1[0m
[0;32mI (37612) app_main: Face 0 score=0.93 box=[152,44,741,951][0m
[0;32mI (37617) face_recognition_wrapper: [CORE-PROOF] stage=RECOGNITION_BEGIN cpu=0 task=video stream ta affinity=0 time_us=35889610[0m
[0;32mI (37759) face_recognition_wrapper: [CORE-PROOF] RECOGNITION_END cpu=0 duration_us=131081[0m
[0;32mI (37759) face_recognition_wrapper: Recognized id=1 as person_1 similarity=0.592 threshold=0.55[0m
[0;32mI (37764) app_main: Recognition result: name=person_1 score=0.592[0m
[0;32mI (38234) face_detect_wrapper: [CORE-PROOF] stage=DETECT_BEGIN cpu=0 task=video stream ta affinity=0 time_us=36506386[0m
[0;32mI (38260) face_detect_wrapper: [CORE-PROOF] DETECT_END cpu=0 duration_us=26192[0m
[0;32mI (38260) app_main: Detection ran, face_count=1[0m
[0;32mI (38260) app_main: Face 0 score=0.96 box=[154,64,738,937][0m
[0;32mI (38265) face_recognition_wrapper: [CORE-PROOF] stage=RECOGNITION_BEGIN cpu=0 task=video stream ta affinity=0 time_us=36538164[0m
[0;32mI (38407) face_recognition_wrapper: [CORE-PROOF] RECOGNITION_END cpu=0 duration_us=130795[0m
[0;32mI (38408) face_recognition_wrapper: Recognized id=2 as person_1 similarity=0.629 threshold=0.55[0m
[0;32mI (38413) app_main: Recognition result: name=person_1 score=0.629[0m
[0;32mI (38882) face_detect_wrapper: [CORE-PROOF] stage=DETECT_BEGIN cpu=0 task=video stream ta affinity=0 time_us=37154320[0m
[0;32mI (38908) face_detect_wrapper: [CORE-PROOF] DETECT_END cpu=0 duration_us=26499[0m
[0;32mI (38908) app_main: Detection ran, face_count=1[0m
[0;32mI (38908) app_main: Face 0 score=0.98 box=[154,49,779,951][0m
[0;32mI (38914) face_recognition_wrapper: [CORE-PROOF] stage=RECOGNITION_BEGIN cpu=0 task=video stream ta affinity=0 time_us=37186381[0m
[0;32mI (39056) face_recognition_wrapper: [CORE-PROOF] RECOGNITION_END cpu=0 duration_us=131565[0m
[0;32mI (39057) face_recognition_wrapper: Recognized id=1 as person_1 similarity=0.595 threshold=0.55[0m
[0;32mI (39062) app_main: Recognition result: name=person_1 score=0.595[0m
[0;32mI (39530) face_detect_wrapper: [CORE-PROOF] stage=DETECT_BEGIN cpu=0 task=video stream ta affinity=0 time_us=37802800[0m
[0;32mI (39558) face_detect_wrapper: [CORE-PROOF] DETECT_END cpu=0 duration_us=27409[0m
[0;32mI (39558) app_main: Detection ran, face_count=1[0m
[0;32mI (39558) app_main: Face 0 score=0.87 box=[127,33,730,925][0m
[0;32mI (39563) face_recognition_wrapper: [CORE-PROOF] stage=RECOGNITION_BEGIN cpu=0 task=video stream ta affinity=0 time_us=37835783[0m
[0;32mI (39704) face_recognition_wrapper: [CORE-PROOF] RECOGNITION_END cpu=0 duration_us=129744[0m
[0;32mI (39704) face_recognition_wrapper: Recognized id=2 as person_1 similarity=0.553 threshold=0.55[0m
[0;32mI (39709) app_main: Recognition result: name=person_1 score=0.553[0m
[0;32mI (40178) face_detect_wrapper: [CORE-PROOF] stage=DETECT_BEGIN cpu=0 task=video stream ta affinity=0 time_us=38450936[0m
[0;32mI (40205) face_detect_wrapper: [CORE-PROOF] DETECT_END cpu=0 duration_us=26698[0m
[0;32mI (40205) app_main: Detection ran, face_count=1[0m
[0;32mI (40205) app_main: Face 0 score=0.89 box=[115,29,761,959][0m
[0;32mI (40210) face_recognition_wrapper: [CORE-PROOF] stage=RECOGNITION_BEGIN cpu=0 task=video stream ta affinity=0 time_us=38483194[0m
[0;32mI (40351) face_recognition_wrapper: [CORE-PROOF] RECOGNITION_END cpu=0 duration_us=129654[0m
[0;32mI (40351) face_recognition_wrapper: Recognized id=2 as person_1 similarity=0.639 threshold=0.55[0m
[0;32mI (40357) app_main: Recognition result: name=person_1 score=0.639[0m
[0;32mI (40826) face_detect_wrapper: [CORE-PROOF] stage=DETECT_BEGIN cpu=0 task=video stream ta affinity=0 time_us=39098994[0m
[0;32mI (40848) face_detect_wrapper: [CORE-PROOF] DETECT_END cpu=0 duration_us=21358[0m
[0;32mI (40848) app_main: Detection ran, face_count=0[0m
[0;32mI (41312) face_detect_wrapper: [CORE-PROOF] stage=DETECT_BEGIN cpu=0 task=video stream ta affinity=0 time_us=39585016[0m
[0;32mI (41334) face_detect_wrapper: [CORE-PROOF] DETECT_END cpu=0 duration_us=21353[0m
[0;32mI (41334) app_main: Detection ran, face_count=0[0m
[0;32mI (41798) face_detect_wrapper: [CORE-PROOF] stage=DETECT_BEGIN cpu=0 task=video stream ta affinity=0 time_us=40071075[0m
[0;32mI (41820) face_detect_wrapper: [CORE-PROOF] DETECT_END cpu=0 duration_us=21098[0m
[0;32mI (41820) app_main: Detection ran, face_count=0[0m
[0;32mI (42285) face_detect_wrapper: [CORE-PROOF] stage=DETECT_BEGIN cpu=0 task=video stream ta affinity=0 time_us=40557414[0m
[0;32mI (42311) face_detect_wrapper: [CORE-PROOF] DETECT_END cpu=0 duration_us=26091[0m
[0;32mI (42311) app_main: Detection ran, face_count=1[0m
[0;32mI (42311) app_main: Face 0 score=0.99 box=[160,115,758,948][0m
[0;32mI (42316) face_recognition_wrapper: [CORE-PROOF] stage=RECOGNITION_BEGIN cpu=0 task=video stream ta affinity=0 time_us=40589091[0m
[0;32mI (42457) face_recognition_wrapper: [CORE-PROOF] RECOGNITION_END cpu=0 duration_us=129653[0m
[0;32mI (42457) face_recognition_wrapper: Recognized id=1 as person_1 similarity=0.564 threshold=0.55[0m
[0;32mI (42462) app_main: Recognition result: name=person_1 score=0.564[0m
[0;32mI (42933) face_detect_wrapper: [CORE-PROOF] stage=DETECT_BEGIN cpu=0 task=video stream ta affinity=0 time_us=41205278[0m
[0;32mI (42954) face_detect_wrapper: [CORE-PROOF] DETECT_END cpu=0 duration_us=21467[0m
[0;32mI (42954) app_main: Detection ran, face_count=0[0m
[0;32mI (43419) face_detect_wrapper: [CORE-PROOF] stage=DETECT_BEGIN cpu=0 task=video stream ta affinity=0 time_us=41692085[0m
[0;32mI (43440) face_detect_wrapper: [CORE-PROOF] DETECT_END cpu=0 duration_us=20850[0m
[0;32mI (43440) app_main: Detection ran, face_count=0[0m
[0;32mI (43905) face_detect_wrapper: [CORE-PROOF] stage=DETECT_BEGIN cpu=0 task=video stream ta affinity=0 time_us=42177597[0m
[0;32mI (43931) face_detect_wrapper: [CORE-PROOF] DETECT_END cpu=0 duration_us=26448[0m
[0;32mI (43932) app_main: Detection ran, face_count=1[0m
[0;32mI (43932) app_main: Face 0 score=0.82 box=[218,97,794,959][0m
[0;32mI (44415) face_detect_wrapper: [CORE-PROOF] stage=DETECT_BEGIN cpu=0 task=video stream ta affinity=0 time_us=42687284[0m
[0;32mI (44441) face_detect_wrapper: [CORE-PROOF] DETECT_END cpu=0 duration_us=26457[0m
[0;32mI (44441) app_main: Detection ran, face_count=1[0m
[0;32mI (44441) app_main: Face 0 score=0.96 box=[194,123,767,952][0m
[0;32mI (44447) face_recognition_wrapper: [CORE-PROOF] stage=RECOGNITION_BEGIN cpu=0 task=video stream ta affinity=0 time_us=42719358[0m
[0;32mI (44588) face_recognition_wrapper: [CORE-PROOF] RECOGNITION_END cpu=0 duration_us=129804[0m
[0;32mI (44588) face_recognition_wrapper: Recognized id=2 as person_1 similarity=0.620 threshold=0.55[0m
[0;32mI (44593) app_main: Recognition result: name=person_1 score=0.620[0m
[0;32mI (45063) face_detect_wrapper: [CORE-PROOF] stage=DETECT_BEGIN cpu=0 task=video stream ta affinity=0 time_us=43335514[0m
[0;32mI (45089) face_detect_wrapper: [CORE-PROOF] DETECT_END cpu=0 duration_us=26399[0m
[0;32mI (45089) app_main: Detection ran, face_count=1[0m
[0;32mI (45090) app_main: Face 0 score=0.84 box=[146,108,775,959][0m
[0;32mI (45572) app_main: [CORE-PROOF] MAIN_SW frame=400 cpu=0 task=video stream ta affinity=0[0m
[0;32mI (45572) face_detect_wrapper: [CORE-PROOF] stage=DETECT_BEGIN cpu=0 task=video stream ta affinity=0 time_us=43845129[0m
[0;32mI (45606) face_detect_wrapper: [CORE-PROOF] DETECT_END cpu=0 duration_us=26402[0m
[0;32mI (45606) app_main: Detection ran, face_count=1[0m
[0;32mI (45606) app_main: Face 0 score=0.90 box=[170,104,770,948][0m
[0;32mI (45611) face_recognition_wrapper: [CORE-PROOF] stage=RECOGNITION_BEGIN cpu=0 task=video stream ta affinity=0 time_us=43884097[0m
[0;32mI (45753) face_recognition_wrapper: [CORE-PROOF] RECOGNITION_END cpu=0 duration_us=130013[0m
[0;32mI (45753) face_recognition_wrapper: Face rejected: id=1 similarity=0.513 threshold=0.55[0m
[0;32mI (45757) app_main: Recognition result: name=unknown score=0.513[0m
[0;32mI (46220) face_detect_wrapper: [CORE-PROOF] stage=DETECT_BEGIN cpu=0 task=video stream ta affinity=0 time_us=44492772[0m
[0;32mI (46247) face_detect_wrapper: [CORE-PROOF] DETECT_END cpu=0 duration_us=26678[0m
[0;32mI (46247) app_main: Detection ran, face_count=1[0m
[0;32mI (46247) app_main: Face 0 score=0.98 box=[138,105,723,934][0m
[0;32mI (46252) face_recognition_wrapper: [CORE-PROOF] stage=RECOGNITION_BEGIN cpu=0 task=video stream ta affinity=0 time_us=44525061[0m
[0;32mI (46393) face_recognition_wrapper: [CORE-PROOF] RECOGNITION_END cpu=0 duration_us=129932[0m
[0;32mI (46394) face_recognition_wrapper: Recognized id=1 as person_1 similarity=0.601 threshold=0.55[0m
[0;32mI (46399) app_main: Recognition result: name=person_1 score=0.601[0m
[0;32mI (46869) face_detect_wrapper: [CORE-PROOF] stage=DETECT_BEGIN cpu=0 task=video stream ta affinity=0 time_us=45141287[0m
[0;32mI (46895) face_detect_wrapper: [CORE-PROOF] DETECT_END cpu=0 duration_us=26383[0m
[0;32mI (46895) app_main: Detection ran, face_count=1[0m
[0;32mI (46895) app_main: Face 0 score=0.96 box=[154,122,723,927][0m
[0;32mI (46901) face_recognition_wrapper: [CORE-PROOF] stage=RECOGNITION_BEGIN cpu=0 task=video stream ta affinity=0 time_us=45173325[0m
[0;32mI (47042) face_recognition_wrapper: [CORE-PROOF] RECOGNITION_END cpu=0 duration_us=129979[0m
[0;32mI (47042) face_recognition_wrapper: Recognized id=1 as person_1 similarity=0.583 threshold=0.55[0m
[0;32mI (47047) app_main: Recognition result: name=person_1 score=0.583[0m
[0;32mI (47516) face_detect_wrapper: [CORE-PROOF] stage=DETECT_BEGIN cpu=0 task=video stream ta affinity=0 time_us=45788943[0m
[0;32mI (47543) face_detect_wrapper: [CORE-PROOF] DETECT_END cpu=0 duration_us=26570[0m
[0;32mI (47543) app_main: Detection ran, face_count=1[0m
[0;32mI (47543) app_main: Face 0 score=0.98 box=[164,102,770,948][0m
[0;32mI (47548) face_recognition_wrapper: [CORE-PROOF] stage=RECOGNITION_BEGIN cpu=0 task=video stream ta affinity=0 time_us=45821216[0m
[0;32mI (47691) face_recognition_wrapper: [CORE-PROOF] RECOGNITION_END cpu=0 duration_us=131143[0m
[0;32mI (47691) face_recognition_wrapper: Recognized id=2 as person_1 similarity=0.625 threshold=0.55[0m
[0;32mI (47696) app_main: Recognition result: name=person_1 score=0.625[0m
[0;32mI (48165) face_detect_wrapper: [CORE-PROOF] stage=DETECT_BEGIN cpu=0 task=video stream ta affinity=0 time_us=46437612[0m
[0;32mI (48192) face_detect_wrapper: [CORE-PROOF] DETECT_END cpu=0 duration_us=26641[0m
[0;32mI (48192) app_main: Detection ran, face_count=1[0m
[0;32mI (48192) app_main: Face 0 score=0.82 box=[162,111,736,937][0m
[0;32mI (48674) face_detect_wrapper: [CORE-PROOF] stage=DETECT_BEGIN cpu=0 task=video stream ta affinity=0 time_us=46946583[0m
[0;32mI (48701) face_detect_wrapper: [CORE-PROOF] DETECT_END cpu=0 duration_us=26608[0m
[0;32mI (48701) app_main: Detection ran, face_count=1[0m
[0;32mI (48701) app_main: Face 0 score=0.97 box=[155,89,743,929][0m
[0;32mI (48706) face_recognition_wrapper: [CORE-PROOF] stage=RECOGNITION_BEGIN cpu=0 task=video stream ta affinity=0 time_us=46978758[0m
[0;32mI (48847) face_recognition_wrapper: [CORE-PROOF] RECOGNITION_END cpu=0 duration_us=130318[0m
[0;32mI (48848) face_recognition_wrapper: Recognized id=1 as person_1 similarity=0.667 threshold=0.55[0m
[0;32mI (48853) app_main: Recognition result: name=person_1 score=0.667[0m
[0;32mI (49322) face_detect_wrapper: [CORE-PROOF] stage=DETECT_BEGIN cpu=0 task=video stream ta affinity=0 time_us=47594748[0m
[0;32mI (49349) face_detect_wrapper: [CORE-PROOF] DETECT_END cpu=0 duration_us=26571[0m
[0;32mI (49349) app_main: Detection ran, face_count=1[0m
[0;32mI (49349) app_main: Face 0 score=0.95 box=[163,72,742,905][0m
[0;32mI (49354) face_recognition_wrapper: [CORE-PROOF] stage=RECOGNITION_BEGIN cpu=0 task=video stream ta affinity=0 time_us=47626925[0m
[0;32mI (49496) face_recognition_wrapper: [CORE-PROOF] RECOGNITION_END cpu=0 duration_us=131051[0m
[0;32mI (49497) face_recognition_wrapper: Recognized id=1 as person_1 similarity=0.583 threshold=0.55[0m
[0;32mI (49502) app_main: Recognition result: name=person_1 score=0.583[0m
[0;32mI (49970) face_detect_wrapper: [CORE-PROOF] stage=DETECT_BEGIN cpu=0 task=video stream ta affinity=0 time_us=48243049[0m
[0;32mI (49997) face_detect_wrapper: [CORE-PROOF] DETECT_END cpu=0 duration_us=26633[0m
[0;32mI (49997) app_main: Detection ran, face_count=1[0m
[0;32mI (49997) app_main: Face 0 score=0.92 box=[163,59,746,899][0m
[0;32mI (50002) face_recognition_wrapper: [CORE-PROOF] stage=RECOGNITION_BEGIN cpu=0 task=video stream ta affinity=0 time_us=48275227[0m
[0;32mI (50144) face_recognition_wrapper: [CORE-PROOF] RECOGNITION_END cpu=0 duration_us=130792[0m
[0;32mI (50145) face_recognition_wrapper: Recognized id=2 as person_1 similarity=0.597 threshold=0.55[0m
[0;32mI (50150) app_main: Recognition result: name=person_1 score=0.597[0m
[0;32mI (50618) face_detect_wrapper: [CORE-PROOF] stage=DETECT_BEGIN cpu=0 task=video stream ta affinity=0 time_us=48891007[0m
[0;32mI (50646) face_detect_wrapper: [CORE-PROOF] DETECT_END cpu=0 duration_us=27281[0m
[0;32mI (50646) app_main: Detection ran, face_count=1[0m
[0;32mI (50646) app_main: Face 0 score=0.97 box=[163,100,741,947][0m
[0;32mI (50651) face_recognition_wrapper: [CORE-PROOF] stage=RECOGNITION_BEGIN cpu=0 task=video stream ta affinity=0 time_us=48923960[0m
[0;32mI (50792) face_recognition_wrapper: [CORE-PROOF] RECOGNITION_END cpu=0 duration_us=129913[0m
[0;32mI (50792) face_recognition_wrapper: Recognized id=1 as person_1 similarity=0.628 threshold=0.55[0m
[0;32mI (50798) app_main: Recognition result: name=person_1 score=0.628[0m
[0;32mI (51267) face_detect_wrapper: [CORE-PROOF] stage=DETECT_BEGIN cpu=0 task=video stream ta affinity=0 time_us=49539764[0m
[0;32mI (51293) face_detect_wrapper: [CORE-PROOF] DETECT_END cpu=0 duration_us=26200[0m
[0;32mI (51294) app_main: Detection ran, face_count=1[0m
[0;32mI (51294) app_main: Face 0 score=0.97 box=[148,137,713,934][0m
[0;32mI (51299) face_recognition_wrapper: [CORE-PROOF] stage=RECOGNITION_BEGIN cpu=0 task=video stream ta affinity=0 time_us=49571611[0m
[0;32mI (51440) face_recognition_wrapper: [CORE-PROOF] RECOGNITION_END cpu=0 duration_us=129849[0m
[0;32mI (51440) face_recognition_wrapper: Recognized id=2 as person_1 similarity=0.587 threshold=0.55[0m
[0;32mI (51445) app_main: Recognition result: name=person_1 score=0.587[0m
[0;32mI (51915) face_detect_wrapper: [CORE-PROOF] stage=DETECT_BEGIN cpu=0 task=video stream ta affinity=0 time_us=50187760[0m
[0;32mI (51942) face_detect_wrapper: [CORE-PROOF] DETECT_END cpu=0 duration_us=26490[0m
[0;32mI (51942) app_main: Detection ran, face_count=1[0m
[0;32mI (51942) app_main: Face 0 score=0.98 box=[151,101,726,923][0m
[0;32mI (51947) face_recognition_wrapper: [CORE-PROOF] stage=RECOGNITION_BEGIN cpu=0 task=video stream ta affinity=0 time_us=50219877[0m
[0;32mI (52088) face_recognition_wrapper: [CORE-PROOF] RECOGNITION_END cpu=0 duration_us=129805[0m
[0;32mI (52088) face_recognition_wrapper: Recognized id=2 as person_1 similarity=0.687 threshold=0.55[0m
[0;32mI (52093) app_main: Recognition result: name=person_1 score=0.687[0m
[0;32mI (52563) face_detect_wrapper: [CORE-PROOF] stage=DETECT_BEGIN cpu=0 task=video stream ta affinity=0 time_us=50835955[0m
[0;32mI (52590) face_detect_wrapper: [CORE-PROOF] DETECT_END cpu=0 duration_us=26612[0m
[0;32mI (52590) app_main: Detection ran, face_count=1[0m
[0;32mI (52590) app_main: Face 0 score=0.94 box=[152,100,737,899][0m
[0;32mI (52595) face_recognition_wrapper: [CORE-PROOF] stage=RECOGNITION_BEGIN cpu=0 task=video stream ta affinity=0 time_us=50868217[0m
[0;32mI (52736) face_recognition_wrapper: [CORE-PROOF] RECOGNITION_END cpu=0 duration_us=129681[0m
[0;32mI (52736) face_recognition_wrapper: Recognition result: unknown, no database match[0m
[0;32mI (52740) app_main: Recognition result: name=unknown score=0.000[0m
[0;32mI (53211) face_detect_wrapper: [CORE-PROOF] stage=DETECT_BEGIN cpu=0 task=video stream ta affinity=0 time_us=51483814[0m
[0;32mI (53238) face_detect_wrapper: [CORE-PROOF] DETECT_END cpu=0 duration_us=26425[0m
[0;32mI (53238) app_main: Detection ran, face_count=1[0m
[0;32mI (53238) app_main: Face 0 score=0.96 box=[142,82,733,925][0m
[0;32mI (53243) face_recognition_wrapper: [CORE-PROOF] stage=RECOGNITION_BEGIN cpu=0 task=video stream ta affinity=0 time_us=51515776[0m
[0;32mI (53385) face_recognition_wrapper: [CORE-PROOF] RECOGNITION_END cpu=0 duration_us=130974[0m
[0;32mI (53385) face_recognition_wrapper: Recognized id=1 as person_1 similarity=0.553 threshold=0.55[0m
[0;32mI (53390) app_main: Recognition result: name=person_1 score=0.553[0m
[0;32mI (53859) face_detect_wrapper: [CORE-PROOF] stage=DETECT_BEGIN cpu=0 task=video stream ta affinity=0 time_us=52132199[0m
[0;32mI (53886) face_detect_wrapper: [CORE-PROOF] DETECT_END cpu=0 duration_us=26465[0m
[0;32mI (53886) app_main: Detection ran, face_count=1[0m
[0;32mI (53886) app_main: Face 0 score=0.99 box=[131,82,742,936][0m
[0;32mI (53891) face_recognition_wrapper: [CORE-PROOF] stage=RECOGNITION_BEGIN cpu=0 task=video stream ta affinity=0 time_us=52164230[0m
[0;32mI (54033) face_recognition_wrapper: [CORE-PROOF] RECOGNITION_END cpu=0 duration_us=130553[0m
[0;32mI (54033) face_recognition_wrapper: Recognized id=2 as person_1 similarity=0.594 threshold=0.55[0m
[0;32mI (54038) app_main: Recognition result: name=person_1 score=0.594[0m
[0;32mI (54507) face_detect_wrapper: [CORE-PROOF] stage=DETECT_BEGIN cpu=0 task=video stream ta affinity=0 time_us=52780194[0m
[0;32mI (54529) face_detect_wrapper: [CORE-PROOF] DETECT_END cpu=0 duration_us=21289[0m
[0;32mI (54529) app_main: Detection ran, face_count=0[0m
[0;32mI (54994) face_detect_wrapper: [CORE-PROOF] stage=DETECT_BEGIN cpu=0 task=video stream ta affinity=0 time_us=53266251[0m
[0;32mI (55020) face_detect_wrapper: [CORE-PROOF] DETECT_END cpu=0 duration_us=26713[0m
[0;32mI (55021) app_main: Detection ran, face_count=1[0m
[0;32mI (55021) app_main: Face 0 score=0.97 box=[185,44,784,899][0m
[0;32mI (55026) face_recognition_wrapper: [CORE-PROOF] stage=RECOGNITION_BEGIN cpu=0 task=video stream ta affinity=0 time_us=53298524[0m
[0;32mI (55168) face_recognition_wrapper: [CORE-PROOF] RECOGNITION_END cpu=0 duration_us=131181[0m
[0;32mI (55168) face_recognition_wrapper: Recognized id=2 as person_1 similarity=0.661 threshold=0.55[0m
[0;32mI (55173) app_main: Recognition result: name=person_1 score=0.661[0m
[0;32mI (55642) face_detect_wrapper: [CORE-PROOF] stage=DETECT_BEGIN cpu=0 task=video stream ta affinity=0 time_us=53914503[0m
[0;32mI (55663) face_detect_wrapper: [CORE-PROOF] DETECT_END cpu=0 duration_us=21106[0m
[0;32mI (55663) app_main: Detection ran, face_count=0[0m
[0;32mI (56128) face_detect_wrapper: [CORE-PROOF] stage=DETECT_BEGIN cpu=0 task=video stream ta affinity=0 time_us=54400646[0m
[0;32mI (56149) face_detect_wrapper: [CORE-PROOF] DETECT_END cpu=0 duration_us=21282[0m
[0;32mI (56149) app_main: Detection ran, face_count=0[0m
[0;32mI (56614) face_detect_wrapper: [CORE-PROOF] stage=DETECT_BEGIN cpu=0 task=video stream ta affinity=0 time_us=54887184[0m
[0;32mI (56641) face_detect_wrapper: [CORE-PROOF] DETECT_END cpu=0 duration_us=26355[0m
[0;32mI (56641) app_main: Detection ran, face_count=1[0m
[0;32mI (56641) app_main: Face 0 score=0.99 box=[124,80,720,959][0m
[0;32mI (56647) face_recognition_wrapper: [CORE-PROOF] stage=RECOGNITION_BEGIN cpu=0 task=video stream ta affinity=0 time_us=54919350[0m
[0;32mI (56788) face_recognition_wrapper: [CORE-PROOF] RECOGNITION_END cpu=0 duration_us=129790[0m
[0;32mI (56788) face_recognition_wrapper: Face rejected: id=2 similarity=0.531 threshold=0.55[0m
[0;32mI (56792) app_main: Recognition result: name=unknown score=0.531[0m
[0;32mI (57262) face_detect_wrapper: [CORE-PROOF] stage=DETECT_BEGIN cpu=0 task=video stream ta affinity=0 time_us=55535232[0m
[0;32mI (57289) face_detect_wrapper: [CORE-PROOF] DETECT_END cpu=0 duration_us=26472[0m
[0;32mI (57289) app_main: Detection ran, face_count=1[0m
[0;32mI (57289) app_main: Face 0 score=0.95 box=[154,86,751,944][0m
[0;32mI (57295) face_recognition_wrapper: [CORE-PROOF] stage=RECOGNITION_BEGIN cpu=0 task=video stream ta affinity=0 time_us=55567303[0m
[0;32mI (57436) face_recognition_wrapper: [CORE-PROOF] RECOGNITION_END cpu=0 duration_us=129951[0m
[0;32mI (57436) face_recognition_wrapper: Recognized id=2 as person_1 similarity=0.632 threshold=0.55[0m
[0;32mI (57441) app_main: Recognition result: name=person_1 score=0.632[0m
[0;32mI (57911) app_main: [CORE-PROOF] MAIN_SW frame=500 cpu=0 task=video stream ta affinity=0[0m
[0;32mI (57911) face_detect_wrapper: [CORE-PROOF] stage=DETECT_BEGIN cpu=0 task=video stream ta affinity=0 time_us=56183889[0m
[0;32mI (57944) face_detect_wrapper: [CORE-PROOF] DETECT_END cpu=0 duration_us=26273[0m
[0;32mI (57944) app_main: Detection ran, face_count=1[0m
[0;32mI (57945) app_main: Face 0 score=0.91 box=[172,140,735,912][0m
[0;32mI (57950) face_recognition_wrapper: [CORE-PROOF] stage=RECOGNITION_BEGIN cpu=0 task=video stream ta affinity=0 time_us=56222601[0m
[0;32mI (58091) face_recognition_wrapper: [CORE-PROOF] RECOGNITION_END cpu=0 duration_us=129893[0m
[0;32mI (58091) face_recognition_wrapper: Recognized id=2 as person_1 similarity=0.572 threshold=0.55[0m
[0;32mI (58096) app_main: Recognition result: name=person_1 score=0.572[0m
[0;32mI (58582) face_detect_wrapper: [CORE-PROOF] stage=DETECT_BEGIN cpu=0 task=video stream ta affinity=0 time_us=56854749[0m
[0;32mI (58609) face_detect_wrapper: [CORE-PROOF] DETECT_END cpu=0 duration_us=26401[0m
[0;32mI (58609) app_main: Detection ran, face_count=1[0m
[0;32mI (58609) app_main: Face 0 score=0.94 box=[171,130,695,917][0m
[0;32mI (58614) face_recognition_wrapper: [CORE-PROOF] stage=RECOGNITION_BEGIN cpu=0 task=video stream ta affinity=0 time_us=56886794[0m
[0;32mI (58756) face_recognition_wrapper: [CORE-PROOF] RECOGNITION_END cpu=0 duration_us=130445[0m
[0;32mI (58756) face_recognition_wrapper: Recognized id=1 as person_1 similarity=0.570 threshold=0.55[0m
[0;32mI (58761) app_main: Recognition result: name=person_1 score=0.570[0m
[0;32mI (59230) face_detect_wrapper: [CORE-PROOF] stage=DETECT_BEGIN cpu=0 task=video stream ta affinity=0 time_us=57502605[0m
[0;32mI (59256) face_detect_wrapper: [CORE-PROOF] DETECT_END cpu=0 duration_us=26367[0m
[0;32mI (59257) app_main: Detection ran, face_count=1[0m
[0;32mI (59257) app_main: Face 0 score=0.99 box=[150,82,737,917][0m
[0;32mI (59262) face_recognition_wrapper: [CORE-PROOF] stage=RECOGNITION_BEGIN cpu=0 task=video stream ta affinity=0 time_us=57534543[0m
[0;32mI (59405) face_recognition_wrapper: [CORE-PROOF] RECOGNITION_END cpu=0 duration_us=131582[0m
[0;32mI (59405) face_recognition_wrapper: Recognized id=2 as person_1 similarity=0.586 threshold=0.55[0m
[0;32mI (59410) app_main: Recognition result: name=person_1 score=0.586[0m
[0;32mI (59878) face_detect_wrapper: [CORE-PROOF] stage=DETECT_BEGIN cpu=0 task=video stream ta affinity=0 time_us=58151166[0m
[0;32mI (59900) face_detect_wrapper: [CORE-PROOF] DETECT_END cpu=0 duration_us=21147[0m
[0;32mI (59900) app_main: Detection ran, face_count=0[0m
[0;32mI (60364) face_detect_wrapper: [CORE-PROOF] stage=DETECT_BEGIN cpu=0 task=video stream ta affinity=0 time_us=58636948[0m
[0;32mI (60386) face_detect_wrapper: [CORE-PROOF] DETECT_END cpu=0 duration_us=21170[0m
[0;32mI (60386) app_main: Detection ran, face_count=0[0m
[0;32mI (60851) face_detect_wrapper: [CORE-PROOF] stage=DETECT_BEGIN cpu=0 task=video stream ta affinity=0 time_us=59123689[0m
[0;32mI (60877) face_detect_wrapper: [CORE-PROOF] DETECT_END cpu=0 duration_us=26341[0m
[0;32mI (60878) app_main: Detection ran, face_count=1[0m
[0;32mI (60878) app_main: Face 0 score=0.94 box=[166,124,706,907][0m
[0;32mI (60883) face_recognition_wrapper: [CORE-PROOF] stage=RECOGNITION_BEGIN cpu=0 task=video stream ta affinity=0 time_us=59155696[0m
[0;32mI (61024) face_recognition_wrapper: [CORE-PROOF] RECOGNITION_END cpu=0 duration_us=129737[0m
[0;32mI (61024) face_recognition_wrapper: Recognized id=1 as person_1 similarity=0.585 threshold=0.55[0m
[0;32mI (61029) app_main: Recognition result: name=person_1 score=0.585[0m
[0;32mI (61499) face_detect_wrapper: [CORE-PROOF] stage=DETECT_BEGIN cpu=0 task=video stream ta affinity=0 time_us=59771610[0m
[0;32mI (61525) face_detect_wrapper: [CORE-PROOF] DETECT_END cpu=0 duration_us=26322[0m
[0;32mI (61525) app_main: Detection ran, face_count=1[0m
[0;32mI (61526) app_main: Face 0 score=0.91 box=[199,141,750,917][0m
[0;32mI (61531) face_recognition_wrapper: [CORE-PROOF] stage=RECOGNITION_BEGIN cpu=0 task=video stream ta affinity=0 time_us=59803605[0m
[0;32mI (61671) face_recognition_wrapper: [CORE-PROOF] RECOGNITION_END cpu=0 duration_us=129391[0m
[0;32mI (61672) face_recognition_wrapper: Recognized id=1 as person_1 similarity=0.682 threshold=0.55[0m
[0;32mI (61677) app_main: Recognition result: name=person_1 score=0.682[0m
[0;32mI (62147) face_detect_wrapper: [CORE-PROOF] stage=DETECT_BEGIN cpu=0 task=video stream ta affinity=0 time_us=60419797[0m
[0;32mI (62174) face_detect_wrapper: [CORE-PROOF] DETECT_END cpu=0 duration_us=26403[0m
[0;32mI (62174) app_main: Detection ran, face_count=1[0m
[0;32mI (62174) app_main: Face 0 score=0.94 box=[183,129,750,937][0m
[0;32mI (62179) face_recognition_wrapper: [CORE-PROOF] stage=RECOGNITION_BEGIN cpu=0 task=video stream ta affinity=0 time_us=60451846[0m
[0;32mI (62320) face_recognition_wrapper: [CORE-PROOF] RECOGNITION_END cpu=0 duration_us=129965[0m
[0;32mI (62320) face_recognition_wrapper: Recognized id=1 as person_1 similarity=0.602 threshold=0.55[0m
[0;32mI (62325) app_main: Recognition result: name=person_1 score=0.602[0m
[0;32mI (62795) face_detect_wrapper: [CORE-PROOF] stage=DETECT_BEGIN cpu=0 task=video stream ta affinity=0 time_us=61067659[0m
[0;32mI (62821) face_detect_wrapper: [CORE-PROOF] DETECT_END cpu=0 duration_us=26298[0m
[0;32mI (62821) app_main: Detection ran, face_count=1[0m
[0;32mI (62822) app_main: Face 0 score=0.94 box=[150,123,722,959][0m
[0;32mI (62827) face_recognition_wrapper: [CORE-PROOF] stage=RECOGNITION_BEGIN cpu=0 task=video stream ta affinity=0 time_us=61099609[0m
[0;32mI (62969) face_recognition_wrapper: [CORE-PROOF] RECOGNITION_END cpu=0 duration_us=130912[0m
[0;32mI (62969) face_recognition_wrapper: Face rejected: id=1 similarity=0.526 threshold=0.55[0m
[0;32mI (62973) app_main: Recognition result: name=unknown score=0.526[0m
[0;32mI (63443) face_detect_wrapper: [CORE-PROOF] stage=DETECT_BEGIN cpu=0 task=video stream ta affinity=0 time_us=61716123[0m
[0;32mI (63465) face_detect_wrapper: [CORE-PROOF] DETECT_END cpu=0 duration_us=21032[0m
[0;32mI (63465) app_main: Detection ran, face_count=0[0m
[0;32mI (63929) face_detect_wrapper: [CORE-PROOF] stage=DETECT_BEGIN cpu=0 task=video stream ta affinity=0 time_us=62202216[0m
[0;32mI (63951) face_detect_wrapper: [CORE-PROOF] DETECT_END cpu=0 duration_us=21027[0m
[0;32mI (63951) app_main: Detection ran, face_count=0[0m
[0;32mI (64415) face_detect_wrapper: [CORE-PROOF] stage=DETECT_BEGIN cpu=0 task=video stream ta affinity=0 time_us=62687932[0m
[0;32mI (64437) face_detect_wrapper: [CORE-PROOF] DETECT_END cpu=0 duration_us=21553[0m
[0;32mI (64437) app_main: Detection ran, face_count=0[0m
[0;32mI (64902) face_detect_wrapper: [CORE-PROOF] stage=DETECT_BEGIN cpu=0 task=video stream ta affinity=0 time_us=63174429[0m
[0;32mI (64923) face_detect_wrapper: [CORE-PROOF] DETECT_END cpu=0 duration_us=20883[0m
[0;32mI (64923) app_main: Detection ran, face_count=0[0m
[0;32mI (65387) face_detect_wrapper: [CORE-PROOF] stage=DETECT_BEGIN cpu=0 task=video stream ta affinity=0 time_us=63660097[0m
[0;32mI (65408) face_detect_wrapper: [CORE-PROOF] DETECT_END cpu=0 duration_us=21002[0m
[0;32mI (65409) app_main: Detection ran, face_count=0[0m
[0;32mI (65874) face_detect_wrapper: [CORE-PROOF] stage=DETECT_BEGIN cpu=0 task=video stream ta affinity=0 time_us=64146380[0m
[0;32mI (65895) face_detect_wrapper: [CORE-PROOF] DETECT_END cpu=0 duration_us=21128[0m
[0;32mI (65895) app_main: Detection ran, face_count=0[0m
[0;32mI (66360) face_detect_wrapper: [CORE-PROOF] stage=DETECT_BEGIN cpu=0 task=video stream ta affinity=0 time_us=64632553[0m
[0;32mI (66381) face_detect_wrapper: [CORE-PROOF] DETECT_END cpu=0 duration_us=20815[0m
[0;32mI (66381) app_main: Detection ran, face_count=0[0m
[0;32mI (66846) face_detect_wrapper: [CORE-PROOF] stage=DETECT_BEGIN cpu=0 task=video stream ta affinity=0 time_us=65118621[0m
[0;32mI (66868) face_detect_wrapper: [CORE-PROOF] DETECT_END cpu=0 duration_us=21813[0m
[0;32mI (66868) app_main: Detection ran, face_count=0[0m
[0;32mI (67332) face_detect_wrapper: [CORE-PROOF] stage=DETECT_BEGIN cpu=0 task=video stream ta affinity=0 time_us=65604933[0m
[0;32mI (67353) face_detect_wrapper: [CORE-PROOF] DETECT_END cpu=0 duration_us=20849[0m
[0;32mI (67353) app_main: Detection ran, face_count=0[0m
[0;32mI (67818) face_detect_wrapper: [CORE-PROOF] stage=DETECT_BEGIN cpu=0 task=video stream ta affinity=0 time_us=66090835[0m
[0;32mI (67839) face_detect_wrapper: [CORE-PROOF] DETECT_END cpu=0 duration_us=21254[0m
[0;32mI (67840) app_main: Detection ran, face_count=0[0m
[0;32mI (68304) face_detect_wrapper: [CORE-PROOF] stage=DETECT_BEGIN cpu=0 task=video stream ta affinity=0 time_us=66576859[0m
[0;32mI (68325) face_detect_wrapper: [CORE-PROOF] DETECT_END cpu=0 duration_us=21159[0m
[0;32mI (68325) app_main: Detection ran, face_count=0[0m
[0;32mI (68791) app_main: [CORE-PROOF] MAIN_SW frame=600 cpu=0 task=video stream ta affinity=0[0m
[0;32mI (68791) face_detect_wrapper: [CORE-PROOF] stage=DETECT_BEGIN cpu=0 task=video stream ta affinity=0 time_us=67063661[0m
[0;32mI (68819) face_detect_wrapper: [CORE-PROOF] DETECT_END cpu=0 duration_us=20966[0m
[0;32mI (68819) app_main: Detection ran, face_count=0[0m
[0;32mI (69276) face_detect_wrapper: [CORE-PROOF] stage=DETECT_BEGIN cpu=0 task=video stream ta affinity=0 time_us=67549137[0m
[0;32mI (69298) face_detect_wrapper: [CORE-PROOF] DETECT_END cpu=0 duration_us=21294[0m
[0;32mI (69298) app_main: Detection ran, face_count=0[0m
[0;32mI (69763) face_detect_wrapper: [CORE-PROOF] stage=DETECT_BEGIN cpu=0 task=video stream ta affinity=0 time_us=68035886[0m
[0;32mI (69784) face_detect_wrapper: [CORE-PROOF] DETECT_END cpu=0 duration_us=20945[0m
[0;32mI (69784) app_main: Detection ran, face_count=0[0m
[0;32mI (70249) face_detect_wrapper: [CORE-PROOF] stage=DETECT_BEGIN cpu=0 task=video stream ta affinity=0 time_us=68521454[0m
[0;32mI (70270) face_detect_wrapper: [CORE-PROOF] DETECT_END cpu=0 duration_us=21334[0m
[0;32mI (70270) app_main: Detection ran, face_count=0[0m
[0;32mI (70735) face_detect_wrapper: [CORE-PROOF] stage=DETECT_BEGIN cpu=0 task=video stream ta affinity=0 time_us=69007692[0m
[0;32mI (70757) face_detect_wrapper: [CORE-PROOF] DETECT_END cpu=0 duration_us=22192[0m
[0;32mI (70757) app_main: Detection ran, face_count=0[0m
[0;32mI (71221) face_detect_wrapper: [CORE-PROOF] stage=DETECT_BEGIN cpu=0 task=video stream ta affinity=0 time_us=69494084[0m
[0;32mI (71242) face_detect_wrapper: [CORE-PROOF] DETECT_END cpu=0 duration_us=20746[0m
[0;32mI (71242) app_main: Detection ran, face_count=0[0m
[0;32mI (71707) face_detect_wrapper: [CORE-PROOF] stage=DETECT_BEGIN cpu=0 task=video stream ta affinity=0 time_us=69979953[0m
[0;32mI (71729) face_detect_wrapper: [CORE-PROOF] DETECT_END cpu=0 duration_us=21308[0m
[0;32mI (71729) app_main: Detection ran, face_count=0[0m
[0;32mI (72193) face_detect_wrapper: [CORE-PROOF] stage=DETECT_BEGIN cpu=0 task=video stream ta affinity=0 time_us=70465990[0m
[0;32mI (72214) face_detect_wrapper: [CORE-PROOF] DETECT_END cpu=0 duration_us=20978[0m
[0;32mI (72214) app_main: Detection ran, face_count=0[0m
[0;32mI (72680) face_detect_wrapper: [CORE-PROOF] stage=DETECT_BEGIN cpu=0 task=video stream ta affinity=0 time_us=70952637[0m
[0;32mI (72706) face_detect_wrapper: [CORE-PROOF] DETECT_END cpu=0 duration_us=25875[0m
[0;32mI (72706) app_main: Detection ran, face_count=1[0m
[0;32mI (72706) app_main: Face 0 score=0.85 box=[223,260,762,880][0m
[0;32mI (72711) face_recognition_wrapper: [CORE-PROOF] stage=RECOGNITION_BEGIN cpu=0 task=video stream ta affinity=0 time_us=70984119[0m
[0;32mI (72853) face_recognition_wrapper: [CORE-PROOF] RECOGNITION_END cpu=0 duration_us=130627[0m
[0;32mI (72853) face_recognition_wrapper: Recognized id=2 as person_1 similarity=0.685 threshold=0.55[0m
[0;32mI (72858) app_main: Recognition result: name=person_1 score=0.685[0m
[0;32mI (73328) face_detect_wrapper: [CORE-PROOF] stage=DETECT_BEGIN cpu=0 task=video stream ta affinity=0 time_us=71600488[0m
[0;32mI (73349) face_detect_wrapper: [CORE-PROOF] DETECT_END cpu=0 duration_us=21397[0m
[0;32mI (73349) app_main: Detection ran, face_count=0[0m
[0;32mI (73815) face_detect_wrapper: [CORE-PROOF] stage=DETECT_BEGIN cpu=0 task=video stream ta affinity=0 time_us=72087427[0m
[0;32mI (73836) face_detect_wrapper: [CORE-PROOF] DETECT_END cpu=0 duration_us=21010[0m
[0;32mI (73836) app_main: Detection ran, face_count=0[0m
[0;32mI (74300) face_detect_wrapper: [CORE-PROOF] stage=DETECT_BEGIN cpu=0 task=video stream ta affinity=0 time_us=72572656[0m
[0;32mI (74322) face_detect_wrapper: [CORE-PROOF] DETECT_END cpu=0 duration_us=21646[0m
[0;32mI (74322) app_main: Detection ran, face_count=0[0m
[0;32mI (74786) face_detect_wrapper: [CORE-PROOF] stage=DETECT_BEGIN cpu=0 task=video stream ta affinity=0 time_us=73058848[0m
[0;32mI (74808) face_detect_wrapper: [CORE-PROOF] DETECT_END cpu=0 duration_us=21320[0m
[0;32mI (74808) app_main: Detection ran, face_count=0[0m
[0;32mI (75273) face_detect_wrapper: [CORE-PROOF] stage=DETECT_BEGIN cpu=0 task=video stream ta affinity=0 time_us=73545369[0m
[0;32mI (75294) face_detect_wrapper: [CORE-PROOF] DETECT_END cpu=0 duration_us=20887[0m
[0;32mI (75294) app_main: Detection ran, face_count=0[0m
[0;32mI (75758) face_detect_wrapper: [CORE-PROOF] stage=DETECT_BEGIN cpu=0 task=video stream ta affinity=0 time_us=74031061[0m
[0;32mI (75780) face_detect_wrapper: [CORE-PROOF] DETECT_END cpu=0 duration_us=21607[0m
[0;32mI (75780) app_main: Detection ran, face_count=0[0m
[0;32mI (76245) face_detect_wrapper: [CORE-PROOF] stage=DETECT_BEGIN cpu=0 task=video stream ta affinity=0 time_us=74517548[0m
[0;32mI (76266) face_detect_wrapper: [CORE-PROOF] DETECT_END cpu=0 duration_us=20955[0m
[0;32mI (76266) app_main: Detection ran, face_count=0[0m
[0;32mI (76731) face_detect_wrapper: [CORE-PROOF] stage=DETECT_BEGIN cpu=0 task=video stream ta affinity=0 time_us=75003495[0m
[0;32mI (76753) face_detect_wrapper: [CORE-PROOF] DETECT_END cpu=0 duration_us=21756[0m
[0;32mI (76753) app_main: Detection ran, face_count=0[0m
[0;32mI (77217) face_detect_wrapper: [CORE-PROOF] stage=DETECT_BEGIN cpu=0 task=video stream ta affinity=0 time_us=75489419[0m
[0;32mI (77238) face_detect_wrapper: [CORE-PROOF] DETECT_END cpu=0 duration_us=21385[0m
[0;32mI (77238) app_main: Detection ran, face_count=0[0m
[0;32mI (77703) face_detect_wrapper: [CORE-PROOF] stage=DETECT_BEGIN cpu=0 task=video stream ta affinity=0 time_us=75976074[0m
[0;32mI (77724) face_detect_wrapper: [CORE-PROOF] DETECT_END cpu=0 duration_us=20903[0m
[0;32mI (77724) app_main: Detection ran, face_count=0[0m
[0;32mI (78189) face_detect_wrapper: [CORE-PROOF] stage=DETECT_BEGIN cpu=0 task=video stream ta affinity=0 time_us=76461642[0m
[0;32mI (78210) face_detect_wrapper: [CORE-PROOF] DETECT_END cpu=0 duration_us=21443[0m
[0;32mI (78211) app_main: Detection ran, face_count=0[0m
[0;32mI (78675) app_main: [CORE-PROOF] MAIN_SW frame=700 cpu=0 task=video stream ta affinity=0[0m
[0;32mI (78675) face_detect_wrapper: [CORE-PROOF] stage=DETECT_BEGIN cpu=0 task=video stream ta affinity=0 time_us=76948056[0m
[0;32mI (78704) face_detect_wrapper: [CORE-PROOF] DETECT_END cpu=0 duration_us=21417[0m
[0;32mI (78704) app_main: Detection ran, face_count=0[0m
[0;32mI (79161) face_detect_wrapper: [CORE-PROOF] stage=DETECT_BEGIN cpu=0 task=video stream ta affinity=0 time_us=77434226[0m
[0;32mI (79183) face_detect_wrapper: [CORE-PROOF] DETECT_END cpu=0 duration_us=21454[0m
[0;32mI (79183) app_main: Detection ran, face_count=0[0m
[0;32mI (79648) face_detect_wrapper: [CORE-PROOF] stage=DETECT_BEGIN cpu=0 task=video stream ta affinity=0 time_us=77920291[0m
[0;32mI (79669) face_detect_wrapper: [CORE-PROOF] DETECT_END cpu=0 duration_us=21210[0m
[0;32mI (79669) app_main: Detection ran, face_count=0[0m
[0;32mI (80134) face_detect_wrapper: [CORE-PROOF] stage=DETECT_BEGIN cpu=0 task=video stream ta affinity=0 time_us=78406618[0m
[0;32mI (80155) face_detect_wrapper: [CORE-PROOF] DETECT_END cpu=0 duration_us=21080[0m
[0;32mI (80155) app_main: Detection ran, face_count=0[0m
[0;32mI (80620) face_detect_wrapper: [CORE-PROOF] stage=DETECT_BEGIN cpu=0 task=video stream ta affinity=0 time_us=78892508[0m
[0;32mI (80641) face_detect_wrapper: [CORE-PROOF] DETECT_END cpu=0 duration_us=21403[0m
[0;32mI (80641) app_main: Detection ran, face_count=0[0m
[0;32mI (81106) face_detect_wrapper: [CORE-PROOF] stage=DETECT_BEGIN cpu=0 task=video stream ta affinity=0 time_us=79378506[0m
[0;32mI (81132) face_detect_wrapper: [CORE-PROOF] DETECT_END cpu=0 duration_us=26203[0m
[0;32mI (81132) app_main: Detection ran, face_count=1[0m
[0;32mI (81132) app_main: Face 0 score=0.93 box=[128,154,625,775][0m
[0;32mI (81138) face_recognition_wrapper: [CORE-PROOF] stage=RECOGNITION_BEGIN cpu=0 task=video stream ta affinity=0 time_us=79410311[0m
[0;32mI (81280) face_recognition_wrapper: [CORE-PROOF] RECOGNITION_END cpu=0 duration_us=131715[0m
[0;32mI (81281) face_recognition_wrapper: Recognized id=2 as person_1 similarity=0.564 threshold=0.55[0m
[0;32mI (81286) app_main: Recognition result: name=person_1 score=0.564[0m
[0;32mI (81754) face_detect_wrapper: [CORE-PROOF] stage=DETECT_BEGIN cpu=0 task=video stream ta affinity=0 time_us=80026951[0m
[0;32mI (81781) face_detect_wrapper: [CORE-PROOF] DETECT_END cpu=0 duration_us=26465[0m
[0;32mI (81781) app_main: Detection ran, face_count=1[0m
[0;32mI (81781) app_main: Face 0 score=0.75 box=[179,57,661,613][0m
[0;32mI (82264) face_detect_wrapper: [CORE-PROOF] stage=DETECT_BEGIN cpu=0 task=video stream ta affinity=0 time_us=80536409[0m
[0;32mI (82291) face_detect_wrapper: [CORE-PROOF] DETECT_END cpu=0 duration_us=26850[0m
[0;32mI (82291) app_main: Detection ran, face_count=1[0m
[0;32mI (82291) app_main: Face 0 score=0.88 box=[283,118,813,713][0m
[0;32mI (82296) face_recognition_wrapper: [CORE-PROOF] stage=RECOGNITION_BEGIN cpu=0 task=video stream ta affinity=0 time_us=80568866[0m
[0;32mI (82438) face_recognition_wrapper: [CORE-PROOF] RECOGNITION_END cpu=0 duration_us=130497[0m
[0;32mI (82438) face_recognition_wrapper: Recognized id=2 as person_1 similarity=0.614 threshold=0.55[0m
[0;32mI (82443) app_main: Recognition result: name=person_1 score=0.614[0m
[0;32mI (82912) face_detect_wrapper: [CORE-PROOF] stage=DETECT_BEGIN cpu=0 task=video stream ta affinity=0 time_us=81184492[0m
[0;32mI (82938) face_detect_wrapper: [CORE-PROOF] DETECT_END cpu=0 duration_us=26569[0m
[0;32mI (82939) app_main: Detection ran, face_count=1[0m
[0;32mI (82939) app_main: Face 0 score=0.52 box=[355,35,924,699][0m
[0;32mI (83421) face_detect_wrapper: [CORE-PROOF] stage=DETECT_BEGIN cpu=0 task=video stream ta affinity=0 time_us=81693866[0m
[0;32mI (83448) face_detect_wrapper: [CORE-PROOF] DETECT_END cpu=0 duration_us=26395[0m
[0;32mI (83448) app_main: Detection ran, face_count=1[0m
[0;32mI (83448) app_main: Face 0 score=0.83 box=[275,194,782,829][0m
[0;32mI (83930) face_detect_wrapper: [CORE-PROOF] stage=DETECT_BEGIN cpu=0 task=video stream ta affinity=0 time_us=82203052[0m
[0;32mI (83952) face_detect_wrapper: [CORE-PROOF] DETECT_END cpu=0 duration_us=21883[0m
[0;32mI (83952) app_main: Detection ran, face_count=0[0m
[0m
