[0;33m--- esp-idf-monitor 1.9.0 on /dev/ttyACM0 115200[0m
[0;33m--- Quit: Ctrl+] | Menu: Ctrl+T | Help: Ctrl+T followed by Ctrl+H[0m
Executing action: monitor
Running idf_monitor in directory /home/hazbiu/Programming/Bachelor_Thesis_ESP/src
Executing "/home/hazbiu/.espressif/tools/python/v5.5.4/venv/bin/python /home/hazbiu/.espressif/v5.5.4/esp-idf/tools/idf_monitor.py -p /dev/ttyACM0 -b 115200 --toolchain-prefix riscv32-esp-elf- --target esp32p4 --revision 1 --decode-panic backtrace /home/hazbiu/Programming/Bachelor_Thesis_ESP/src/build/video_lcd_display.elf /home/hazbiu/Programming/Bachelor_Thesis_ESP/src/build/bootloader/bootloader.elf -m '/home/hazbiu/.espressif/tools/python/v5.5.4/venv/bin/python' '/home/hazbiu/.espressif/v5.5.4/esp-idf/tools/idf.py' '-p' '/dev/ttyACM0' '-b' '115200'"...
ESP-ROM:esp32p4-eco2-20240710
Build:Jul 10 2024
rst:0x1 (POWERON),boot:0x30f (SPI_FAST_FLASH_BOOT)
SPI mode:DIO, clock div:1
load:0x4ff33ce0,len:0x173c
load:0x4ff29ed0,len:0xff0
[0m--- 0x4ff29ed0: [0;33mesp_bootloader_get_description[0m[0m at [0;32m/home/hazbiu/.espressif/v5.5.4/esp-idf/components/esp_bootloader_format/esp_bootloader_desc.c[0m[0m:[1;31m39[0m
load:0x4ff2cbd0,len:0x3608
[0m--- 0x4ff2cbd0: [0;33mesp_flash_encryption_enabled[0m[0m at [0;32m/home/hazbiu/.espressif/v5.5.4/esp-idf/components/bootloader_support/src/flash_encrypt.c[0m[0m:[1;31m89[0m
entry 0x4ff29eda
[0m--- 0x4ff29eda: [0;33mcall_start_cpu0[0m[0m at [0;32m/home/hazbiu/.espressif/v5.5.4/esp-idf/components/bootloader/subproject/main/bootloader_start.c[0m[0m:[1;31m27[0m
[0;32mI (26) boot: ESP-IDF v5.5.4 2nd stage bootloader[0m
[0;32mI (26) boot: compile time Jun  7 2026 22:22:01[0m
[0;32mI (26) boot: Multicore bootloader[0m
[0;32mI (28) boot: chip revision: v1.3[0m
[0;32mI (29) boot: efuse block revision: v0.3[0m
[0;32mI (32) qio_mode: Enabling default flash chip QIO[0m
[0;32mI (37) boot.esp32p4: SPI Speed      : 80MHz[0m
[0;32mI (41) boot.esp32p4: SPI Mode       : QIO[0m
[0;32mI (44) boot.esp32p4: SPI Flash Size : 16MB[0m
[0;32mI (48) boot: Enabling RNG early entropy source...[0m
[0;32mI (53) boot: Partition Table:[0m
[0;32mI (55) boot: ## Label            Usage          Type ST Offset   Length[0m
[0;32mI (62) boot:  0 nvs              WiFi data        01 02 0000b000 00006000[0m
[0;32mI (68) boot:  1 phy_init         RF data          01 01 00011000 00001000[0m
[0;32mI (75) boot:  2 storage          Unknown data     01 82 00012000 0000e000[0m
[0;32mI (81) boot:  3 factory          factory app      00 00 00020000 00f00000[0m
[0;32mI (89) boot: End of partition table[0m
[0;32mI (91) esp_image: segment 0: paddr=00020020 vaddr=482c0020 size=1965dch (1664476) map[0m
[0;32mI (334) esp_image: segment 1: paddr=001b6604 vaddr=30100000 size=00068h (   104) load[0m
[0;32mI (336) esp_image: segment 2: paddr=001b6674 vaddr=4ff00000 size=099a4h ( 39332) load[0m
[0;32mI (346) esp_image: segment 3: paddr=001c0020 vaddr=48000020 size=2b41e0h (2834912) map[0m
[0;32mI (746) esp_image: segment 4: paddr=00474208 vaddr=4ff099a4 size=0ce30h ( 52784) load[0m
[0;32mI (756) esp_image: segment 5: paddr=00481040 vaddr=4ff16800 size=0438ch ( 17292) load[0m
[0;32mI (766) boot: Loaded app from partition at offset 0x20000[0m
[0;32mI (766) boot: Disabling RNG early entropy source...[0m
[0;32mI (777) hex_psram: vendor id    : 0x0d (AP)[0m
[0;32mI (777) hex_psram: Latency      : 0x01 (Fixed)[0m
[0;32mI (778) hex_psram: DriveStr.    : 0x00 (25 Ohm)[0m
[0;32mI (778) hex_psram: dev id       : 0x03 (generation 4)[0m
[0;32mI (783) hex_psram: density      : 0x07 (256 Mbit)[0m
[0;32mI (788) hex_psram: good-die     : 0x06 (Pass)[0m
[0;32mI (792) hex_psram: SRF          : 0x02 (Slow Refresh)[0m
[0;32mI (796) hex_psram: BurstType    : 0x00 ( Wrap)[0m
[0;32mI (801) hex_psram: BurstLen     : 0x03 (2048 Byte)[0m
[0;32mI (805) hex_psram: BitMode      : 0x01 (X16 Mode)[0m
[0;32mI (809) hex_psram: Readlatency  : 0x04 (14 cycles@Fixed)[0m
[0;32mI (815) hex_psram: DriveStrength: 0x00 (1/1)[0m
[0;32mI (819) MSPI Timing: Enter psram timing tuning[0m
I esp_psram: Found 32MB PSRAM device
I esp_psram: Speed: 200MHz
[0;32mI (1071) mmu_psram: .rodata xip on psram[0m
[0;32mI (1207) mmu_psram: .text xip on psram[0m
[0;32mI (1207) hex_psram: psram CS IO is dedicated[0m
[0;32mI (1207) cpu_start: Multicore app[0m
[0;32mI (1619) esp_psram: SPI SRAM memory test OK[0m
[0;32mI (1628) cpu_start: GPIO 38 and 37 are used as console UART I/O pins[0m
[0;32mI (1628) cpu_start: Pro cpu start user code[0m
[0;32mI (1628) cpu_start: cpu freq: 360000000 Hz[0m
[0;32mI (1630) app_init: Application information:[0m
[0;32mI (1634) app_init: Project name:     video_lcd_display[0m
[0;32mI (1639) app_init: App version:      71df275-dirty[0m
[0;32mI (1644) app_init: Compile time:     Jun 10 2026 20:52:36[0m
[0;32mI (1649) app_init: ELF file SHA256:  3e413ec89...[0m
[0;32mI (1653) app_init: ESP-IDF:          v5.5.4[0m
[0;32mI (1657) efuse_init: Min chip rev:     v0.1[0m
[0;32mI (1661) efuse_init: Max chip rev:     v1.99 [0m
[0;32mI (1665) efuse_init: Chip rev:         v1.3[0m
[0;32mI (1669) heap_init: Initializing. RAM available for dynamic allocation:[0m
[0;32mI (1675) heap_init: At 4FF1CEC0 len 0001E100 (120 KiB): RETENT_RAM[0m
[0;32mI (1681) heap_init: At 4FF3AFC0 len 00004BF0 (18 KiB): RAM[0m
[0;32mI (1686) heap_init: At 4FF40000 len 00040000 (256 KiB): RAM[0m
[0;32mI (1692) heap_init: At 50108080 len 00007F80 (31 KiB): RTCRAM[0m
[0;32mI (1697) heap_init: At 30100068 len 00001F98 (7 KiB): TCM[0m
[0;32mI (1702) esp_psram: Adding pool of 28288K of PSRAM memory to heap allocator[0m
[0;32mI (1709) esp_psram: Adding pool of 47K of PSRAM memory gap generated due to end address alignment of irom to the heap allocator[0m
[0;32mI (1720) esp_psram: Adding pool of 38K of PSRAM memory gap generated due to end address alignment of drom to the heap allocator[0m
[0;32mI (1732) spi_flash: detected chip: gd[0m
[0;32mI (1735) spi_flash: flash io: qio[0m
[0;32mI (1738) sleep_gpio: Configure to isolate all GPIO pins in sleep state[0m
[0;32mI (1744) sleep_gpio: Enable automatic switching of GPIO sleep configuration[0m
[0;32mI (1751) main_task: Started on CPU0[0m
[0;32mI (1755) esp_psram: Reserving pool of 32K of internal memory for DMA/internal allocations[0m
[0;32mI (1762) main_task: Calling app_main()[0m
[0;32mI (1766) esp_lvgl:adapter: LVGL adapter initialized successfully[0m
[0;33mW (1771) i2c.master: Please check pull-up resistances whether be connected properly. Otherwise unexpected behavior would happen. For more detailed information, please read docs[0m
[0;32mI (1787) ESP32_P4_PLATFORM: MIPI DSI PHY Powered on[0m
[0;32mI (1792) ESP32_P4_PLATFORM: Install MIPI DSI LCD control panel[0m
[0;32mI (1797) ESP32_P4_PLATFORM: Install Waveshare LCD control panel[0m
[0;32mI (1802) jd9365: version: 1.0.6[0m
[0;32mI (1805) i2c_bus: I2C Bus V2 uses the externally initialized bus handle[0m
[0;32mI (3065) jd9365: LCD ID: 93 65 04[0m
[0;32mI (3207) ESP32_P4_PLATFORM: Display initialized[0m
[0;32mI (3209) esp_lvgl:bridge_v9: Initializing hardware resources[0m
[0;32mI (3209) esp_lvgl:bridge_v9: Hardware resources initialized successfully[0m
[0;32mI (3212) ESP32_P4_PLATFORM: Touch 0x5d found[0m
[0;32mI (3215) GT911: I2C address initialization procedure skipped - using default GT9xx setup[0m
[0;32mI (3224) GT911: TouchPad_ID:0x39,0x32,0x37[0m
[0;32mI (3227) GT911: TouchPad_Config_Version:130[0m
[0;32mI (3231) esp_lvgl:touch: Touch input device registered successfully (IRQ mode: disabled)[0m
[0;32mI (3239) esp_lvgl:adapter: LVGL task started successfully[0m
[0;32mI (3240) esp_lvgl:bridge: Initializing hardware resources[0m
[0;32mI (3249) esp_lvgl:bridge: Hardware resources initialized successfully[0m
[0;32mI (3259) app_main: SPIFFS mounted: total=45431 used=2510[0m
[0;32mI (3260) face_detect_wrapper: HumanFaceDetect initialized[0m
[0;33mW (3266) FbsLoader: There is only one model in the flatbuffers, ignore the input model name![0m
[0;33mW (3274) FbsLoader: CONFIG_SPIRAM_RODATA or CONFIG_SPIRAM_XIP_FROM_PSRAM option is on, fbs model is copied to PSRAM.[0m
[0;33mW (3347) dl::Model: Minimize() will delete variables not used in model inference, which will make it impossible to test or debug the model.[0m
[0;32mI (3265) face_recognition_wrapper: HumanFaceRecognizer initialized, enrolled=1[0m
[0;32mI (3356) ov5647: Detected Camera sensor PID=0x5647[0m
[0;32mI (3388) app_video: version: 0.8.0[0m
[0;32mI (3388) app_video: driver:  MIPI-CSI[0m
[0;32mI (3388) app_video: card:    MIPI-CSI[0m
[0;32mI (3388) app_video: bus:     esp32p4:MIPI-CSI[0m
[0;32mI (3390) app_video: width=1280 height=960[0m
[0;32mI (3395) app_main: Using user defined buffer[0m
[0;32mI (3439) app_video: Video Stream Start[0m
[0;32mI (3441) main_task: Returned from app_main()[0m
[0;33mW (3916) FbsLoader: CONFIG_SPIRAM_RODATA or CONFIG_SPIRAM_XIP_FROM_PSRAM option is on, fbs model is copied to PSRAM.[0m
[0;33mW (3943) dl::Model: Minimize() will delete variables not used in model inference, which will make it impossible to test or debug the model.[0m
[0;33mW (3946) FbsLoader: CONFIG_SPIRAM_RODATA or CONFIG_SPIRAM_XIP_FROM_PSRAM option is on, fbs model is copied to PSRAM.[0m
[0;33mW (3966) dl::Model: Minimize() will delete variables not used in model inference, which will make it impossible to test or debug the model.[0m
[0;32mI (3989) app_main: Detection ran, face_count=0[0m
[0;32mI (4468) app_main: Detection ran, face_count=0[0m
[0;32mI (4954) app_main: Detection ran, face_count=0[0m
[0;32mI (5441) app_main: Detection ran, face_count=0[0m
[0;32mI (5927) app_main: Detection ran, face_count=0[0m
[0;32mI (6413) app_main: Detection ran, face_count=0[0m
[0;32mI (6899) app_main: Detection ran, face_count=0[0m
[0;32mI (7385) app_main: Detection ran, face_count=0[0m
[0;32mI (7871) app_main: Detection ran, face_count=0[0m
[0;32mI (8357) app_main: Detection ran, face_count=0[0m
[0;32mI (8843) app_main: Detection ran, face_count=0[0m
[0;32mI (9335) app_main: Detection ran, face_count=1[0m
[0;32mI (9335) app_main: Face 0 score=0.65 box=[149,0,789,844][0m
[0;32mI (9464) face_recognition_wrapper: Recognition result: unknown, no database match[0m
[0;32mI (9464) app_main: Recognition result: name=unknown score=0.000[0m
[0;32mI (9955) app_main: Detection ran, face_count=0[0m
[0;32mI (10446) app_main: Detection ran, face_count=1[0m
[0;32mI (10446) app_main: Face 0 score=0.92 box=[110,0,780,826][0m
[0;32mI (10927) app_main: Detection ran, face_count=0[0m
[0;32mI (11419) app_main: Detection ran, face_count=1[0m
[0;32mI (11419) app_main: Face 0 score=0.98 box=[146,10,782,836][0m
[0;32mI (11548) face_recognition_wrapper: Recognition result: unknown, no database match[0m
[0;32mI (11548) app_main: Recognition result: name=unknown score=0.000[0m
[0;32mI (12038) app_main: Detection ran, face_count=0[0m
[0;32mI (12530) app_main: Detection ran, face_count=1[0m
[0;32mI (12530) app_main: Face 0 score=0.94 box=[156,78,791,914][0m
[0;32mI (13016) app_main: Detection ran, face_count=1[0m
[0;32mI (13016) app_main: Face 0 score=0.96 box=[131,133,744,948][0m
[0;32mI (13470) app_main: Frame count=100[0m
[0;32mI (13497) app_main: Detection ran, face_count=1[0m
[0;32mI (13497) app_main: Face 0 score=0.99 box=[96,89,774,929][0m
[0;32mI (13626) face_recognition_wrapper: Recognition result: unknown, no database match[0m
[0;32mI (13626) app_main: Recognition result: name=unknown score=0.000[0m
[0;32mI (14122) app_main: Detection ran, face_count=0[0m
[0;32mI (14613) app_main: Detection ran, face_count=1[0m
[0;32mI (14614) app_main: Face 0 score=0.94 box=[128,59,784,910][0m
[0;32mI (15099) app_main: Detection ran, face_count=1[0m
[0;32mI (15099) app_main: Face 0 score=0.96 box=[130,67,791,921][0m
[0;32mI (15580) app_main: Detection ran, face_count=0[0m
[0;32mI (16066) app_main: Detection ran, face_count=0[0m
[0;32mI (16552) app_main: Detection ran, face_count=0[0m
[0;32mI (17038) app_main: Detection ran, face_count=0[0m
[0;32mI (17525) app_main: Detection ran, face_count=0[0m
[0;32mI (18010) app_main: Detection ran, face_count=0[0m
[0;32mI (18497) app_main: Detection ran, face_count=0[0m
[0;32mI (18983) app_main: Detection ran, face_count=0[0m
[0;32mI (19469) app_main: Detection ran, face_count=0[0m
[0;32mI (19955) app_main: Detection ran, face_count=0[0m
[0;32mI (20441) app_main: Detection ran, face_count=0[0m
[0;32mI (20928) app_main: Detection ran, face_count=0[0m
[0;32mI (21414) app_main: Detection ran, face_count=0[0m
[0;32mI (21899) app_main: Detection ran, face_count=0[0m
[0;32mI (22386) app_main: Detection ran, face_count=0[0m
[0;32mI (22872) app_main: Detection ran, face_count=0[0m
[0;32mI (23337) app_main: Frame count=200[0m
[0;32mI (23358) app_main: Detection ran, face_count=0[0m
[0;32mI (23844) app_main: Detection ran, face_count=0[0m
[0;32mI (24330) app_main: Detection ran, face_count=0[0m
[0;32mI (24816) app_main: Detection ran, face_count=0[0m
[0;32mI (25303) app_main: Detection ran, face_count=0[0m
[0;32mI (25788) app_main: Detection ran, face_count=0[0m
[0;32mI (26275) app_main: Detection ran, face_count=0[0m
[0;32mI (26761) app_main: Detection ran, face_count=0[0m
[0;32mI (27247) app_main: Detection ran, face_count=0[0m
[0;32mI (27733) app_main: Detection ran, face_count=0[0m
[0;32mI (28219) app_main: Detection ran, face_count=0[0m
[0;32mI (28705) app_main: Detection ran, face_count=0[0m
[0;32mI (29191) app_main: Detection ran, face_count=0[0m
[0;32mI (29678) app_main: Detection ran, face_count=0[0m
[0;32mI (30164) app_main: Detection ran, face_count=0[0m
[0;32mI (30650) app_main: Detection ran, face_count=0[0m
[0;32mI (31137) app_main: Detection ran, face_count=0[0m
[0;32mI (31623) app_main: Detection ran, face_count=0[0m
[0;32mI (32109) app_main: Detection ran, face_count=0[0m
[0;32mI (32594) app_main: Detection ran, face_count=0[0m
[0;32mI (33060) app_main: Frame count=300[0m
[0;32mI (33081) app_main: Detection ran, face_count=0[0m
[0;32mI (33567) app_main: Detection ran, face_count=0[0m
[0;32mI (34053) app_main: Detection ran, face_count=0[0m
[0;32mI (34539) app_main: Detection ran, face_count=0[0m
[0;32mI (35025) app_main: Detection ran, face_count=0[0m
[0;32mI (35512) app_main: Detection ran, face_count=0[0m
[0;32mI (35997) app_main: Detection ran, face_count=0[0m
[0;32mI (36484) app_main: Detection ran, face_count=0[0m
[0;32mI (36970) app_main: Detection ran, face_count=0[0m
[0;32mI (37456) app_main: Detection ran, face_count=0[0m
[0;32mI (37942) app_main: Detection ran, face_count=0[0m
[0;32mI (38428) app_main: Detection ran, face_count=0[0m
[0;32mI (38914) app_main: Detection ran, face_count=0[0m
[0;32mI (39401) app_main: Detection ran, face_count=0[0m
[0;32mI (39886) app_main: Detection ran, face_count=0[0m
[0;32mI (40372) app_main: Detection ran, face_count=0[0m
[0;32mI (40859) app_main: Detection ran, face_count=0[0m
[0;32mI (41345) app_main: Detection ran, face_count=0[0m
[0;32mI (41832) app_main: Detection ran, face_count=0[0m
[0;32mI (42317) app_main: Detection ran, face_count=0[0m
[0;32mI (42782) app_main: Frame count=400[0m
[0;32mI (42803) app_main: Detection ran, face_count=0[0m
[0;32mI (43290) app_main: Detection ran, face_count=0[0m
[0;32mI (43776) app_main: Detection ran, face_count=0[0m
[0;32mI (44262) app_main: Detection ran, face_count=0[0m
[0;32mI (44748) app_main: Detection ran, face_count=0[0m
[0;32mI (45234) app_main: Detection ran, face_count=0[0m
[0;32mI (45720) app_main: Detection ran, face_count=0[0m
[0;32mI (46207) app_main: Detection ran, face_count=0[0m
[0;32mI (46693) app_main: Detection ran, face_count=0[0m
[0;32mI (47179) app_main: Detection ran, face_count=0[0m
[0;32mI (47666) app_main: Detection ran, face_count=0[0m
[0;32mI (48151) app_main: Detection ran, face_count=0[0m
[0;32mI (48637) app_main: Detection ran, face_count=0[0m
[0;32mI (49123) app_main: Detection ran, face_count=0[0m
[0;32mI (49610) app_main: Detection ran, face_count=0[0m
[0;32mI (50095) app_main: Detection ran, face_count=0[0m
[0;32mI (50582) app_main: Detection ran, face_count=0[0m
[0;32mI (51068) app_main: Detection ran, face_count=0[0m
[0;32mI (51554) app_main: Detection ran, face_count=0[0m
[0;32mI (52040) app_main: Detection ran, face_count=0[0m
[0;32mI (52505) app_main: Frame count=500[0m
[0;32mI (52526) app_main: Detection ran, face_count=0[0m
[0;32mI (53013) app_main: Detection ran, face_count=0[0m
[0;32mI (53499) app_main: Detection ran, face_count=0[0m
[0;32mI (53985) app_main: Detection ran, face_count=0[0m
[0;32mI (54471) app_main: Detection ran, face_count=0[0m
[0;32mI (54957) app_main: Detection ran, face_count=0[0m
[0;32mI (55443) app_main: Detection ran, face_count=0[0m
[0;32mI (55930) app_main: Detection ran, face_count=0[0m
[0;32mI (56415) app_main: Detection ran, face_count=0[0m
[0;32mI (56901) app_main: Detection ran, face_count=0[0m
[0;32mI (57388) app_main: Detection ran, face_count=0[0m
[0;32mI (57874) app_main: Detection ran, face_count=0[0m
[0;32mI (58360) app_main: Detection ran, face_count=0[0m
[0;32mI (58846) app_main: Detection ran, face_count=0[0m
[0;32mI (59332) app_main: Detection ran, face_count=0[0m
[0;32mI (59819) app_main: Detection ran, face_count=0[0m
[0;32mI (60305) app_main: Detection ran, face_count=0[0m
[0;32mI (60790) app_main: Detection ran, face_count=0[0m
[0;32mI (61277) app_main: Detection ran, face_count=0[0m
[0;32mI (61763) app_main: Detection ran, face_count=0[0m
[0;32mI (62228) app_main: Frame count=600[0m
[0;32mI (62249) app_main: Detection ran, face_count=0[0m
[0;32mI (62735) app_main: Detection ran, face_count=0[0m
[0;32mI (63221) app_main: Detection ran, face_count=0[0m
[0;32mI (63708) app_main: Detection ran, face_count=0[0m
[0;32mI (64193) app_main: Detection ran, face_count=0[0m
[0;32mI (64680) app_main: Detection ran, face_count=0[0m
[0;32mI (65166) app_main: Detection ran, face_count=0[0m
[0;32mI (65652) app_main: Detection ran, face_count=0[0m
[0;32mI (66138) app_main: Detection ran, face_count=0[0m
[0;32mI (66624) app_main: Detection ran, face_count=0[0m
[0;32mI (67111) app_main: Detection ran, face_count=0[0m
[0;32mI (67597) app_main: Detection ran, face_count=0[0m
[0;32mI (68083) app_main: Detection ran, face_count=0[0m
[0;32mI (68569) app_main: Detection ran, face_count=0[0m
[0;32mI (69055) app_main: Detection ran, face_count=0[0m
[0;32mI (69541) app_main: Detection ran, face_count=0[0m
[0;32mI (70028) app_main: Detection ran, face_count=0[0m
[0;32mI (70514) app_main: Detection ran, face_count=0[0m
[0;32mI (70999) app_main: Detection ran, face_count=0[0m
[0;32mI (71486) app_main: Detection ran, face_count=0[0m
[0;32mI (71951) app_main: Frame count=700[0m
[0;32mI (71972) app_main: Detection ran, face_count=0[0m
[0;32mI (72458) app_main: Detection ran, face_count=0[0m
[0;32mI (72944) app_main: Detection ran, face_count=0[0m
[0;32mI (73430) app_main: Detection ran, face_count=0[0m
[0;32mI (73917) app_main: Detection ran, face_count=0[0m
[0;32mI (74403) app_main: Detection ran, face_count=0[0m
[0;32mI (74888) app_main: Detection ran, face_count=0[0m
[0;32mI (75375) app_main: Detection ran, face_count=0[0m
[0;32mI (75861) app_main: Detection ran, face_count=0[0m
[0;32mI (76347) app_main: Detection ran, face_count=0[0m
[0;32mI (76834) app_main: Detection ran, face_count=0[0m
[0;32mI (77319) app_main: Detection ran, face_count=0[0m
[0;32mI (77806) app_main: Detection ran, face_count=0[0m
[0;32mI (78291) app_main: Detection ran, face_count=0[0m
[0;32mI (78778) app_main: Detection ran, face_count=0[0m
[0;32mI (79264) app_main: Detection ran, face_count=0[0m
[0;32mI (79750) app_main: Detection ran, face_count=0[0m
[0;32mI (80236) app_main: Detection ran, face_count=0[0m
[0;32mI (80722) app_main: Detection ran, face_count=0[0m
[0;32mI (81209) app_main: Detection ran, face_count=0[0m
[0;32mI (81674) app_main: Frame count=800[0m
[0;32mI (81695) app_main: Detection ran, face_count=0[0m
[0;32mI (82181) app_main: Detection ran, face_count=0[0m
[0;32mI (82667) app_main: Detection ran, face_count=0[0m
[0;32mI (83153) app_main: Detection ran, face_count=0[0m
[0;32mI (83639) app_main: Detection ran, face_count=0[0m
[0;32mI (84126) app_main: Detection ran, face_count=0[0m
[0;32mI (84611) app_main: Detection ran, face_count=0[0m
[0;32mI (85097) app_main: Detection ran, face_count=0[0m
[0;32mI (85589) app_main: Detection ran, face_count=1[0m
[0;32mI (85589) app_main: Face 0 score=0.98 box=[544,22,1160,863][0m
[0;32mI (85718) face_recognition_wrapper: Recognition result: unknown, no database match[0m
[0;32mI (85718) app_main: Recognition result: name=unknown score=0.000[0m
[0;32mI (86215) app_main: Detection ran, face_count=1[0m
[0;32mI (86215) app_main: Face 0 score=0.99 box=[358,32,984,837][0m
[0;32mI (86695) app_main: Detection ran, face_count=1[0m
[0;32mI (86695) app_main: Face 0 score=0.83 box=[453,26,1086,824][0m
[0;32mI (87186) app_main: Detection ran, face_count=1[0m
[0;32mI (87186) app_main: Face 0 score=0.91 box=[470,74,1072,851][0m
[0;32mI (87673) app_main: Detection ran, face_count=1[0m
[0;32mI (87673) app_main: Face 0 score=0.96 box=[464,54,1087,851][0m
[0;32mI (87802) face_recognition_wrapper: Face rejected: id=1 similarity=0.599 threshold=0.70[0m
[0;32mI (87802) app_main: Recognition result: name=unknown score=0.599[0m
[0;32mI (88298) app_main: Detection ran, face_count=1[0m
[0;32mI (88298) app_main: Face 0 score=0.92 box=[458,62,1047,826][0m
[0;32mI (88784) app_main: Detection ran, face_count=1[0m
[0;32mI (88784) app_main: Face 0 score=0.91 box=[466,72,1086,833][0m
[0;32mI (89265) app_main: Detection ran, face_count=0[0m
[0;32mI (89752) app_main: Detection ran, face_count=0[0m
[0;32mI (90237) app_main: Detection ran, face_count=0[0m
[0;32mI (90723) app_main: Detection ran, face_count=0[0m
[0;32mI (91209) app_main: Detection ran, face_count=0[0m
[0;32mI (91674) app_main: Frame count=900[0m
[0;32mI (91695) app_main: Detection ran, face_count=0[0m
[0;32mI (92181) app_main: Detection ran, face_count=0[0m
[0;32mI (92667) app_main: Detection ran, face_count=0[0m
[0;32mI (93153) app_main: Detection ran, face_count=0[0m
[0;32mI (93640) app_main: Detection ran, face_count=0[0m
[0;32mI (94126) app_main: Detection ran, face_count=0[0m
[0;32mI (94612) app_main: Detection ran, face_count=0[0m
[0;32mI (95098) app_main: Detection ran, face_count=0[0m
[0;32mI (95584) app_main: Detection ran, face_count=0[0m
[0;32mI (96071) app_main: Detection ran, face_count=0[0m
[0;32mI (96557) app_main: Detection ran, face_count=0[0m
[0;32mI (97042) app_main: Detection ran, face_count=0[0m
[0;32mI (97534) app_main: Detection ran, face_count=1[0m
[0;32mI (97535) app_main: Face 0 score=1.00 box=[499,71,1170,936][0m
[0;32mI (97664) face_recognition_wrapper: Recognition result: unknown, no database match[0m
[0;32mI (97664) app_main: Recognition result: name=unknown score=0.000[0m
[0;32mI (98155) app_main: Detection ran, face_count=0[0m
[0;32mI (98640) app_main: Detection ran, face_count=0[0m
[0;32mI (99127) app_main: Detection ran, face_count=0[0m
[0;32mI (99612) app_main: Detection ran, face_count=0[0m
[0;32mI (100098) app_main: Detection ran, face_count=0[0m
[0;32mI (100585) app_main: Detection ran, face_count=0[0m
[0;32mI (101071) app_main: Detection ran, face_count=0[0m
[0;32mI (101536) app_main: Frame count=1000[0m
[0;32mI (101557) app_main: Detection ran, face_count=0[0m
[0;32mI (102043) app_main: Detection ran, face_count=0[0m
[0;32mI (102529) app_main: Detection ran, face_count=0[0m
[0;32mI (103015) app_main: Detection ran, face_count=0[0m
[0;32mI (103501) app_main: Detection ran, face_count=0[0m
[0;32mI (103987) app_main: Detection ran, face_count=0[0m
[0;32mI (104474) app_main: Detection ran, face_count=0[0m
[0;32mI (104960) app_main: Detection ran, face_count=0[0m
[0;32mI (105446) app_main: Detection ran, face_count=0[0m
[0;32mI (105932) app_main: Detection ran, face_count=0[0m
[0;32mI (106418) app_main: Detection ran, face_count=0[0m
[0;32mI (106904) app_main: Detection ran, face_count=0[0m
[0;32mI (107391) app_main: Detection ran, face_count=0[0m
[0;32mI (107877) app_main: Detection ran, face_count=0[0m
[0;32mI (108363) app_main: Detection ran, face_count=0[0m
[0m
