[0;33m--- esp-idf-monitor 1.9.0 on /dev/ttyACM0 115200[0m
[0;33m--- Quit: Ctrl+] | Menu: Ctrl+T | Help: Ctrl+T followed by Ctrl+H[0m
Executing action: monitor
Running idf_monitor in directory /home/hazbiu/Programming/Bachelor_Thesis_ESP/src
Executing "/home/hazbiu/.espressif/tools/python/v5.5.4/venv/bin/python /home/hazbiu/.espressif/v5.5.4/esp-idf/tools/idf_monitor.py -p /dev/ttyACM0 -b 115200 --toolchain-prefix riscv32-esp-elf- --target esp32p4 --revision 1 --decode-panic backtrace /home/hazbiu/Programming/Bachelor_Thesis_ESP/src/build/video_lcd_display.elf /home/hazbiu/Programming/Bachelor_Thesis_ESP/src/build/bootloader/bootloader.elf -m '/home/hazbiu/.espressif/tools/python/v5.5.4/venv/bin/python' '/home/hazbiu/.espressif/v5.5.4/esp-idf/tools/idf.py' '-p' '/dev/ttyACM0' '-b' '115200'"...
ESP-ROM:esp32p4-eco2-20240710
Build:Jul 10 2024
rst:0x1 (POWERON),boot:0x30f (SPI_FAST_FLASH_BOOT)
SPI mode:DIO, clock div:1
load:0x4ff33ce0,len:0x173c
load:0x4ff29ed0,len:0xff0
[0m--- 0x4ff29ed0: [0;33mesp_bootloader_get_description[0m[0m at [0;32m/home/hazbiu/.espressif/v5.5.4/esp-idf/components/esp_bootloader_format/esp_bootloader_desc.c[0m[0m:[1;31m39[0m
load:0x4ff2cbd0,len:0x3608
[0m--- 0x4ff2cbd0: [0;33mesp_flash_encryption_enabled[0m[0m at [0;32m/home/hazbiu/.espressif/v5.5.4/esp-idf/components/bootloader_support/src/flash_encrypt.c[0m[0m:[1;31m89[0m
entry 0x4ff29eda
[0m--- 0x4ff29eda: [0;33mcall_start_cpu0[0m[0m at [0;32m/home/hazbiu/.espressif/v5.5.4/esp-idf/components/bootloader/subproject/main/bootloader_start.c[0m[0m:[1;31m27[0m
[0;32mI (26) boot: ESP-IDF v5.5.4 2nd stage bootloader[0m
[0;32mI (26) boot: compile time Jun 17 2026 19:42:39[0m
[0;32mI (26) boot: Multicore bootloader[0m
[0;32mI (28) boot: chip revision: v1.3[0m
[0;32mI (29) boot: efuse block revision: v0.3[0m
[0;32mI (32) qio_mode: Enabling default flash chip QIO[0m
[0;32mI (37) boot.esp32p4: SPI Speed      : 80MHz[0m
[0;32mI (41) boot.esp32p4: SPI Mode       : QIO[0m
[0;32mI (44) boot.esp32p4: SPI Flash Size : 16MB[0m
[0;32mI (48) boot: Enabling RNG early entropy source...[0m
[0;32mI (53) boot: Partition Table:[0m
[0;32mI (55) boot: ## Label            Usage          Type ST Offset   Length[0m
[0;32mI (62) boot:  0 nvs              WiFi data        01 02 0000b000 00006000[0m
[0;32mI (68) boot:  1 phy_init         RF data          01 01 00011000 00001000[0m
[0;32mI (75) boot:  2 storage          Unknown data     01 82 00012000 0000e000[0m
[0;32mI (81) boot:  3 factory          factory app      00 00 00020000 00f00000[0m
[0;32mI (89) boot: End of partition table[0m
[0;32mI (91) esp_image: segment 0: paddr=00020020 vaddr=482d0020 size=198ad4h (1673940) map[0m
[0;32mI (335) esp_image: segment 1: paddr=001b8afc vaddr=30100000 size=00068h (   104) load[0m
[0;32mI (337) esp_image: segment 2: paddr=001b8b6c vaddr=4ff00000 size=074ach ( 29868) load[0m
[0;32mI (345) esp_image: segment 3: paddr=001c0020 vaddr=48000020 size=2c2660h (2893408) map[0m
[0;32mI (755) esp_image: segment 4: paddr=00482688 vaddr=4ff074ac size=0f3d0h ( 62416) load[0m
[0;32mI (767) esp_image: segment 5: paddr=00491a60 vaddr=4ff16880 size=043cch ( 17356) load[0m
[0;32mI (776) boot: Loaded app from partition at offset 0x20000[0m
[0;32mI (777) boot: Disabling RNG early entropy source...[0m
[0;32mI (788) hex_psram: vendor id    : 0x0d (AP)[0m
[0;32mI (788) hex_psram: Latency      : 0x01 (Fixed)[0m
[0;32mI (788) hex_psram: DriveStr.    : 0x00 (25 Ohm)[0m
[0;32mI (789) hex_psram: dev id       : 0x03 (generation 4)[0m
[0;32mI (794) hex_psram: density      : 0x07 (256 Mbit)[0m
[0;32mI (798) hex_psram: good-die     : 0x06 (Pass)[0m
[0;32mI (802) hex_psram: SRF          : 0x02 (Slow Refresh)[0m
[0;32mI (807) hex_psram: BurstType    : 0x00 ( Wrap)[0m
[0;32mI (811) hex_psram: BurstLen     : 0x03 (2048 Byte)[0m
[0;32mI (816) hex_psram: BitMode      : 0x01 (X16 Mode)[0m
[0;32mI (820) hex_psram: Readlatency  : 0x04 (14 cycles@Fixed)[0m
[0;32mI (825) hex_psram: DriveStrength: 0x00 (1/1)[0m
[0;32mI (829) MSPI Timing: Enter psram timing tuning[0m
I esp_psram: Found 32MB PSRAM device
I esp_psram: Speed: 200MHz
[0;32mI (1081) mmu_psram: .rodata xip on psram[0m
[0;32mI (1220) mmu_psram: .text xip on psram[0m
[0;32mI (1220) hex_psram: psram CS IO is dedicated[0m
[0;32mI (1221) cpu_start: Multicore app[0m
[0;32mI (1635) esp_psram: SPI SRAM memory test OK[0m
[0;32mI (1644) cpu_start: GPIO 38 and 37 are used as console UART I/O pins[0m
[0;32mI (1644) cpu_start: Pro cpu start user code[0m
[0;32mI (1644) cpu_start: cpu freq: 360000000 Hz[0m
[0;32mI (1646) app_init: Application information:[0m
[0;32mI (1650) app_init: Project name:     video_lcd_display[0m
[0;32mI (1655) app_init: App version:      64c9fae-dirty[0m
[0;32mI (1660) app_init: Compile time:     Jun 17 2026 21:28:38[0m
[0;32mI (1665) app_init: ELF file SHA256:  9dc01bd1a...[0m
[0;32mI (1669) app_init: ESP-IDF:          v5.5.4[0m
[0;32mI (1673) efuse_init: Min chip rev:     v0.1[0m
[0;32mI (1677) efuse_init: Max chip rev:     v1.99 [0m
[0;32mI (1681) efuse_init: Chip rev:         v1.3[0m
[0;32mI (1685) heap_init: Initializing. RAM available for dynamic allocation:[0m
[0;32mI (1691) heap_init: At 4FF1CFE0 len 0001DFE0 (119 KiB): RETENT_RAM[0m
[0;32mI (1697) heap_init: At 4FF3AFC0 len 00004BF0 (18 KiB): RAM[0m
[0;32mI (1702) heap_init: At 4FF40000 len 00040000 (256 KiB): RAM[0m
[0;32mI (1708) heap_init: At 50108080 len 00007F80 (31 KiB): RTCRAM[0m
[0;32mI (1713) heap_init: At 30100068 len 00001F98 (7 KiB): TCM[0m
[0;32mI (1718) esp_psram: Adding pool of 28224K of PSRAM memory to heap allocator[0m
[0;32mI (1725) esp_psram: Adding pool of 54K of PSRAM memory gap generated due to end address alignment of irom to the heap allocator[0m
[0;32mI (1736) esp_psram: Adding pool of 29K of PSRAM memory gap generated due to end address alignment of drom to the heap allocator[0m
[0;32mI (1748) spi_flash: detected chip: gd[0m
[0;32mI (1751) spi_flash: flash io: qio[0m
[0;32mI (1754) sleep_gpio: Configure to isolate all GPIO pins in sleep state[0m
[0;32mI (1760) sleep_gpio: Enable automatic switching of GPIO sleep configuration[0m
[0;32mI (1767) main_task: Started on CPU0[0m
[0;32mI (1771) esp_psram: Reserving pool of 32K of internal memory for DMA/internal allocations[0m
[0;32mI (1778) main_task: Calling app_main()[0m
[0;32mI (1782) esp_lvgl:adapter: LVGL adapter initialized successfully[0m
[0;33mW (1787) i2c.master: Please check pull-up resistances whether be connected properly. Otherwise unexpected behavior would happen. For more detailed information, please read docs[0m
[0;32mI (1803) ESP32_P4_PLATFORM: MIPI DSI PHY Powered on[0m
[0;32mI (1808) ESP32_P4_PLATFORM: Install MIPI DSI LCD control panel[0m
[0;32mI (1813) ESP32_P4_PLATFORM: Install Waveshare LCD control panel[0m
[0;32mI (1818) jd9365: version: 1.0.6[0m
[0;32mI (1821) i2c_bus: I2C Bus V2 uses the externally initialized bus handle[0m
[0;32mI (3081) jd9365: LCD ID: 93 65 04[0m
[0;32mI (3223) ESP32_P4_PLATFORM: Display initialized[0m
[0;32mI (3225) esp_lvgl:bridge_v9: Initializing hardware resources[0m
[0;32mI (3225) esp_lvgl:bridge_v9: Hardware resources initialized successfully[0m
[0;32mI (3228) ESP32_P4_PLATFORM: Touch 0x5d found[0m
[0;32mI (3231) GT911: I2C address initialization procedure skipped - using default GT9xx setup[0m
[0;32mI (3240) GT911: TouchPad_ID:0x39,0x32,0x37[0m
[0;32mI (3243) GT911: TouchPad_Config_Version:130[0m
[0;32mI (3247) esp_lvgl:touch: Touch input device registered successfully (IRQ mode: disabled)[0m
[0;32mI (3255) esp_lvgl:adapter: LVGL task started successfully[0m
[0;32mI (3256) esp_lvgl:bridge: Initializing hardware resources[0m
[0;32mI (3265) esp_lvgl:bridge: Hardware resources initialized successfully[0m
[0;32mI (3277) app_main: SPIFFS mounted: total=45431 used=502[0m
[0;33mW (3278) ldo: The voltage value 0 is out of the recommended range [500, 2700][0m
[0;32mI (3554) app_main: SD card mounted at /sdcard[0m
[0;32mI (3565) app_main: Wrote /sdcard/test.txt[0m
[0;32mI (3565) face_detect_wrapper: HumanFaceDetect initialized[0m
[0;33mW (3566) FbsLoader: There is only one model in the flatbuffers, ignore the input model name![0m
[0;33mW (3571) FbsLoader: CONFIG_SPIRAM_RODATA or CONFIG_SPIRAM_XIP_FROM_PSRAM option is on, fbs model is copied to PSRAM.[0m
[0;33mW (3646) dl::Model: Minimize() will delete variables not used in model inference, which will make it impossible to test or debug the model.[0m
[0;32mI (3565) face_recognition_wrapper: HumanFaceRecognizer initialized from /sdcard/face.db, enrolled=2[0m
[0;32mI (3656) ov5647: Detected Camera sensor PID=0x5647[0m
[0;32mI (3689) app_video: version: 0.8.0[0m
[0;32mI (3689) app_video: driver:  MIPI-CSI[0m
[0;32mI (3689) app_video: card:    MIPI-CSI[0m
[0;32mI (3689) app_video: bus:     esp32p4:MIPI-CSI[0m
[0;32mI (3691) app_video: width=1280 height=960[0m
[0;32mI (3696) app_main: Using user defined buffer[0m
[0;32mI (3740) app_video: Video Stream Start[0m
[0;32mI (3741) main_task: Returned from app_main()[0m
[0;33mW (4216) FbsLoader: CONFIG_SPIRAM_RODATA or CONFIG_SPIRAM_XIP_FROM_PSRAM option is on, fbs model is copied to PSRAM.[0m
[0;33mW (4244) dl::Model: Minimize() will delete variables not used in model inference, which will make it impossible to test or debug the model.[0m
[0;33mW (4246) FbsLoader: CONFIG_SPIRAM_RODATA or CONFIG_SPIRAM_XIP_FROM_PSRAM option is on, fbs model is copied to PSRAM.[0m
[0;33mW (4266) dl::Model: Minimize() will delete variables not used in model inference, which will make it impossible to test or debug the model.[0m
[0;32mI (4289) app_main: Detection ran, face_count=0[0m
[0;32mI (4769) app_main: Detection ran, face_count=0[0m
[0;32mI (5255) app_main: Detection ran, face_count=0[0m
[0;32mI (5741) app_main: Detection ran, face_count=0[0m
[0;32mI (6228) app_main: Detection ran, face_count=0[0m
[0;32mI (6713) app_main: Detection ran, face_count=0[0m
[0;32mI (7205) app_main: Detection ran, face_count=1[0m
[0;32mI (7205) app_main: Face 0 score=0.89 box=[539,119,1145,801][0m
[0;32mI (7333) face_recognition_wrapper: Recognized id=2 as person_1 similarity=0.715 threshold=0.55[0m
[0;32mI (7334) app_main: Recognition result: name=person_1 score=0.715[0m
[0;32mI (7830) app_main: Detection ran, face_count=1[0m
[0;32mI (7831) app_main: Face 0 score=0.89 box=[319,89,924,803][0m
[0;32mI (7959) face_recognition_wrapper: Recognized id=2 as person_1 similarity=0.640 threshold=0.55[0m
[0;32mI (7959) app_main: Recognition result: name=person_1 score=0.640[0m
[0;32mI (8450) app_main: Detection ran, face_count=0[0m
[0;32mI (8937) app_main: Detection ran, face_count=0[0m
[0;32mI (9422) app_main: Detection ran, face_count=0[0m
[0;32mI (9908) app_main: Detection ran, face_count=0[0m
[0;32mI (10394) app_main: Detection ran, face_count=0[0m
[0;32mI (10881) app_main: Detection ran, face_count=0[0m
[0;32mI (11367) app_main: Detection ran, face_count=0[0m
[0;32mI (11853) app_main: Detection ran, face_count=0[0m
[0;32mI (12339) app_main: Detection ran, face_count=0[0m
[0;32mI (12825) app_main: Detection ran, face_count=0[0m
[0;32mI (13311) app_main: Detection ran, face_count=0[0m
[0;32mI (13776) app_main: Frame count=100[0m
[0;32mI (13798) app_main: Detection ran, face_count=0[0m
[0;32mI (14283) app_main: Detection ran, face_count=0[0m
[0;32mI (14770) app_main: Detection ran, face_count=0[0m
[0;32mI (15256) app_main: Detection ran, face_count=0[0m
[0;32mI (15742) app_main: Detection ran, face_count=0[0m
[0;32mI (16228) app_main: Detection ran, face_count=0[0m
[0;32mI (16714) app_main: Detection ran, face_count=0[0m
[0;32mI (17200) app_main: Detection ran, face_count=0[0m
[0;32mI (17687) app_main: Detection ran, face_count=0[0m
[0;32mI (18172) app_main: Detection ran, face_count=0[0m
[0;32mI (18658) app_main: Detection ran, face_count=0[0m
[0;32mI (19151) app_main: Detection ran, face_count=1[0m
[0;32mI (19151) app_main: Face 0 score=1.00 box=[106,14,822,869][0m
[0;32mI (19279) face_recognition_wrapper: Face rejected: id=2 similarity=0.530 threshold=0.55[0m
[0;32mI (19280) app_main: Recognition result: name=unknown score=0.530[0m
[0;32mI (19770) app_main: Detection ran, face_count=0[0m
[0;32mI (20256) app_main: Detection ran, face_count=0[0m
[0;32mI (20742) app_main: Detection ran, face_count=0[0m
[0;32mI (21228) app_main: Detection ran, face_count=0[0m
[0;32mI (21714) app_main: Detection ran, face_count=0[0m
[0;32mI (22201) app_main: Detection ran, face_count=0[0m
[0;32mI (22686) app_main: Detection ran, face_count=0[0m
[0;32mI (23172) app_main: Detection ran, face_count=0[0m
[0;32mI (23638) app_main: Frame count=200[0m
[0;32mI (23660) app_main: Detection ran, face_count=0[0m
[0;32mI (24145) app_main: Detection ran, face_count=0[0m
[0;32mI (24631) app_main: Detection ran, face_count=0[0m
[0;32mI (25117) app_main: Detection ran, face_count=0[0m
[0;32mI (25608) app_main: Detection ran, face_count=1[0m
[0;32mI (25608) app_main: Face 0 score=0.95 box=[307,140,962,922][0m
[0;32mI (25737) face_recognition_wrapper: Recognized id=2 as person_1 similarity=0.665 threshold=0.55[0m
[0;32mI (25737) app_main: Recognition result: name=person_1 score=0.665[0m
[0;32mI (26229) app_main: Detection ran, face_count=0[0m
[0;32mI (26715) app_main: Detection ran, face_count=0[0m
[0;32mI (27201) app_main: Detection ran, face_count=0[0m
[0;32mI (27687) app_main: Detection ran, face_count=0[0m
[0;32mI (28173) app_main: Detection ran, face_count=0[0m
[0;32mI (28659) app_main: Detection ran, face_count=0[0m
[0;32mI (29145) app_main: Detection ran, face_count=0[0m
[0;32mI (29631) app_main: Detection ran, face_count=0[0m
[0;32mI (30123) app_main: Detection ran, face_count=1[0m
[0;32mI (30123) app_main: Face 0 score=0.91 box=[333,93,950,784][0m
[0;32mI (30251) face_recognition_wrapper: Recognized id=2 as person_1 similarity=0.675 threshold=0.55[0m
[0;32mI (30251) app_main: Recognition result: name=person_1 score=0.675[0m
[0;32mI (30743) app_main: Detection ran, face_count=0[0m
[0;32mI (31229) app_main: Detection ran, face_count=0[0m
[0;32mI (31715) app_main: Detection ran, face_count=0[0m
[0;32mI (32201) app_main: Detection ran, face_count=0[0m
[0;32mI (32693) app_main: Detection ran, face_count=1[0m
[0;32mI (32693) app_main: Face 0 score=0.79 box=[291,56,931,854][0m
[0;32mI (33179) app_main: Detection ran, face_count=1[0m
[0;32mI (33179) app_main: Face 0 score=0.98 box=[296,69,944,855][0m
[0;32mI (33309) face_recognition_wrapper: Recognized id=2 as person_1 similarity=0.691 threshold=0.55[0m
[0;32mI (33309) app_main: Recognition result: name=person_1 score=0.691[0m
[0;32mI (33778) app_main: Frame count=300[0m
[0;32mI (33804) app_main: Detection ran, face_count=1[0m
[0;32mI (33804) app_main: Face 0 score=0.97 box=[291,111,951,876][0m
[0;32mI (33934) face_recognition_wrapper: Recognized id=2 as person_1 similarity=0.673 threshold=0.55[0m
[0;32mI (33934) app_main: Recognition result: name=person_1 score=0.673[0m
[0;32mI (34429) app_main: Detection ran, face_count=1[0m
[0;32mI (34429) app_main: Face 0 score=0.96 box=[288,93,988,922][0m
[0;32mI (34558) face_recognition_wrapper: Recognized id=2 as person_1 similarity=0.660 threshold=0.55[0m
[0;32mI (34558) app_main: Recognition result: name=person_1 score=0.660[0m
[0;32mI (35054) app_main: Detection ran, face_count=1[0m
[0;32mI (35054) app_main: Face 0 score=0.92 box=[316,111,971,896][0m
[0;32mI (35184) face_recognition_wrapper: Recognized id=2 as person_1 similarity=0.689 threshold=0.55[0m
[0;32mI (35184) app_main: Recognition result: name=person_1 score=0.689[0m
[0;32mI (35680) app_main: Detection ran, face_count=1[0m
[0;32mI (35680) app_main: Face 0 score=0.99 box=[292,104,972,915][0m
[0;32mI (35808) face_recognition_wrapper: Recognized id=2 as person_1 similarity=0.653 threshold=0.55[0m
[0;32mI (35809) app_main: Recognition result: name=person_1 score=0.653[0m
[0;32mI (36299) app_main: Detection ran, face_count=0[0m
[0;32mI (36785) app_main: Detection ran, face_count=0[0m
[0;32mI (37276) app_main: Detection ran, face_count=1[0m
[0;32mI (37276) app_main: Face 0 score=1.00 box=[319,118,959,870][0m
[0;32mI (37405) face_recognition_wrapper: Recognized id=2 as person_1 similarity=0.714 threshold=0.55[0m
[0;32mI (37405) app_main: Recognition result: name=person_1 score=0.714[0m
[0;32mI (37896) app_main: Detection ran, face_count=0[0m
[0;32mI (38388) app_main: Detection ran, face_count=1[0m
[0;32mI (38388) app_main: Face 0 score=0.85 box=[330,100,970,826][0m
[0;32mI (38517) face_recognition_wrapper: Recognized id=2 as person_1 similarity=0.684 threshold=0.55[0m
[0;32mI (38517) app_main: Recognition result: name=person_1 score=0.684[0m
[0;32mI (39007) app_main: Detection ran, face_count=0[0m
[0;32mI (39493) app_main: Detection ran, face_count=0[0m
[0;32mI (39979) app_main: Detection ran, face_count=0[0m
[0;32mI (40465) app_main: Detection ran, face_count=0[0m
[0;32mI (40951) app_main: Detection ran, face_count=0[0m
[0;32mI (41437) app_main: Detection ran, face_count=0[0m
[0;32mI (41924) app_main: Detection ran, face_count=0[0m
[0;32mI (42410) app_main: Detection ran, face_count=0[0m
[0;32mI (42896) app_main: Detection ran, face_count=0[0m
[0;32mI (43382) app_main: Detection ran, face_count=0[0m
[0;32mI (43868) app_main: Detection ran, face_count=0[0m
[0;32mI (44334) app_main: Frame count=400[0m
[0;32mI (44354) app_main: Detection ran, face_count=0[0m
[0;32mI (44846) app_main: Detection ran, face_count=1[0m
[0;32mI (44846) app_main: Face 0 score=0.96 box=[233,144,775,857][0m
[0;32mI (44974) face_recognition_wrapper: Recognition result: unknown, no database match[0m
[0;32mI (44974) app_main: Recognition result: name=unknown score=0.000[0m
[0;32mI (45471) app_main: Detection ran, face_count=1[0m
[0;32mI (45471) app_main: Face 0 score=0.99 box=[235,168,769,896][0m
[0;32mI (45601) face_recognition_wrapper: Face rejected: id=1 similarity=0.536 threshold=0.55[0m
[0;32mI (45602) app_main: Recognition result: name=unknown score=0.536[0m
[0;32mI (46096) app_main: Detection ran, face_count=1[0m
[0;32mI (46096) app_main: Face 0 score=0.99 box=[232,170,766,892][0m
[0;32mI (46227) face_recognition_wrapper: Recognition result: unknown, no database match[0m
[0;32mI (46227) app_main: Recognition result: name=unknown score=0.000[0m
[0;32mI (46721) app_main: Detection ran, face_count=1[0m
[0;32mI (46721) app_main: Face 0 score=0.99 box=[215,148,770,906][0m
[0;32mI (46850) face_recognition_wrapper: Recognition result: unknown, no database match[0m
[0;32mI (46850) app_main: Recognition result: name=unknown score=0.000[0m
[0;32mI (47341) app_main: Detection ran, face_count=0[0m
[0;32mI (47827) app_main: Detection ran, face_count=0[0m
[0;32mI (48313) app_main: Detection ran, face_count=0[0m
[0;32mI (48799) app_main: Detection ran, face_count=0[0m
[0;32mI (49285) app_main: Detection ran, face_count=0[0m
[0;32mI (49772) app_main: Detection ran, face_count=0[0m
[0;32mI (50257) app_main: Detection ran, face_count=0[0m
[0;32mI (50743) app_main: Detection ran, face_count=0[0m
[0;32mI (51230) app_main: Detection ran, face_count=0[0m
[0;32mI (51716) app_main: Detection ran, face_count=0[0m
[0;32mI (52202) app_main: Detection ran, face_count=0[0m
[0;32mI (52688) app_main: Detection ran, face_count=0[0m
[0;32mI (53174) app_main: Detection ran, face_count=0[0m
[0;32mI (53666) app_main: Detection ran, face_count=1[0m
[0;32mI (53666) app_main: Face 0 score=0.62 box=[237,72,783,768][0m
[0;32mI (54147) app_main: Detection ran, face_count=0[0m
[0;32mI (54612) app_main: Frame count=500[0m
[0;32mI (54633) app_main: Detection ran, face_count=0[0m
[0;32mI (55119) app_main: Detection ran, face_count=0[0m
[0;32mI (55605) app_main: Detection ran, face_count=0[0m
[0;32mI (56092) app_main: Detection ran, face_count=0[0m
[0;32mI (56577) app_main: Detection ran, face_count=0[0m
[0;32mI (57063) app_main: Detection ran, face_count=0[0m
[0;32mI (57549) app_main: Detection ran, face_count=0[0m
[0;32mI (58036) app_main: Detection ran, face_count=0[0m
[0;32mI (58522) app_main: Detection ran, face_count=0[0m
[0;32mI (59013) app_main: Detection ran, face_count=1[0m
[0;32mI (59013) app_main: Face 0 score=1.00 box=[424,137,927,782][0m
[0;32mI (59143) face_recognition_wrapper: Recognized id=2 as person_1 similarity=0.616 threshold=0.55[0m
[0;32mI (59143) app_main: Recognition result: name=person_1 score=0.616[0m
[0;32mI (59633) app_main: Detection ran, face_count=0[0m
[0;32mI (60119) app_main: Detection ran, face_count=0[0m
[0;32mI (60606) app_main: Detection ran, face_count=0[0m
[0;32mI (61091) app_main: Detection ran, face_count=0[0m
[0;32mI (61577) app_main: Detection ran, face_count=0[0m
[0;32mI (62064) app_main: Detection ran, face_count=0[0m
[0;32mI (62550) app_main: Detection ran, face_count=0[0m
[0;32mI (63041) app_main: Detection ran, face_count=1[0m
[0;32mI (63041) app_main: Face 0 score=1.00 box=[334,182,794,779][0m
[0;32mI (63169) face_recognition_wrapper: Recognized id=2 as person_1 similarity=0.684 threshold=0.55[0m
[0;32mI (63169) app_main: Recognition result: name=person_1 score=0.684[0m
[0;32mI (63661) app_main: Detection ran, face_count=0[0m
[0;32mI (64147) app_main: Detection ran, face_count=0[0m
[0;32mI (64612) app_main: Frame count=600[0m
[0;32mI (64634) app_main: Detection ran, face_count=0[0m
[0;32mI (65119) app_main: Detection ran, face_count=0[0m
[0;32mI (65606) app_main: Detection ran, face_count=0[0m
[0;32mI (66092) app_main: Detection ran, face_count=0[0m
[0;32mI (66578) app_main: Detection ran, face_count=0[0m
[0;32mI (67064) app_main: Detection ran, face_count=0[0m
[0;32mI (67550) app_main: Detection ran, face_count=0[0m
[0;32mI (68036) app_main: Detection ran, face_count=0[0m
[0;32mI (68522) app_main: Detection ran, face_count=0[0m
[0;32mI (69009) app_main: Detection ran, face_count=0[0m
[0;32mI (69495) app_main: Detection ran, face_count=0[0m
[0;32mI (69980) app_main: Detection ran, face_count=0[0m
[0;32mI (70467) app_main: Detection ran, face_count=0[0m
[0;32mI (70953) app_main: Detection ran, face_count=0[0m
[0;32mI (71439) app_main: Detection ran, face_count=0[0m
[0;32mI (71925) app_main: Detection ran, face_count=0[0m
[0;32mI (72411) app_main: Detection ran, face_count=0[0m
[0;32mI (72897) app_main: Detection ran, face_count=0[0m
[0;32mI (73384) app_main: Detection ran, face_count=0[0m
[0;32mI (73869) app_main: Detection ran, face_count=0[0m
[0;32mI (74335) app_main: Frame count=700[0m
[0;32mI (74356) app_main: Detection ran, face_count=0[0m
[0;32mI (74842) app_main: Detection ran, face_count=0[0m
[0;32mI (75328) app_main: Detection ran, face_count=0[0m
[0;32mI (75815) app_main: Detection ran, face_count=0[0m
[0;32mI (76300) app_main: Detection ran, face_count=0[0m
[0;32mI (76787) app_main: Detection ran, face_count=0[0m
[0;32mI (77273) app_main: Detection ran, face_count=0[0m
[0;32mI (77759) app_main: Detection ran, face_count=0[0m
[0;32mI (78245) app_main: Detection ran, face_count=0[0m
[0;32mI (78731) app_main: Detection ran, face_count=0[0m
[0;32mI (79218) app_main: Detection ran, face_count=0[0m
[0;32mI (79703) app_main: Detection ran, face_count=0[0m
[0;32mI (80190) app_main: Detection ran, face_count=0[0m
[0;32mI (80676) app_main: Detection ran, face_count=0[0m
[0;32mI (81162) app_main: Detection ran, face_count=0[0m
[0;32mI (81648) app_main: Detection ran, face_count=0[0m
[0;32mI (82134) app_main: Detection ran, face_count=0[0m
[0;32mI (82620) app_main: Detection ran, face_count=0[0m
[0;32mI (83107) app_main: Detection ran, face_count=0[0m
[0;32mI (83592) app_main: Detection ran, face_count=0[0m
[0m
