[0;33m--- esp-idf-monitor 1.9.0 on /dev/ttyACM0 115200[0m
[0;33m--- Quit: Ctrl+] | Menu: Ctrl+T | Help: Ctrl+T followed by Ctrl+H[0m
Executing action: monitor
Running idf_monitor in directory /home/hazbiu/Programming/Bachelor_Thesis_ESP/src
Executing "/home/hazbiu/.espressif/tools/python/v5.5.4/venv/bin/python /home/hazbiu/.espressif/v5.5.4/esp-idf/tools/idf_monitor.py -p /dev/ttyACM0 -b 115200 --toolchain-prefix riscv32-esp-elf- --target esp32p4 --revision 1 --decode-panic backtrace /home/hazbiu/Programming/Bachelor_Thesis_ESP/src/build/video_lcd_display.elf /home/hazbiu/Programming/Bachelor_Thesis_ESP/src/build/bootloader/bootloader.elf -m '/home/hazbiu/.espressif/tools/python/v5.5.4/venv/bin/python' '/home/hazbiu/.espressif/v5.5.4/esp-idf/tools/idf.py' '-p' '/dev/ttyACM0' '-b' '115200'"...
ESP-ROM:esp32p4-eco2-20240710
Build:Jul 10 2024
rst:0x1 (POWERON),boot:0x30f (SPI_FAST_FLASH_BOOT)
SPI mode:DIO, clock div:1
load:0x4ff33ce0,len:0x173c
load:0x4ff29ed0,len:0xff0
[0m--- 0x4ff29ed0: [0;33mesp_bootloader_get_description[0m[0m at [0;32m/home/hazbiu/.espressif/v5.5.4/esp-idf/components/esp_bootloader_format/esp_bootloader_desc.c[0m[0m:[1;31m39[0m
load:0x4ff2cbd0,len:0x3608
[0m--- 0x4ff2cbd0: [0;33mesp_flash_encryption_enabled[0m[0m at [0;32m/home/hazbiu/.espressif/v5.5.4/esp-idf/components/bootloader_support/src/flash_encrypt.c[0m[0m:[1;31m89[0m
entry 0x4ff29eda
[0m--- 0x4ff29eda: [0;33mcall_start_cpu0[0m[0m at [0;32m/home/hazbiu/.espressif/v5.5.4/esp-idf/components/bootloader/subproject/main/bootloader_start.c[0m[0m:[1;31m27[0m
[0;32mI (26) boot: ESP-IDF v5.5.4 2nd stage bootloader[0m
[0;32mI (26) boot: compile time Jun  7 2026 22:22:01[0m
[0;32mI (26) boot: Multicore bootloader[0m
[0;32mI (28) boot: chip revision: v1.3[0m
[0;32mI (29) boot: efuse block revision: v0.3[0m
[0;32mI (32) qio_mode: Enabling default flash chip QIO[0m
[0;32mI (37) boot.esp32p4: SPI Speed      : 80MHz[0m
[0;32mI (41) boot.esp32p4: SPI Mode       : QIO[0m
[0;32mI (44) boot.esp32p4: SPI Flash Size : 16MB[0m
[0;32mI (48) boot: Enabling RNG early entropy source...[0m
[0;32mI (53) boot: Partition Table:[0m
[0;32mI (55) boot: ## Label            Usage          Type ST Offset   Length[0m
[0;32mI (62) boot:  0 nvs              WiFi data        01 02 0000b000 00006000[0m
[0;32mI (68) boot:  1 phy_init         RF data          01 01 00011000 00001000[0m
[0;32mI (75) boot:  2 storage          Unknown data     01 82 00012000 0000e000[0m
[0;32mI (81) boot:  3 factory          factory app      00 00 00020000 00f00000[0m
[0;32mI (89) boot: End of partition table[0m
[0;32mI (91) esp_image: segment 0: paddr=00020020 vaddr=482c0020 size=1964bch (1664188) map[0m
[0;32mI (334) esp_image: segment 1: paddr=001b64e4 vaddr=30100000 size=00068h (   104) load[0m
[0;32mI (336) esp_image: segment 2: paddr=001b6554 vaddr=4ff00000 size=09ac4h ( 39620) load[0m
[0;32mI (346) esp_image: segment 3: paddr=001c0020 vaddr=48000020 size=2b40e0h (2834656) map[0m
[0;32mI (746) esp_image: segment 4: paddr=00474108 vaddr=4ff09ac4 size=0cd10h ( 52496) load[0m
[0;32mI (756) esp_image: segment 5: paddr=00480e20 vaddr=4ff16800 size=0438ch ( 17292) load[0m
[0;32mI (766) boot: Loaded app from partition at offset 0x20000[0m
[0;32mI (766) boot: Disabling RNG early entropy source...[0m
[0;32mI (777) hex_psram: vendor id    : 0x0d (AP)[0m
[0;32mI (777) hex_psram: Latency      : 0x01 (Fixed)[0m
[0;32mI (778) hex_psram: DriveStr.    : 0x00 (25 Ohm)[0m
[0;32mI (778) hex_psram: dev id       : 0x03 (generation 4)[0m
[0;32mI (783) hex_psram: density      : 0x07 (256 Mbit)[0m
[0;32mI (788) hex_psram: good-die     : 0x06 (Pass)[0m
[0;32mI (792) hex_psram: SRF          : 0x02 (Slow Refresh)[0m
[0;32mI (796) hex_psram: BurstType    : 0x00 ( Wrap)[0m
[0;32mI (801) hex_psram: BurstLen     : 0x03 (2048 Byte)[0m
[0;32mI (805) hex_psram: BitMode      : 0x01 (X16 Mode)[0m
[0;32mI (809) hex_psram: Readlatency  : 0x04 (14 cycles@Fixed)[0m
[0;32mI (815) hex_psram: DriveStrength: 0x00 (1/1)[0m
[0;32mI (819) MSPI Timing: Enter psram timing tuning[0m
I esp_psram: Found 32MB PSRAM device
I esp_psram: Speed: 200MHz
[0;32mI (1071) mmu_psram: .rodata xip on psram[0m
[0;32mI (1207) mmu_psram: .text xip on psram[0m
[0;32mI (1207) hex_psram: psram CS IO is dedicated[0m
[0;32mI (1208) cpu_start: Multicore app[0m
[0;32mI (1619) esp_psram: SPI SRAM memory test OK[0m
[0;32mI (1628) cpu_start: GPIO 38 and 37 are used as console UART I/O pins[0m
[0;32mI (1628) cpu_start: Pro cpu start user code[0m
[0;32mI (1628) cpu_start: cpu freq: 360000000 Hz[0m
[0;32mI (1630) app_init: Application information:[0m
[0;32mI (1634) app_init: Project name:     video_lcd_display[0m
[0;32mI (1639) app_init: App version:      57f499e-dirty[0m
[0;32mI (1644) app_init: Compile time:     Jun  7 2026 22:30:45[0m
[0;32mI (1649) app_init: ELF file SHA256:  065408ccd...[0m
[0;32mI (1653) app_init: ESP-IDF:          v5.5.4[0m
[0;32mI (1657) efuse_init: Min chip rev:     v0.1[0m
[0;32mI (1661) efuse_init: Max chip rev:     v1.99 [0m
[0;32mI (1665) efuse_init: Chip rev:         v1.3[0m
[0;32mI (1669) heap_init: Initializing. RAM available for dynamic allocation:[0m
[0;32mI (1675) heap_init: At 4FF1CEC0 len 0001E100 (120 KiB): RETENT_RAM[0m
[0;32mI (1681) heap_init: At 4FF3AFC0 len 00004BF0 (18 KiB): RAM[0m
[0;32mI (1686) heap_init: At 4FF40000 len 00040000 (256 KiB): RAM[0m
[0;32mI (1692) heap_init: At 50108080 len 00007F80 (31 KiB): RTCRAM[0m
[0;32mI (1697) heap_init: At 30100068 len 00001F98 (7 KiB): TCM[0m
[0;32mI (1702) esp_psram: Adding pool of 28288K of PSRAM memory to heap allocator[0m
[0;32mI (1709) esp_psram: Adding pool of 47K of PSRAM memory gap generated due to end address alignment of irom to the heap allocator[0m
[0;32mI (1720) esp_psram: Adding pool of 38K of PSRAM memory gap generated due to end address alignment of drom to the heap allocator[0m
[0;32mI (1732) spi_flash: detected chip: gd[0m
[0;32mI (1735) spi_flash: flash io: qio[0m
[0;32mI (1738) sleep_gpio: Configure to isolate all GPIO pins in sleep state[0m
[0;32mI (1744) sleep_gpio: Enable automatic switching of GPIO sleep configuration[0m
[0;32mI (1751) main_task: Started on CPU0[0m
[0;32mI (1755) esp_psram: Reserving pool of 32K of internal memory for DMA/internal allocations[0m
[0;32mI (1762) main_task: Calling app_main()[0m
[0;32mI (1766) esp_lvgl:adapter: LVGL adapter initialized successfully[0m
[0;33mW (1771) i2c.master: Please check pull-up resistances whether be connected properly. Otherwise unexpected behavior would happen. For more detailed information, please read docs[0m
[0;32mI (1787) ESP32_P4_PLATFORM: MIPI DSI PHY Powered on[0m
[0;32mI (1792) ESP32_P4_PLATFORM: Install MIPI DSI LCD control panel[0m
[0;32mI (1797) ESP32_P4_PLATFORM: Install Waveshare LCD control panel[0m
[0;32mI (1802) jd9365: version: 1.0.6[0m
[0;32mI (1805) i2c_bus: I2C Bus V2 uses the externally initialized bus handle[0m
[0;32mI (3065) jd9365: LCD ID: 93 65 04[0m
[0;32mI (3207) ESP32_P4_PLATFORM: Display initialized[0m
[0;32mI (3209) esp_lvgl:bridge_v9: Initializing hardware resources[0m
[0;32mI (3209) esp_lvgl:bridge_v9: Hardware resources initialized successfully[0m
[0;32mI (3212) ESP32_P4_PLATFORM: Touch 0x5d found[0m
[0;32mI (3215) GT911: I2C address initialization procedure skipped - using default GT9xx setup[0m
[0;32mI (3224) GT911: TouchPad_ID:0x39,0x32,0x37[0m
[0;32mI (3227) GT911: TouchPad_Config_Version:130[0m
[0;32mI (3231) esp_lvgl:touch: Touch input device registered successfully (IRQ mode: disabled)[0m
[0;32mI (3239) esp_lvgl:adapter: LVGL task started successfully[0m
[0;32mI (3240) esp_lvgl:bridge: Initializing hardware resources[0m
[0;32mI (3249) esp_lvgl:bridge: Hardware resources initialized successfully[0m
[0;32mI (3260) app_main: SPIFFS mounted: total=45431 used=2510[0m
[0;32mI (3260) face_detect_wrapper: HumanFaceDetect initialized[0m
[0;33mW (3266) FbsLoader: There is only one model in the flatbuffers, ignore the input model name![0m
[0;33mW (3274) FbsLoader: CONFIG_SPIRAM_RODATA or CONFIG_SPIRAM_XIP_FROM_PSRAM option is on, fbs model is copied to PSRAM.[0m
[0;33mW (3347) dl::Model: Minimize() will delete variables not used in model inference, which will make it impossible to test or debug the model.[0m
[0;32mI (3265) face_recognition_wrapper: HumanFaceRecognizer initialized, enrolled=1[0m
[0;32mI (3356) ov5647: Detected Camera sensor PID=0x5647[0m
[0;32mI (3389) app_video: version: 0.8.0[0m
[0;32mI (3389) app_video: driver:  MIPI-CSI[0m
[0;32mI (3389) app_video: card:    MIPI-CSI[0m
[0;32mI (3389) app_video: bus:     esp32p4:MIPI-CSI[0m
[0;32mI (3392) app_video: width=1280 height=960[0m
[0;32mI (3396) app_main: Using user defined buffer[0m
[0;32mI (3441) app_video: Video Stream Start[0m
[0;32mI (3442) main_task: Returned from app_main()[0m
[0;33mW (3918) FbsLoader: CONFIG_SPIRAM_RODATA or CONFIG_SPIRAM_XIP_FROM_PSRAM option is on, fbs model is copied to PSRAM.[0m
[0;33mW (3945) dl::Model: Minimize() will delete variables not used in model inference, which will make it impossible to test or debug the model.[0m
[0;33mW (3948) FbsLoader: CONFIG_SPIRAM_RODATA or CONFIG_SPIRAM_XIP_FROM_PSRAM option is on, fbs model is copied to PSRAM.[0m
[0;33mW (3968) dl::Model: Minimize() will delete variables not used in model inference, which will make it impossible to test or debug the model.[0m
[0;32mI (3991) app_main: Detection ran, face_count=0[0m
[0;32mI (4470) app_main: Detection ran, face_count=0[0m
[0;32mI (4956) app_main: Detection ran, face_count=0[0m
[0;32mI (5443) app_main: Detection ran, face_count=0[0m
[0;32mI (5929) app_main: Detection ran, face_count=0[0m
[0;32mI (6414) app_main: Detection ran, face_count=0[0m
[0;32mI (6901) app_main: Detection ran, face_count=0[0m
[0;32mI (7387) app_main: Detection ran, face_count=0[0m
[0;32mI (7873) app_main: Detection ran, face_count=0[0m
[0;32mI (8359) app_main: Detection ran, face_count=0[0m
[0;32mI (8845) app_main: Detection ran, face_count=0[0m
[0;32mI (9331) app_main: Detection ran, face_count=0[0m
[0;32mI (9818) app_main: Detection ran, face_count=0[0m
[0;32mI (10304) app_main: Detection ran, face_count=0[0m
[0;32mI (10790) app_main: Detection ran, face_count=0[0m
[0;32mI (11276) app_main: Detection ran, face_count=0[0m
[0;32mI (11762) app_main: Detection ran, face_count=0[0m
[0;32mI (12248) app_main: Detection ran, face_count=0[0m
[0;32mI (12735) app_main: Detection ran, face_count=0[0m
[0;32mI (13199) app_main: Frame count=100[0m
[0;32mI (13220) app_main: Detection ran, face_count=0[0m
[0;32mI (13706) app_main: Detection ran, face_count=0[0m
[0;32mI (14193) app_main: Detection ran, face_count=0[0m
[0;32mI (14679) app_main: Detection ran, face_count=0[0m
[0;32mI (15165) app_main: Detection ran, face_count=0[0m
[0;32mI (15651) app_main: Detection ran, face_count=0[0m
[0;32mI (16138) app_main: Detection ran, face_count=0[0m
[0;32mI (16623) app_main: Detection ran, face_count=0[0m
[0;32mI (17110) app_main: Detection ran, face_count=0[0m
[0;32mI (17596) app_main: Detection ran, face_count=0[0m
[0;32mI (18082) app_main: Detection ran, face_count=0[0m
[0;32mI (18568) app_main: Detection ran, face_count=0[0m
[0;32mI (19054) app_main: Detection ran, face_count=0[0m
[0;32mI (19540) app_main: Detection ran, face_count=0[0m
[0;32mI (20026) app_main: Detection ran, face_count=0[0m
[0;32mI (20512) app_main: Detection ran, face_count=0[0m
[0;32mI (20999) app_main: Detection ran, face_count=0[0m
[0;32mI (21485) app_main: Detection ran, face_count=0[0m
[0;32mI (21971) app_main: Detection ran, face_count=0[0m
[0;32mI (22458) app_main: Detection ran, face_count=0[0m
[0;32mI (22923) app_main: Frame count=200[0m
[0;32mI (22943) app_main: Detection ran, face_count=0[0m
[0;32mI (23429) app_main: Detection ran, face_count=0[0m
[0;32mI (23916) app_main: Detection ran, face_count=0[0m
[0;32mI (24402) app_main: Detection ran, face_count=0[0m
[0;32mI (24888) app_main: Detection ran, face_count=0[0m
[0;32mI (25374) app_main: Detection ran, face_count=0[0m
[0;32mI (25860) app_main: Detection ran, face_count=0[0m
[0;32mI (26346) app_main: Detection ran, face_count=0[0m
[0;32mI (26833) app_main: Detection ran, face_count=0[0m
[0;32mI (27318) app_main: Detection ran, face_count=0[0m
[0;32mI (27804) app_main: Detection ran, face_count=0[0m
[0;32mI (28291) app_main: Detection ran, face_count=0[0m
[0;32mI (28777) app_main: Detection ran, face_count=0[0m
[0;32mI (29263) app_main: Detection ran, face_count=0[0m
[0;32mI (29749) app_main: Detection ran, face_count=0[0m
[0;32mI (30235) app_main: Detection ran, face_count=0[0m
[0;32mI (30721) app_main: Detection ran, face_count=0[0m
[0;32mI (31208) app_main: Detection ran, face_count=0[0m
[0;32mI (31699) app_main: Detection ran, face_count=1[0m
[0;32mI (31699) app_main: Face 0 score=0.59 box=[340,0,1108,771][0m
[0;32mI (32180) app_main: Detection ran, face_count=0[0m
[0;32mI (32645) app_main: Frame count=300[0m
[0;32mI (32673) app_main: Detection ran, face_count=1[0m
[0;32mI (32673) app_main: Face 0 score=0.89 box=[178,0,917,891][0m
[0;32mI (32802) face_recognition_wrapper: Recognized id=1 similarity=0.671[0m
[0;32mI (32802) app_main: Recognition result: name=id_1 score=0.671[0m
[0;32mI (33297) app_main: Detection ran, face_count=1[0m
[0;32mI (33297) app_main: Face 0 score=0.84 box=[177,104,840,959][0m
[0;32mI (33783) app_main: Detection ran, face_count=1[0m
[0;32mI (33783) app_main: Face 0 score=0.94 box=[253,0,911,827][0m
[0;32mI (34264) app_main: Detection ran, face_count=0[0m
[0;32mI (34750) app_main: Detection ran, face_count=0[0m
[0;32mI (35241) app_main: Detection ran, face_count=1[0m
[0;32mI (35242) app_main: Face 0 score=0.79 box=[226,112,880,932][0m
[0;32mI (35722) app_main: Detection ran, face_count=0[0m
[0;32mI (36214) app_main: Detection ran, face_count=1[0m
[0;32mI (36214) app_main: Face 0 score=0.82 box=[214,108,885,955][0m
[0;32mI (36700) app_main: Detection ran, face_count=1[0m
[0;32mI (36700) app_main: Face 0 score=0.99 box=[153,48,868,951][0m
[0;32mI (36829) app_main: Recognition result: name=unknown score=0.000[0m
[0;32mI (37325) app_main: Detection ran, face_count=1[0m
[0;32mI (37325) app_main: Face 0 score=0.65 box=[205,119,868,940][0m
[0;32mI (37811) app_main: Detection ran, face_count=1[0m
[0;32mI (37811) app_main: Face 0 score=0.84 box=[219,100,907,944][0m
[0;32mI (38297) app_main: Detection ran, face_count=1[0m
[0;32mI (38297) app_main: Face 0 score=0.85 box=[157,71,879,925][0m
[0;32mI (38783) app_main: Detection ran, face_count=1[0m
[0;32mI (38783) app_main: Face 0 score=0.98 box=[181,8,828,888][0m
[0;32mI (38913) face_recognition_wrapper: Recognized id=1 similarity=0.536[0m
[0;32mI (38913) app_main: Recognition result: name=id_1 score=0.536[0m
[0;32mI (39408) app_main: Detection ran, face_count=0[0m
[0;32mI (39895) app_main: Detection ran, face_count=1[0m
[0;32mI (39895) app_main: Face 0 score=0.84 box=[213,108,895,959][0m
[0;32mI (40381) app_main: Detection ran, face_count=1[0m
[0;32mI (40381) app_main: Face 0 score=0.98 box=[184,100,867,959][0m
[0;32mI (40862) app_main: Detection ran, face_count=0[0m
[0;32mI (41348) app_main: Detection ran, face_count=0[0m
[0;32mI (41834) app_main: Detection ran, face_count=0[0m
[0;32mI (42325) app_main: Detection ran, face_count=1[0m
[0;32mI (42325) app_main: Face 0 score=0.88 box=[215,93,864,936][0m
[0;32mI (42785) app_main: Frame count=400[0m
[0;32mI (42811) app_main: Detection ran, face_count=1[0m
[0;32mI (42811) app_main: Face 0 score=0.87 box=[205,115,891,959][0m
[0;32mI (42942) face_recognition_wrapper: Recognized id=1 similarity=0.642[0m
[0;32mI (42942) app_main: Recognition result: name=id_1 score=0.642[0m
[0;32mI (43431) app_main: Detection ran, face_count=0[0m
[0;32mI (43917) app_main: Detection ran, face_count=0[0m
[0;32mI (44403) app_main: Detection ran, face_count=0[0m
[0;32mI (44889) app_main: Detection ran, face_count=0[0m
[0;32mI (45375) app_main: Detection ran, face_count=0[0m
[0;32mI (45861) app_main: Detection ran, face_count=0[0m
[0;32mI (46347) app_main: Detection ran, face_count=0[0m
[0;32mI (46834) app_main: Detection ran, face_count=0[0m
[0;32mI (47319) app_main: Detection ran, face_count=0[0m
[0;32mI (47806) app_main: Detection ran, face_count=0[0m
[0;32mI (48297) app_main: Detection ran, face_count=1[0m
[0;32mI (48297) app_main: Face 0 score=0.99 box=[187,0,892,860][0m
[0;32mI (48778) app_main: Detection ran, face_count=0[0m
[0;32mI (49264) app_main: Detection ran, face_count=0[0m
[0;32mI (49751) app_main: Detection ran, face_count=0[0m
[0;32mI (50236) app_main: Detection ran, face_count=0[0m
[0;32mI (50723) app_main: Detection ran, face_count=0[0m
[0;32mI (51209) app_main: Detection ran, face_count=0[0m
[0;32mI (51695) app_main: Detection ran, face_count=0[0m
[0;32mI (52182) app_main: Detection ran, face_count=0[0m
[0;32mI (52646) app_main: Frame count=500[0m
[0;32mI (52667) app_main: Detection ran, face_count=0[0m
[0;32mI (53153) app_main: Detection ran, face_count=0[0m
[0;32mI (53640) app_main: Detection ran, face_count=0[0m
[0;32mI (54125) app_main: Detection ran, face_count=0[0m
[0;32mI (54611) app_main: Detection ran, face_count=0[0m
[0;32mI (55098) app_main: Detection ran, face_count=0[0m
[0;32mI (55584) app_main: Detection ran, face_count=0[0m
[0;32mI (56071) app_main: Detection ran, face_count=0[0m
[0;32mI (56556) app_main: Detection ran, face_count=0[0m
[0;32mI (57047) app_main: Detection ran, face_count=1[0m
[0;32mI (57047) app_main: Face 0 score=0.99 box=[255,64,838,791][0m
[0;32mI (57529) app_main: Detection ran, face_count=0[0m
[0;32mI (58015) app_main: Detection ran, face_count=0[0m
[0;32mI (58506) app_main: Detection ran, face_count=1[0m
[0;32mI (58507) app_main: Face 0 score=0.71 box=[296,143,833,794][0m
[0;32mI (58635) face_recognition_wrapper: Recognized id=1 similarity=0.653[0m
[0;32mI (58636) app_main: Recognition result: name=id_1 score=0.653[0m
[0;32mI (59131) app_main: Detection ran, face_count=1[0m
[0;32mI (59131) app_main: Face 0 score=0.86 box=[277,93,845,777][0m
[0;32mI (59617) app_main: Detection ran, face_count=1[0m
[0;32mI (59617) app_main: Face 0 score=0.77 box=[279,134,837,805][0m
[0;32mI (60104) app_main: Detection ran, face_count=1[0m
[0;32mI (60104) app_main: Face 0 score=0.74 box=[297,119,849,798][0m
[0;32mI (60590) app_main: Detection ran, face_count=1[0m
[0;32mI (60591) app_main: Face 0 score=0.96 box=[282,144,900,841][0m
[0;32mI (60720) face_recognition_wrapper: Recognized id=1 similarity=0.631[0m
[0;32mI (60720) app_main: Recognition result: name=id_1 score=0.631[0m
[0;32mI (61215) app_main: Detection ran, face_count=1[0m
[0;32mI (61215) app_main: Face 0 score=0.56 box=[176,154,739,839][0m
[0;32mI (61701) app_main: Detection ran, face_count=1[0m
[0;32mI (61701) app_main: Face 0 score=0.97 box=[140,203,702,862][0m
[0;32mI (62182) app_main: Detection ran, face_count=0[0m
[0;32mI (62647) app_main: Frame count=600[0m
[0;32mI (62673) app_main: Detection ran, face_count=1[0m
[0;32mI (62673) app_main: Face 0 score=0.95 box=[162,190,671,806][0m
[0;32mI (62803) face_recognition_wrapper: Recognized id=1 similarity=0.659[0m
[0;32mI (62803) app_main: Recognition result: name=id_1 score=0.659[0m
[0;32mI (63299) app_main: Detection ran, face_count=1[0m
[0;32mI (63299) app_main: Face 0 score=1.00 box=[150,145,719,833][0m
[0;32mI (63779) app_main: Detection ran, face_count=0[0m
[0;32mI (64271) app_main: Detection ran, face_count=1[0m
[0;32mI (64271) app_main: Face 0 score=1.00 box=[182,192,730,845][0m
[0;32mI (64756) app_main: Detection ran, face_count=1[0m
[0;32mI (64756) app_main: Face 0 score=0.96 box=[165,170,735,853][0m
[0;32mI (64886) face_recognition_wrapper: Recognized id=1 similarity=0.750[0m
[0;32mI (64886) app_main: Recognition result: name=id_1 score=0.750[0m
[0;32mI (65382) app_main: Detection ran, face_count=1[0m
[0;32mI (65382) app_main: Face 0 score=0.97 box=[169,171,731,858][0m
[0;32mI (65868) app_main: Detection ran, face_count=1[0m
[0;32mI (65868) app_main: Face 0 score=0.94 box=[157,238,680,839][0m
[0;32mI (66349) app_main: Detection ran, face_count=0[0m
[0;32mI (66835) app_main: Detection ran, face_count=0[0m
[0;32mI (67321) app_main: Detection ran, face_count=0[0m
[0;32mI (67807) app_main: Detection ran, face_count=0[0m
[0;32mI (68298) app_main: Detection ran, face_count=1[0m
[0;32mI (68298) app_main: Face 0 score=0.98 box=[161,225,675,859][0m
[0;32mI (68780) app_main: Detection ran, face_count=0[0m
[0;32mI (69266) app_main: Detection ran, face_count=0[0m
[0;32mI (69752) app_main: Detection ran, face_count=0[0m
[0;32mI (70237) app_main: Detection ran, face_count=0[0m
[0;32mI (70724) app_main: Detection ran, face_count=0[0m
[0;32mI (71215) app_main: Detection ran, face_count=1[0m
[0;32mI (71215) app_main: Face 0 score=0.91 box=[151,212,706,867][0m
[0;32mI (71702) app_main: Detection ran, face_count=1[0m
[0;32mI (71702) app_main: Face 0 score=0.72 box=[195,148,709,781][0m
[0;32mI (72182) app_main: Detection ran, face_count=0[0m
[0;32mI (72648) app_main: Frame count=700[0m
[0;32mI (72674) app_main: Detection ran, face_count=1[0m
[0;32mI (72674) app_main: Face 0 score=0.84 box=[193,144,719,794][0m
[0;32mI (72803) face_recognition_wrapper: Recognized id=1 similarity=0.690[0m
[0;32mI (72803) app_main: Recognition result: name=id_1 score=0.690[0m
[0;32mI (73294) app_main: Detection ran, face_count=0[0m
[0;32mI (73779) app_main: Detection ran, face_count=0[0m
[0;32mI (74266) app_main: Detection ran, face_count=0[0m
[0;32mI (74752) app_main: Detection ran, face_count=0[0m
[0;32mI (75238) app_main: Detection ran, face_count=0[0m
[0;32mI (75724) app_main: Detection ran, face_count=0[0m
[0;32mI (76211) app_main: Detection ran, face_count=0[0m
[0;32mI (76696) app_main: Detection ran, face_count=0[0m
[0;32mI (77182) app_main: Detection ran, face_count=0[0m
[0;32mI (77669) app_main: Detection ran, face_count=0[0m
[0;32mI (78155) app_main: Detection ran, face_count=0[0m
[0;32mI (78641) app_main: Detection ran, face_count=0[0m
[0;32mI (79127) app_main: Detection ran, face_count=0[0m
[0;32mI (79613) app_main: Detection ran, face_count=0[0m
[0;32mI (80099) app_main: Detection ran, face_count=0[0m
[0;32mI (80585) app_main: Detection ran, face_count=0[0m
[0;32mI (81071) app_main: Detection ran, face_count=0[0m
[0;32mI (81557) app_main: Detection ran, face_count=0[0m
[0;32mI (82044) app_main: Detection ran, face_count=0[0m
[0;32mI (82509) app_main: Frame count=800[0m
[0;32mI (82530) app_main: Detection ran, face_count=0[0m
[0;32mI (83016) app_main: Detection ran, face_count=0[0m
[0;32mI (83502) app_main: Detection ran, face_count=0[0m
[0;32mI (83988) app_main: Detection ran, face_count=0[0m
[0;32mI (84475) app_main: Detection ran, face_count=0[0m
[0;32mI (84960) app_main: Detection ran, face_count=0[0m
[0;32mI (85447) app_main: Detection ran, face_count=0[0m
[0;32mI (85933) app_main: Detection ran, face_count=0[0m
[0;32mI (86420) app_main: Detection ran, face_count=0[0m
[0;32mI (86905) app_main: Detection ran, face_count=0[0m
[0;32mI (87391) app_main: Detection ran, face_count=0[0m
[0;32mI (87877) app_main: Detection ran, face_count=0[0m
[0;32mI (88364) app_main: Detection ran, face_count=0[0m
[0;32mI (88850) app_main: Detection ran, face_count=0[0m
[0;32mI (89336) app_main: Detection ran, face_count=0[0m
[0;32mI (89822) app_main: Detection ran, face_count=0[0m
[0;32mI (90308) app_main: Detection ran, face_count=0[0m
[0;32mI (90794) app_main: Detection ran, face_count=0[0m
[0;32mI (91280) app_main: Detection ran, face_count=0[0m
[0;32mI (91766) app_main: Detection ran, face_count=0[0m
[0;32mI (92232) app_main: Frame count=900[0m
[0;32mI (92253) app_main: Detection ran, face_count=0[0m
[0;32mI (92739) app_main: Detection ran, face_count=0[0m
[0;32mI (93225) app_main: Detection ran, face_count=0[0m
[0;32mI (93711) app_main: Detection ran, face_count=0[0m
[0;32mI (94197) app_main: Detection ran, face_count=0[0m
[0;32mI (94683) app_main: Detection ran, face_count=0[0m
[0;32mI (95169) app_main: Detection ran, face_count=0[0m
[0;32mI (95656) app_main: Detection ran, face_count=0[0m
[0;32mI (96142) app_main: Detection ran, face_count=0[0m
[0;32mI (96628) app_main: Detection ran, face_count=0[0m
[0;32mI (97114) app_main: Detection ran, face_count=0[0m
[0;32mI (97600) app_main: Detection ran, face_count=0[0m
[0;32mI (98086) app_main: Detection ran, face_count=0[0m
[0;32mI (98572) app_main: Detection ran, face_count=0[0m
[0;32mI (99059) app_main: Detection ran, face_count=0[0m
[0;32mI (99545) app_main: Detection ran, face_count=0[0m
[0;32mI (100031) app_main: Detection ran, face_count=0[0m
[0;32mI (100517) app_main: Detection ran, face_count=0[0m
[0;32mI (101003) app_main: Detection ran, face_count=0[0m
[0;32mI (101489) app_main: Detection ran, face_count=0[0m
[0;32mI (101954) app_main: Frame count=1000[0m
[0;32mI (101975) app_main: Detection ran, face_count=0[0m
[0;32mI (102462) app_main: Detection ran, face_count=0[0m
[0;32mI (102949) app_main: Detection ran, face_count=0[0m
[0;32mI (103434) app_main: Detection ran, face_count=0[0m
[0;32mI (103920) app_main: Detection ran, face_count=0[0m
[0;32mI (104406) app_main: Detection ran, face_count=0[0m
[0;32mI (104892) app_main: Detection ran, face_count=0[0m
[0;32mI (105378) app_main: Detection ran, face_count=0[0m
[0;32mI (105864) app_main: Detection ran, face_count=0[0m
[0;32mI (106351) app_main: Detection ran, face_count=0[0m
[0;32mI (106837) app_main: Detection ran, face_count=0[0m
[0;32mI (107323) app_main: Detection ran, face_count=0[0m
[0;32mI (107809) app_main: Detection ran, face_count=0[0m
[0;32mI (108295) app_main: Detection ran, face_count=0[0m
[0;32mI (108781) app_main: Detection ran, face_count=0[0m
[0;32mI (109268) app_main: Detection ran, face_count=0[0m
[0;32mI (109754) app_main: Detection ran, face_count=0[0m
[0;32mI (110240) app_main: Detection ran, face_count=0[0m
[0;32mI (110726) app_main: Detection ran, face_count=0[0m
[0;32mI (111212) app_main: Detection ran, face_count=0[0m
[0;32mI (111678) app_main: Frame count=1100[0m
[0;32mI (111698) app_main: Detection ran, face_count=0[0m
[0;32mI (112184) app_main: Detection ran, face_count=0[0m
[0;32mI (112671) app_main: Detection ran, face_count=0[0m
[0;32mI (113156) app_main: Detection ran, face_count=0[0m
[0;32mI (113643) app_main: Detection ran, face_count=0[0m
[0;32mI (114129) app_main: Detection ran, face_count=0[0m
[0;32mI (114615) app_main: Detection ran, face_count=0[0m
[0;32mI (115101) app_main: Detection ran, face_count=0[0m
[0;32mI (115588) app_main: Detection ran, face_count=0[0m
[0;32mI (116073) app_main: Detection ran, face_count=0[0m
[0;32mI (116560) app_main: Detection ran, face_count=0[0m
[0;32mI (117046) app_main: Detection ran, face_count=0[0m
[0;32mI (117532) app_main: Detection ran, face_count=0[0m
[0;32mI (118018) app_main: Detection ran, face_count=0[0m
[0;32mI (118504) app_main: Detection ran, face_count=0[0m
[0;32mI (118990) app_main: Detection ran, face_count=0[0m
[0;32mI (119476) app_main: Detection ran, face_count=0[0m
[0;32mI (119962) app_main: Detection ran, face_count=0[0m
[0;32mI (120449) app_main: Detection ran, face_count=0[0m
[0;32mI (120935) app_main: Detection ran, face_count=0[0m
[0;32mI (121400) app_main: Frame count=1200[0m
[0;32mI (121421) app_main: Detection ran, face_count=0[0m
[0;32mI (121907) app_main: Detection ran, face_count=0[0m
[0;32mI (122393) app_main: Detection ran, face_count=0[0m
[0;32mI (122879) app_main: Detection ran, face_count=0[0m
[0;32mI (123365) app_main: Detection ran, face_count=0[0m
[0;32mI (123852) app_main: Detection ran, face_count=0[0m
[0;32mI (124338) app_main: Detection ran, face_count=0[0m
[0;32mI (124824) app_main: Detection ran, face_count=0[0m
[0;32mI (125310) app_main: Detection ran, face_count=0[0m
[0;32mI (125797) app_main: Detection ran, face_count=0[0m
[0;32mI (126282) app_main: Detection ran, face_count=0[0m
[0;32mI (126768) app_main: Detection ran, face_count=0[0m
[0;32mI (127254) app_main: Detection ran, face_count=0[0m
[0;32mI (127741) app_main: Detection ran, face_count=0[0m
[0;32mI (128227) app_main: Detection ran, face_count=0[0m
[0;32mI (128713) app_main: Detection ran, face_count=0[0m
[0;32mI (129199) app_main: Detection ran, face_count=0[0m
[0;32mI (129685) app_main: Detection ran, face_count=0[0m
[0;32mI (130171) app_main: Detection ran, face_count=0[0m
[0;32mI (130658) app_main: Detection ran, face_count=0[0m
[0;32mI (131123) app_main: Frame count=1300[0m
[0;32mI (131144) app_main: Detection ran, face_count=0[0m
[0;32mI (131630) app_main: Detection ran, face_count=0[0m
[0;32mI (132117) app_main: Detection ran, face_count=0[0m
[0;32mI (132602) app_main: Detection ran, face_count=0[0m
[0;32mI (133088) app_main: Detection ran, face_count=0[0m
[0;32mI (133574) app_main: Detection ran, face_count=0[0m
[0;32mI (134060) app_main: Detection ran, face_count=0[0m
[0;32mI (134547) app_main: Detection ran, face_count=0[0m
[0;32mI (135033) app_main: Detection ran, face_count=0[0m
[0;32mI (135519) app_main: Detection ran, face_count=0[0m
[0;32mI (136005) app_main: Detection ran, face_count=0[0m
[0;32mI (136491) app_main: Detection ran, face_count=0[0m
[0;32mI (136977) app_main: Detection ran, face_count=0[0m
[0;32mI (137463) app_main: Detection ran, face_count=0[0m
[0;32mI (137950) app_main: Detection ran, face_count=0[0m
[0;32mI (138436) app_main: Detection ran, face_count=0[0m
[0;32mI (138922) app_main: Detection ran, face_count=0[0m
[0;32mI (139408) app_main: Detection ran, face_count=0[0m
[0;32mI (139894) app_main: Detection ran, face_count=0[0m
[0;32mI (140380) app_main: Detection ran, face_count=0[0m
[0;32mI (140845) app_main: Frame count=1400[0m
[0;32mI (140867) app_main: Detection ran, face_count=0[0m
[0;32mI (141352) app_main: Detection ran, face_count=0[0m
[0;32mI (141839) app_main: Detection ran, face_count=0[0m
[0;32mI (142326) app_main: Detection ran, face_count=0[0m
[0;32mI (142811) app_main: Detection ran, face_count=0[0m
[0;32mI (143297) app_main: Detection ran, face_count=0[0m
[0;32mI (143783) app_main: Detection ran, face_count=0[0m
[0;32mI (144269) app_main: Detection ran, face_count=0[0m
[0;32mI (144756) app_main: Detection ran, face_count=0[0m
[0;32mI (145242) app_main: Detection ran, face_count=0[0m
[0;32mI (145728) app_main: Detection ran, face_count=0[0m
[0;32mI (146214) app_main: Detection ran, face_count=0[0m
[0;32mI (146700) app_main: Detection ran, face_count=0[0m
[0;32mI (147186) app_main: Detection ran, face_count=0[0m
[0;32mI (147672) app_main: Detection ran, face_count=0[0m
[0;32mI (148158) app_main: Detection ran, face_count=0[0m
[0;32mI (148645) app_main: Detection ran, face_count=0[0m
[0;32mI (149131) app_main: Detection ran, face_count=0[0m
[0;32mI (149617) app_main: Detection ran, face_count=0[0m
[0;32mI (150103) app_main: Detection ran, face_count=0[0m
[0;32mI (150568) app_main: Frame count=1500[0m
[0;32mI (150589) app_main: Detection ran, face_count=0[0m
[0;32mI (151075) app_main: Detection ran, face_count=0[0m
[0;32mI (151561) app_main: Detection ran, face_count=0[0m
[0;32mI (152048) app_main: Detection ran, face_count=0[0m
[0;32mI (152534) app_main: Detection ran, face_count=0[0m
[0;32mI (153020) app_main: Detection ran, face_count=0[0m
[0;32mI (153506) app_main: Detection ran, face_count=0[0m
[0;32mI (153992) app_main: Detection ran, face_count=0[0m
[0;32mI (154478) app_main: Detection ran, face_count=0[0m
[0;32mI (154965) app_main: Detection ran, face_count=0[0m
[0;32mI (155451) app_main: Detection ran, face_count=0[0m
[0;32mI (155937) app_main: Detection ran, face_count=0[0m
[0;32mI (156423) app_main: Detection ran, face_count=0[0m
[0;32mI (156909) app_main: Detection ran, face_count=0[0m
[0;32mI (157395) app_main: Detection ran, face_count=0[0m
[0;32mI (157881) app_main: Detection ran, face_count=0[0m
[0;32mI (158367) app_main: Detection ran, face_count=0[0m
[0;32mI (158854) app_main: Detection ran, face_count=0[0m
[0;32mI (159340) app_main: Detection ran, face_count=0[0m
[0;32mI (159826) app_main: Detection ran, face_count=0[0m
[0;32mI (160291) app_main: Frame count=1600[0m
[0;32mI (160312) app_main: Detection ran, face_count=0[0m
[0;32mI (160798) app_main: Detection ran, face_count=0[0m
[0;32mI (161284) app_main: Detection ran, face_count=0[0m
[0;32mI (161770) app_main: Detection ran, face_count=0[0m
[0;32mI (162256) app_main: Detection ran, face_count=0[0m
[0;32mI (162743) app_main: Detection ran, face_count=0[0m
[0;32mI (163229) app_main: Detection ran, face_count=0[0m
[0;32mI (163715) app_main: Detection ran, face_count=0[0m
[0;32mI (164201) app_main: Detection ran, face_count=0[0m
[0;32mI (164687) app_main: Detection ran, face_count=0[0m
[0;32mI (165174) app_main: Detection ran, face_count=0[0m
[0;32mI (165659) app_main: Detection ran, face_count=0[0m
[0;32mI (166146) app_main: Detection ran, face_count=0[0m
[0;32mI (166632) app_main: Detection ran, face_count=0[0m
[0;32mI (167118) app_main: Detection ran, face_count=0[0m
[0;32mI (167604) app_main: Detection ran, face_count=0[0m
[0;32mI (168090) app_main: Detection ran, face_count=0[0m
[0;32mI (168576) app_main: Detection ran, face_count=0[0m
[0;32mI (169063) app_main: Detection ran, face_count=0[0m
[0;32mI (169548) app_main: Detection ran, face_count=0[0m
[0;32mI (170014) app_main: Frame count=1700[0m
[0;32mI (170035) app_main: Detection ran, face_count=0[0m
[0;32mI (170521) app_main: Detection ran, face_count=0[0m
[0;32mI (171007) app_main: Detection ran, face_count=0[0m
[0;32mI (171493) app_main: Detection ran, face_count=0[0m
[0;32mI (171979) app_main: Detection ran, face_count=0[0m
[0;32mI (172465) app_main: Detection ran, face_count=0[0m
[0;32mI (172952) app_main: Detection ran, face_count=0[0m
[0;32mI (173438) app_main: Detection ran, face_count=0[0m
[0;32mI (173924) app_main: Detection ran, face_count=0[0m
[0;32mI (174410) app_main: Detection ran, face_count=0[0m
[0;32mI (174896) app_main: Detection ran, face_count=0[0m
[0;32mI (175382) app_main: Detection ran, face_count=0[0m
[0;32mI (175868) app_main: Detection ran, face_count=0[0m
[0;32mI (176354) app_main: Detection ran, face_count=0[0m
[0;32mI (176841) app_main: Detection ran, face_count=0[0m
[0;32mI (177327) app_main: Detection ran, face_count=0[0m
[0;32mI (177813) app_main: Detection ran, face_count=0[0m
[0;32mI (178299) app_main: Detection ran, face_count=0[0m
[0;32mI (178785) app_main: Detection ran, face_count=0[0m
[0;32mI (179271) app_main: Detection ran, face_count=0[0m
[0;32mI (179737) app_main: Frame count=1800[0m
[0;32mI (179757) app_main: Detection ran, face_count=0[0m
[0;32mI (180244) app_main: Detection ran, face_count=0[0m
[0;32mI (180730) app_main: Detection ran, face_count=0[0m
[0;32mI (181216) app_main: Detection ran, face_count=0[0m
[0;32mI (181703) app_main: Detection ran, face_count=0[0m
[0;32mI (182188) app_main: Detection ran, face_count=0[0m
[0;32mI (182674) app_main: Detection ran, face_count=0[0m
[0;32mI (183161) app_main: Detection ran, face_count=0[0m
[0;32mI (183646) app_main: Detection ran, face_count=0[0m
[0;32mI (184133) app_main: Detection ran, face_count=0[0m
[0;32mI (184619) app_main: Detection ran, face_count=0[0m
[0;32mI (185105) app_main: Detection ran, face_count=0[0m
[0;32mI (185591) app_main: Detection ran, face_count=0[0m
[0;32mI (186077) app_main: Detection ran, face_count=0[0m
[0;32mI (186563) app_main: Detection ran, face_count=0[0m
[0;32mI (187050) app_main: Detection ran, face_count=0[0m
[0;32mI (187536) app_main: Detection ran, face_count=0[0m
[0;32mI (188022) app_main: Detection ran, face_count=0[0m
[0;32mI (188508) app_main: Detection ran, face_count=0[0m
[0;32mI (188994) app_main: Detection ran, face_count=0[0m
[0;32mI (189459) app_main: Frame count=1900[0m
[0;32mI (189480) app_main: Detection ran, face_count=0[0m
[0;32mI (189966) app_main: Detection ran, face_count=0[0m
[0;32mI (190452) app_main: Detection ran, face_count=0[0m
[0;32mI (190939) app_main: Detection ran, face_count=0[0m
[0;32mI (191425) app_main: Detection ran, face_count=0[0m
[0;32mI (191911) app_main: Detection ran, face_count=0[0m
[0;32mI (192397) app_main: Detection ran, face_count=0[0m
[0;32mI (192883) app_main: Detection ran, face_count=0[0m
[0;32mI (193369) app_main: Detection ran, face_count=0[0m
[0;32mI (193855) app_main: Detection ran, face_count=0[0m
[0;32mI (194342) app_main: Detection ran, face_count=0[0m
[0;32mI (194828) app_main: Detection ran, face_count=0[0m
[0;32mI (195314) app_main: Detection ran, face_count=0[0m
[0;32mI (195800) app_main: Detection ran, face_count=0[0m
[0;32mI (196286) app_main: Detection ran, face_count=0[0m
[0;32mI (196772) app_main: Detection ran, face_count=0[0m
[0;32mI (197259) app_main: Detection ran, face_count=0[0m
[0;32mI (197744) app_main: Detection ran, face_count=0[0m
[0;32mI (198231) app_main: Detection ran, face_count=0[0m
[0;32mI (198717) app_main: Detection ran, face_count=0[0m
[0;32mI (199182) app_main: Frame count=2000[0m
[0;32mI (199203) app_main: Detection ran, face_count=0[0m
[0;32mI (199689) app_main: Detection ran, face_count=0[0m
[0;32mI (200175) app_main: Detection ran, face_count=0[0m
[0;32mI (200661) app_main: Detection ran, face_count=0[0m
[0;32mI (201148) app_main: Detection ran, face_count=0[0m
[0;32mI (201634) app_main: Detection ran, face_count=0[0m
[0;32mI (202120) app_main: Detection ran, face_count=0[0m
[0;32mI (202606) app_main: Detection ran, face_count=0[0m
[0;32mI (203092) app_main: Detection ran, face_count=0[0m
[0;32mI (203578) app_main: Detection ran, face_count=0[0m
[0;32mI (204064) app_main: Detection ran, face_count=0[0m
[0;32mI (204551) app_main: Detection ran, face_count=0[0m
[0;32mI (205037) app_main: Detection ran, face_count=0[0m
[0;32mI (205523) app_main: Detection ran, face_count=0[0m
[0;32mI (206009) app_main: Detection ran, face_count=0[0m
[0;32mI (206495) app_main: Detection ran, face_count=0[0m
[0;32mI (206981) app_main: Detection ran, face_count=0[0m
[0;32mI (207467) app_main: Detection ran, face_count=0[0m
[0;32mI (207953) app_main: Detection ran, face_count=0[0m
[0;32mI (208440) app_main: Detection ran, face_count=0[0m
[0;32mI (208905) app_main: Frame count=2100[0m
[0;32mI (208926) app_main: Detection ran, face_count=0[0m
[0;32mI (209412) app_main: Detection ran, face_count=0[0m
[0;32mI (209898) app_main: Detection ran, face_count=0[0m
[0;32mI (210384) app_main: Detection ran, face_count=0[0m
[0;32mI (210871) app_main: Detection ran, face_count=0[0m
[0;32mI (211357) app_main: Detection ran, face_count=0[0m
[0;32mI (211842) app_main: Detection ran, face_count=0[0m
[0;32mI (212329) app_main: Detection ran, face_count=0[0m
[0;32mI (212815) app_main: Detection ran, face_count=0[0m
[0;32mI (213301) app_main: Detection ran, face_count=0[0m
[0;32mI (213787) app_main: Detection ran, face_count=0[0m
[0;32mI (214273) app_main: Detection ran, face_count=0[0m
[0;32mI (214759) app_main: Detection ran, face_count=0[0m
[0;32mI (215245) app_main: Detection ran, face_count=0[0m
[0;32mI (215732) app_main: Detection ran, face_count=0[0m
[0;32mI (216218) app_main: Detection ran, face_count=0[0m
[0;32mI (216704) app_main: Detection ran, face_count=0[0m
[0;32mI (217190) app_main: Detection ran, face_count=0[0m
[0;32mI (217676) app_main: Detection ran, face_count=0[0m
[0;32mI (218162) app_main: Detection ran, face_count=0[0m
[0;32mI (218627) app_main: Frame count=2200[0m
[0;32mI (218648) app_main: Detection ran, face_count=0[0m
[0;32mI (219135) app_main: Detection ran, face_count=0[0m
[0;32mI (219621) app_main: Detection ran, face_count=0[0m
[0;32mI (220107) app_main: Detection ran, face_count=0[0m
[0;32mI (220593) app_main: Detection ran, face_count=0[0m
[0;32mI (221080) app_main: Detection ran, face_count=0[0m
[0;32mI (221565) app_main: Detection ran, face_count=0[0m
[0;32mI (222051) app_main: Detection ran, face_count=0[0m
[0;32mI (222538) app_main: Detection ran, face_count=0[0m
[0;32mI (223024) app_main: Detection ran, face_count=0[0m
[0;32mI (223510) app_main: Detection ran, face_count=0[0m
[0;32mI (223996) app_main: Detection ran, face_count=0[0m
[0;32mI (224482) app_main: Detection ran, face_count=0[0m
[0;32mI (224968) app_main: Detection ran, face_count=0[0m
[0;32mI (225455) app_main: Detection ran, face_count=0[0m
[0;32mI (225940) app_main: Detection ran, face_count=0[0m
[0;32mI (226427) app_main: Detection ran, face_count=0[0m
[0;32mI (226913) app_main: Detection ran, face_count=0[0m
[0;32mI (227400) app_main: Detection ran, face_count=0[0m
[0;32mI (227885) app_main: Detection ran, face_count=0[0m
[0;32mI (228351) app_main: Frame count=2300[0m
[0;32mI (228371) app_main: Detection ran, face_count=0[0m
[0;32mI (228857) app_main: Detection ran, face_count=0[0m
[0;32mI (229344) app_main: Detection ran, face_count=0[0m
[0;32mI (229829) app_main: Detection ran, face_count=0[0m
[0;32mI (230316) app_main: Detection ran, face_count=0[0m
[0;32mI (230802) app_main: Detection ran, face_count=0[0m
[0;32mI (231288) app_main: Detection ran, face_count=0[0m
[0;32mI (231774) app_main: Detection ran, face_count=0[0m
[0;32mI (232260) app_main: Detection ran, face_count=0[0m
[0;32mI (232746) app_main: Detection ran, face_count=0[0m
[0;32mI (233233) app_main: Detection ran, face_count=0[0m
[0;32mI (233719) app_main: Detection ran, face_count=0[0m
[0;32mI (234205) app_main: Detection ran, face_count=0[0m
[0;32mI (234691) app_main: Detection ran, face_count=0[0m
[0;32mI (235177) app_main: Detection ran, face_count=0[0m
[0;32mI (235663) app_main: Detection ran, face_count=0[0m
[0;32mI (236149) app_main: Detection ran, face_count=0[0m
[0;32mI (236635) app_main: Detection ran, face_count=0[0m
[0;32mI (237122) app_main: Detection ran, face_count=0[0m
[0;32mI (237609) app_main: Detection ran, face_count=0[0m
[0;32mI (238073) app_main: Frame count=2400[0m
[0;32mI (238094) app_main: Detection ran, face_count=0[0m
[0;32mI (238580) app_main: Detection ran, face_count=0[0m
[0m
