[0;33m--- esp-idf-monitor 1.9.0 on /dev/ttyACM0 115200[0m
[0;33m--- Quit: Ctrl+] | Menu: Ctrl+T | Help: Ctrl+T followed by Ctrl+H[0m
Executing action: monitor
Running idf_monitor in directory /home/hazbiu/Programming/Bachelor_Thesis_ESP/src
Executing "/home/hazbiu/.espressif/tools/python/v5.5.4/venv/bin/python /home/hazbiu/.espressif/v5.5.4/esp-idf/tools/idf_monitor.py -p /dev/ttyACM0 -b 115200 --toolchain-prefix riscv32-esp-elf- --target esp32p4 --revision 1 --decode-panic backtrace /home/hazbiu/Programming/Bachelor_Thesis_ESP/src/build/video_lcd_display.elf /home/hazbiu/Programming/Bachelor_Thesis_ESP/src/build/bootloader/bootloader.elf -m '/home/hazbiu/.espressif/tools/python/v5.5.4/venv/bin/python' '/home/hazbiu/.espressif/v5.5.4/esp-idf/tools/idf.py' '-p' '/dev/ttyACM0' '-b' '115200'"...
ESP-ROM:esp32p4-eco2-20240710
Build:Jul 10 2024
rst:0x1 (POWERON),boot:0x30f (SPI_FAST_FLASH_BOOT)
SPI mode:DIO, clock div:1
load:0x4ff33ce0,len:0x173c
load:0x4ff29ed0,len:0xff0
[0m--- 0x4ff29ed0: [0;33mesp_bootloader_get_description[0m[0m at [0;32m/home/hazbiu/.espressif/v5.5.4/esp-idf/components/esp_bootloader_format/esp_bootloader_desc.c[0m[0m:[1;31m39[0m
load:0x4ff2cbd0,len:0x3608
[0m--- 0x4ff2cbd0: [0;33mesp_flash_encryption_enabled[0m[0m at [0;32m/home/hazbiu/.espressif/v5.5.4/esp-idf/components/bootloader_support/src/flash_encrypt.c[0m[0m:[1;31m89[0m
entry 0x4ff29eda
[0m--- 0x4ff29eda: [0;33mcall_start_cpu0[0m[0m at [0;32m/home/hazbiu/.espressif/v5.5.4/esp-idf/components/bootloader/subproject/main/bootloader_start.c[0m[0m:[1;31m27[0m
[0;32mI (26) boot: ESP-IDF v5.5.4 2nd stage bootloader[0m
[0;32mI (26) boot: compile time Jun 17 2026 19:42:39[0m
[0;32mI (26) boot: Multicore bootloader[0m
[0;32mI (28) boot: chip revision: v1.3[0m
[0;32mI (29) boot: efuse block revision: v0.3[0m
[0;32mI (32) qio_mode: Enabling default flash chip QIO[0m
[0;32mI (37) boot.esp32p4: SPI Speed      : 80MHz[0m
[0;32mI (41) boot.esp32p4: SPI Mode       : QIO[0m
[0;32mI (44) boot.esp32p4: SPI Flash Size : 16MB[0m
[0;32mI (48) boot: Enabling RNG early entropy source...[0m
[0;32mI (53) boot: Partition Table:[0m
[0;32mI (55) boot: ## Label            Usage          Type ST Offset   Length[0m
[0;32mI (62) boot:  0 nvs              WiFi data        01 02 0000b000 00006000[0m
[0;32mI (68) boot:  1 phy_init         RF data          01 01 00011000 00001000[0m
[0;32mI (75) boot:  2 storage          Unknown data     01 82 00012000 0000e000[0m
[0;32mI (81) boot:  3 factory          factory app      00 00 00020000 00f00000[0m
[0;32mI (89) boot: End of partition table[0m
[0;32mI (91) esp_image: segment 0: paddr=00020020 vaddr=482d0020 size=198e84h (1674884) map[0m
[0;32mI (335) esp_image: segment 1: paddr=001b8eac vaddr=30100000 size=00068h (   104) load[0m
[0;32mI (337) esp_image: segment 2: paddr=001b8f1c vaddr=4ff00000 size=070fch ( 28924) load[0m
[0;32mI (345) esp_image: segment 3: paddr=001c0020 vaddr=48000020 size=2c2de0h (2895328) map[0m
[0;32mI (755) esp_image: segment 4: paddr=00482e08 vaddr=4ff070fc size=0f780h ( 63360) load[0m
[0;32mI (768) esp_image: segment 5: paddr=00492590 vaddr=4ff16880 size=043cch ( 17356) load[0m
[0;32mI (777) boot: Loaded app from partition at offset 0x20000[0m
[0;32mI (777) boot: Disabling RNG early entropy source...[0m
[0;32mI (788) hex_psram: vendor id    : 0x0d (AP)[0m
[0;32mI (789) hex_psram: Latency      : 0x01 (Fixed)[0m
[0;32mI (789) hex_psram: DriveStr.    : 0x00 (25 Ohm)[0m
[0;32mI (789) hex_psram: dev id       : 0x03 (generation 4)[0m
[0;32mI (794) hex_psram: density      : 0x07 (256 Mbit)[0m
[0;32mI (799) hex_psram: good-die     : 0x06 (Pass)[0m
[0;32mI (803) hex_psram: SRF          : 0x02 (Slow Refresh)[0m
[0;32mI (808) hex_psram: BurstType    : 0x00 ( Wrap)[0m
[0;32mI (812) hex_psram: BurstLen     : 0x03 (2048 Byte)[0m
[0;32mI (816) hex_psram: BitMode      : 0x01 (X16 Mode)[0m
[0;32mI (821) hex_psram: Readlatency  : 0x04 (14 cycles@Fixed)[0m
[0;32mI (826) hex_psram: DriveStrength: 0x00 (1/1)[0m
[0;32mI (830) MSPI Timing: Enter psram timing tuning[0m
I esp_psram: Found 32MB PSRAM device
I esp_psram: Speed: 200MHz
[0;32mI (1082) mmu_psram: .rodata xip on psram[0m
[0;32mI (1221) mmu_psram: .text xip on psram[0m
[0;32mI (1221) hex_psram: psram CS IO is dedicated[0m
[0;32mI (1221) cpu_start: Multicore app[0m
[0;32mI (1633) esp_psram: SPI SRAM memory test OK[0m
[0;32mI (1642) cpu_start: GPIO 38 and 37 are used as console UART I/O pins[0m
[0;32mI (1642) cpu_start: Pro cpu start user code[0m
[0;32mI (1642) cpu_start: cpu freq: 360000000 Hz[0m
[0;32mI (1644) app_init: Application information:[0m
[0;32mI (1648) app_init: Project name:     video_lcd_display[0m
[0;32mI (1653) app_init: App version:      64c9fae-dirty[0m
[0;32mI (1658) app_init: Compile time:     Jun 17 2026 21:28:38[0m
[0;32mI (1663) app_init: ELF file SHA256:  70dae25c0...[0m
[0;32mI (1667) app_init: ESP-IDF:          v5.5.4[0m
[0;32mI (1671) efuse_init: Min chip rev:     v0.1[0m
[0;32mI (1675) efuse_init: Max chip rev:     v1.99 [0m
[0;32mI (1679) efuse_init: Chip rev:         v1.3[0m
[0;32mI (1683) heap_init: Initializing. RAM available for dynamic allocation:[0m
[0;32mI (1689) heap_init: At 4FF1CFE0 len 0001DFE0 (119 KiB): RETENT_RAM[0m
[0;32mI (1695) heap_init: At 4FF3AFC0 len 00004BF0 (18 KiB): RAM[0m
[0;32mI (1700) heap_init: At 4FF40000 len 00040000 (256 KiB): RAM[0m
[0;32mI (1706) heap_init: At 50108080 len 00007F80 (31 KiB): RTCRAM[0m
[0;32mI (1711) heap_init: At 30100068 len 00001F98 (7 KiB): TCM[0m
[0;32mI (1716) esp_psram: Adding pool of 28224K of PSRAM memory to heap allocator[0m
[0;32mI (1723) esp_psram: Adding pool of 52K of PSRAM memory gap generated due to end address alignment of irom to the heap allocator[0m
[0;32mI (1734) esp_psram: Adding pool of 28K of PSRAM memory gap generated due to end address alignment of drom to the heap allocator[0m
[0;32mI (1746) spi_flash: detected chip: gd[0m
[0;32mI (1749) spi_flash: flash io: qio[0m
[0;32mI (1752) sleep_gpio: Configure to isolate all GPIO pins in sleep state[0m
[0;32mI (1758) sleep_gpio: Enable automatic switching of GPIO sleep configuration[0m
[0;32mI (1765) main_task: Started on CPU0[0m
[0;32mI (1769) esp_psram: Reserving pool of 32K of internal memory for DMA/internal allocations[0m
[0;32mI (1776) main_task: Calling app_main()[0m
[0;32mI (1780) esp_lvgl:adapter: LVGL adapter initialized successfully[0m
[0;33mW (1785) i2c.master: Please check pull-up resistances whether be connected properly. Otherwise unexpected behavior would happen. For more detailed information, please read docs[0m
[0;32mI (1801) ESP32_P4_PLATFORM: MIPI DSI PHY Powered on[0m
[0;32mI (1806) ESP32_P4_PLATFORM: Install MIPI DSI LCD control panel[0m
[0;32mI (1811) ESP32_P4_PLATFORM: Install Waveshare LCD control panel[0m
[0;32mI (1816) jd9365: version: 1.0.6[0m
[0;32mI (1819) i2c_bus: I2C Bus V2 uses the externally initialized bus handle[0m
[0;32mI (3079) jd9365: LCD ID: 93 65 04[0m
[0;32mI (3221) ESP32_P4_PLATFORM: Display initialized[0m
[0;32mI (3223) esp_lvgl:bridge_v9: Initializing hardware resources[0m
[0;32mI (3223) esp_lvgl:bridge_v9: Hardware resources initialized successfully[0m
[0;32mI (3226) ESP32_P4_PLATFORM: Touch 0x5d found[0m
[0;32mI (3229) GT911: I2C address initialization procedure skipped - using default GT9xx setup[0m
[0;32mI (3238) GT911: TouchPad_ID:0x39,0x32,0x37[0m
[0;32mI (3241) GT911: TouchPad_Config_Version:130[0m
[0;32mI (3245) esp_lvgl:touch: Touch input device registered successfully (IRQ mode: disabled)[0m
[0;32mI (3253) esp_lvgl:adapter: LVGL task started successfully[0m
[0;32mI (3254) esp_lvgl:bridge: Initializing hardware resources[0m
[0;32mI (3263) esp_lvgl:bridge: Hardware resources initialized successfully[0m
[0;32mI (3274) app_main: SPIFFS mounted: total=45431 used=502[0m
[0;33mW (3274) ldo: The voltage value 0 is out of the recommended range [500, 2700][0m
[0;32mI (3552) app_main: SD card mounted at /sdcard[0m
[0;32mI (3566) app_main: Wrote /sdcard/test.txt[0m
[0;32mI (3566) face_detect_wrapper: HumanFaceDetect initialized[0m
[0;33mW (3566) face_recognition_wrapper: Building face database from SD card images[0m
[0;32mI (3576) face_recognition_wrapper: Reading /sdcard/enroll/person_1/001.rgb[0m
[0;33mW (3731) FbsLoader: CONFIG_SPIRAM_RODATA or CONFIG_SPIRAM_XIP_FROM_PSRAM option is on, fbs model is copied to PSRAM.[0m
[0;33mW (3757) dl::Model: Minimize() will delete variables not used in model inference, which will make it impossible to test or debug the model.[0m
[0;33mW (3759) FbsLoader: CONFIG_SPIRAM_RODATA or CONFIG_SPIRAM_XIP_FROM_PSRAM option is on, fbs model is copied to PSRAM.[0m
[0;33mW (3779) dl::Model: Minimize() will delete variables not used in model inference, which will make it impossible to test or debug the model.[0m
[0;32mI (3799) face_recognition_wrapper: /sdcard/enroll/person_1/001.rgb: detected faces=0[0m
[0;33mW (3799) face_recognition_wrapper: Skipping /sdcard/enroll/person_1/001.rgb: no face detected[0m
[0;32mI (3805) face_recognition_wrapper: Reading /sdcard/enroll/person_1/002.rgb[0m
[0;32mI (3971) face_recognition_wrapper: /sdcard/enroll/person_1/002.rgb: detected faces=0[0m
[0;33mW (3971) face_recognition_wrapper: Skipping /sdcard/enroll/person_1/002.rgb: no face detected[0m
[0;32mI (3976) face_recognition_wrapper: Reading /sdcard/enroll/person_1/003.rgb[0m
[0;32mI (4142) face_recognition_wrapper: /sdcard/enroll/person_1/003.rgb: detected faces=0[0m
[0;33mW (4142) face_recognition_wrapper: Skipping /sdcard/enroll/person_1/003.rgb: no face detected[0m
[0;32mI (4148) face_recognition_wrapper: Reading /sdcard/enroll/person_1/004.rgb[0m
[0;32mI (4313) face_recognition_wrapper: /sdcard/enroll/person_1/004.rgb: detected faces=0[0m
[0;33mW (4313) face_recognition_wrapper: Skipping /sdcard/enroll/person_1/004.rgb: no face detected[0m
[0;32mI (4319) face_recognition_wrapper: Reading /sdcard/enroll/person_1/005.rgb[0m
[0;32mI (4485) face_recognition_wrapper: /sdcard/enroll/person_1/005.rgb: detected faces=0[0m
[0;33mW (4485) face_recognition_wrapper: Skipping /sdcard/enroll/person_1/005.rgb: no face detected[0m
[0;32mI (4491) face_recognition_wrapper: Reading /sdcard/enroll/person_1/006.rgb[0m
[0;32mI (4661) face_recognition_wrapper: /sdcard/enroll/person_1/006.rgb: detected faces=1[0m
[0;32mI (4661) face_recognition_wrapper: /sdcard/enroll/person_1/006.rgb: best face score=0.986 box=[99,33,212,195][0m
[0;33mW (4667) FbsLoader: There is only one model in the flatbuffers, ignore the input model name![0m
[0;33mW (4675) FbsLoader: CONFIG_SPIRAM_RODATA or CONFIG_SPIRAM_XIP_FROM_PSRAM option is on, fbs model is copied to PSRAM.[0m
[0;33mW (4755) dl::Model: Minimize() will delete variables not used in model inference, which will make it impossible to test or debug the model.[0m
[0;32mI (4888) face_recognition_wrapper: Added embedding from /sdcard/enroll/person_1/006.rgb, total=1[0m
[0;32mI (4889) face_recognition_wrapper: Reading /sdcard/enroll/person_1/007.rgb[0m
[0;32mI (5059) face_recognition_wrapper: /sdcard/enroll/person_1/007.rgb: detected faces=1[0m
[0;32mI (5059) face_recognition_wrapper: /sdcard/enroll/person_1/007.rgb: best face score=0.998 box=[98,26,211,179][0m
[0;32mI (5185) face_recognition_wrapper: Added embedding from /sdcard/enroll/person_1/007.rgb, total=2[0m
[0;32mI (5238) face_recognition_wrapper: Face database build finished: embeddings=2 total=2 path=/sdcard/face.db[0m
[0;32mI (5239) ov5647: Detected Camera sensor PID=0x5647[0m
[0;32mI (5269) app_video: version: 0.8.0[0m
[0;32mI (5269) app_video: driver:  MIPI-CSI[0m
[0;32mI (5269) app_video: card:    MIPI-CSI[0m
[0;32mI (5269) app_video: bus:     esp32p4:MIPI-CSI[0m
[0;32mI (5271) app_video: width=1280 height=960[0m
[0;32mI (5276) app_main: Using user defined buffer[0m
[0;32mI (5320) app_video: Video Stream Start[0m
[0;32mI (5322) main_task: Returned from app_main()[0m
[0;32mI (5817) app_main: Detection ran, face_count=0[0m
[0;32mI (6303) app_main: Detection ran, face_count=0[0m
[0;32mI (6789) app_main: Detection ran, face_count=0[0m
[0;32mI (7275) app_main: Detection ran, face_count=0[0m
[0;32mI (7766) app_main: Detection ran, face_count=1[0m
[0;32mI (7767) app_main: Face 0 score=0.96 box=[252,93,904,921][0m
[0;32mI (8254) app_main: Detection ran, face_count=1[0m
[0;32mI (8254) app_main: Face 0 score=1.00 box=[233,11,934,895][0m
[0;32mI (8739) app_main: Detection ran, face_count=1[0m
[0;32mI (8739) app_main: Face 0 score=0.97 box=[280,62,896,848][0m
[0;32mI (9226) app_main: Detection ran, face_count=1[0m
[0;32mI (9226) app_main: Face 0 score=0.98 box=[243,71,876,917][0m
[0;32mI (9355) face_recognition_wrapper: Recognition result: unknown, no database match[0m
[0;32mI (9356) app_main: Recognition result: name=unknown score=0.000[0m
[0;32mI (9850) app_main: Detection ran, face_count=1[0m
[0;32mI (9850) app_main: Face 0 score=0.99 box=[275,17,882,855][0m
[0;32mI (10337) app_main: Detection ran, face_count=1[0m
[0;32mI (10337) app_main: Face 0 score=1.00 box=[257,0,880,810][0m
[0;32mI (10818) app_main: Detection ran, face_count=0[0m
[0;32mI (11308) app_main: Detection ran, face_count=1[0m
[0;32mI (11309) app_main: Face 0 score=1.00 box=[252,7,897,862][0m
[0;32mI (11439) face_recognition_wrapper: Face rejected: id=1 similarity=0.550 threshold=0.70[0m
[0;32mI (11439) app_main: Recognition result: name=unknown score=0.550[0m
[0;32mI (11934) app_main: Detection ran, face_count=1[0m
[0;32mI (11934) app_main: Face 0 score=0.99 box=[245,86,874,902][0m
[0;32mI (12415) app_main: Detection ran, face_count=0[0m
[0;32mI (12906) app_main: Detection ran, face_count=1[0m
[0;32mI (12906) app_main: Face 0 score=0.98 box=[268,85,876,896][0m
[0;32mI (13392) app_main: Detection ran, face_count=1[0m
[0;32mI (13393) app_main: Face 0 score=0.97 box=[225,112,836,899][0m
[0;32mI (13522) face_recognition_wrapper: Recognition result: unknown, no database match[0m
[0;32mI (13523) app_main: Recognition result: name=unknown score=0.000[0m
[0;32mI (14012) app_main: Detection ran, face_count=0[0m
[0;32mI (14498) app_main: Detection ran, face_count=0[0m
[0;32mI (14990) app_main: Detection ran, face_count=1[0m
[0;32mI (14990) app_main: Face 0 score=0.98 box=[240,125,821,933][0m
[0;32mI (15450) app_main: Frame count=100[0m
[0;32mI (15471) app_main: Detection ran, face_count=0[0m
[0;32mI (15962) app_main: Detection ran, face_count=1[0m
[0;32mI (15962) app_main: Face 0 score=0.99 box=[201,114,820,922][0m
[0;32mI (16449) app_main: Detection ran, face_count=1[0m
[0;32mI (16449) app_main: Face 0 score=0.93 box=[205,100,814,903][0m
[0;32mI (16934) app_main: Detection ran, face_count=1[0m
[0;32mI (16934) app_main: Face 0 score=0.97 box=[232,82,852,933][0m
[0;32mI (17415) app_main: Detection ran, face_count=0[0m
[0;32mI (17901) app_main: Detection ran, face_count=0[0m
[0;32mI (18387) app_main: Detection ran, face_count=0[0m
[0;32mI (18878) app_main: Detection ran, face_count=1[0m
[0;32mI (18878) app_main: Face 0 score=0.99 box=[231,102,873,955][0m
[0;32mI (19365) app_main: Detection ran, face_count=1[0m
[0;32mI (19365) app_main: Face 0 score=0.99 box=[254,126,860,948][0m
[0;32mI (19496) face_recognition_wrapper: Face rejected: id=1 similarity=0.593 threshold=0.70[0m
[0;32mI (19497) app_main: Recognition result: name=unknown score=0.593[0m
[0;32mI (19990) app_main: Detection ran, face_count=1[0m
[0;32mI (19990) app_main: Face 0 score=1.00 box=[224,129,849,948][0m
[0;32mI (20471) app_main: Detection ran, face_count=0[0m
[0;32mI (20957) app_main: Detection ran, face_count=0[0m
[0;32mI (21448) app_main: Detection ran, face_count=1[0m
[0;32mI (21449) app_main: Face 0 score=0.99 box=[215,105,813,884][0m
[0;32mI (21579) face_recognition_wrapper: Face rejected: id=1 similarity=0.510 threshold=0.70[0m
[0;32mI (21579) app_main: Recognition result: name=unknown score=0.510[0m
[0;32mI (22068) app_main: Detection ran, face_count=0[0m
[0;32mI (22554) app_main: Detection ran, face_count=0[0m
[0;32mI (23041) app_main: Detection ran, face_count=0[0m
[0;32mI (23526) app_main: Detection ran, face_count=0[0m
[0;32mI (24012) app_main: Detection ran, face_count=0[0m
[0;32mI (24498) app_main: Detection ran, face_count=0[0m
[0;32mI (24984) app_main: Detection ran, face_count=0[0m
[0;32mI (25450) app_main: Frame count=200[0m
[0;32mI (25471) app_main: Detection ran, face_count=0[0m
[0;32mI (25957) app_main: Detection ran, face_count=0[0m
[0;32mI (26443) app_main: Detection ran, face_count=0[0m
[0;32mI (26928) app_main: Detection ran, face_count=0[0m
[0;32mI (27415) app_main: Detection ran, face_count=0[0m
[0;32mI (27901) app_main: Detection ran, face_count=0[0m
[0;32mI (28387) app_main: Detection ran, face_count=0[0m
[0;32mI (28873) app_main: Detection ran, face_count=0[0m
[0;32mI (29359) app_main: Detection ran, face_count=0[0m
[0;32mI (29846) app_main: Detection ran, face_count=0[0m
[0;32mI (30332) app_main: Detection ran, face_count=0[0m
[0m
