[0;33m--- esp-idf-monitor 1.9.0 on /dev/ttyACM0 115200[0m
[0;33m--- Quit: Ctrl+] | Menu: Ctrl+T | Help: Ctrl+T followed by Ctrl+H[0m
Executing action: monitor
Running idf_monitor in directory /home/hazbiu/Programming/Bachelor_Thesis_ESP/src
Executing "/home/hazbiu/.espressif/tools/python/v5.5.4/venv/bin/python /home/hazbiu/.espressif/v5.5.4/esp-idf/tools/idf_monitor.py -p /dev/ttyACM0 -b 115200 --toolchain-prefix riscv32-esp-elf- --target esp32p4 --revision 1 --decode-panic backtrace /home/hazbiu/Programming/Bachelor_Thesis_ESP/src/build/video_lcd_display.elf /home/hazbiu/Programming/Bachelor_Thesis_ESP/src/build/bootloader/bootloader.elf -m '/home/hazbiu/.espressif/tools/python/v5.5.4/venv/bin/python' '/home/hazbiu/.espressif/v5.5.4/esp-idf/tools/idf.py' '-p' '/dev/ttyACM0' '-b' '115200'"...
ESP-ROM:esp32p4-eco2-20240710
Build:Jul 10 2024
rst:0x1 (POWERON),boot:0x30f (SPI_FAST_FLASH_BOOT)
SPI mode:DIO, clock div:1
load:0x4ff33ce0,len:0x173c
load:0x4ff29ed0,len:0xff0
[0m--- 0x4ff29ed0: [0;33mesp_bootloader_get_description[0m[0m at [0;32m/home/hazbiu/.espressif/v5.5.4/esp-idf/components/esp_bootloader_format/esp_bootloader_desc.c[0m[0m:[1;31m39[0m
load:0x4ff2cbd0,len:0x3608
[0m--- 0x4ff2cbd0: [0;33mesp_flash_encryption_enabled[0m[0m at [0;32m/home/hazbiu/.espressif/v5.5.4/esp-idf/components/bootloader_support/src/flash_encrypt.c[0m[0m:[1;31m89[0m
entry 0x4ff29eda
[0m--- 0x4ff29eda: [0;33mcall_start_cpu0[0m[0m at [0;32m/home/hazbiu/.espressif/v5.5.4/esp-idf/components/bootloader/subproject/main/bootloader_start.c[0m[0m:[1;31m27[0m
[0;32mI (26) boot: ESP-IDF v5.5.4 2nd stage bootloader[0m
[0;32mI (26) boot: compile time Jun 17 2026 19:42:39[0m
[0;32mI (26) boot: Multicore bootloader[0m
[0;32mI (28) boot: chip revision: v1.3[0m
[0;32mI (29) boot: efuse block revision: v0.3[0m
[0;32mI (32) qio_mode: Enabling default flash chip QIO[0m
[0;32mI (37) boot.esp32p4: SPI Speed      : 80MHz[0m
[0;32mI (41) boot.esp32p4: SPI Mode       : QIO[0m
[0;32mI (44) boot.esp32p4: SPI Flash Size : 16MB[0m
[0;32mI (48) boot: Enabling RNG early entropy source...[0m
[0;32mI (53) boot: Partition Table:[0m
[0;32mI (55) boot: ## Label            Usage          Type ST Offset   Length[0m
[0;32mI (62) boot:  0 nvs              WiFi data        01 02 0000b000 00006000[0m
[0;32mI (68) boot:  1 phy_init         RF data          01 01 00011000 00001000[0m
[0;32mI (75) boot:  2 storage          Unknown data     01 82 00012000 0000e000[0m
[0;32mI (81) boot:  3 factory          factory app      00 00 00020000 00f00000[0m
[0;32mI (89) boot: End of partition table[0m
[0;32mI (91) esp_image: segment 0: paddr=00020020 vaddr=482d0020 size=198a84h (1673860) map[0m
[0;32mI (335) esp_image: segment 1: paddr=001b8aac vaddr=30100000 size=00068h (   104) load[0m
[0;32mI (337) esp_image: segment 2: paddr=001b8b1c vaddr=4ff00000 size=074fch ( 29948) load[0m
[0;32mI (345) esp_image: segment 3: paddr=001c0020 vaddr=48000020 size=2c23e0h (2892768) map[0m
[0;32mI (755) esp_image: segment 4: paddr=00482408 vaddr=4ff074fc size=0f380h ( 62336) load[0m
[0;32mI (767) esp_image: segment 5: paddr=00491790 vaddr=4ff16880 size=043cch ( 17356) load[0m
[0;32mI (776) boot: Loaded app from partition at offset 0x20000[0m
[0;32mI (777) boot: Disabling RNG early entropy source...[0m
[0;32mI (788) hex_psram: vendor id    : 0x0d (AP)[0m
[0;32mI (788) hex_psram: Latency      : 0x01 (Fixed)[0m
[0;32mI (788) hex_psram: DriveStr.    : 0x00 (25 Ohm)[0m
[0;32mI (789) hex_psram: dev id       : 0x03 (generation 4)[0m
[0;32mI (794) hex_psram: density      : 0x07 (256 Mbit)[0m
[0;32mI (798) hex_psram: good-die     : 0x06 (Pass)[0m
[0;32mI (802) hex_psram: SRF          : 0x02 (Slow Refresh)[0m
[0;32mI (807) hex_psram: BurstType    : 0x00 ( Wrap)[0m
[0;32mI (811) hex_psram: BurstLen     : 0x03 (2048 Byte)[0m
[0;32mI (816) hex_psram: BitMode      : 0x01 (X16 Mode)[0m
[0;32mI (820) hex_psram: Readlatency  : 0x04 (14 cycles@Fixed)[0m
[0;32mI (825) hex_psram: DriveStrength: 0x00 (1/1)[0m
[0;32mI (829) MSPI Timing: Enter psram timing tuning[0m
I esp_psram: Found 32MB PSRAM device
I esp_psram: Speed: 200MHz
[0;32mI (1081) mmu_psram: .rodata xip on psram[0m
[0;32mI (1220) mmu_psram: .text xip on psram[0m
[0;32mI (1220) hex_psram: psram CS IO is dedicated[0m
[0;32mI (1221) cpu_start: Multicore app[0m
[0;32mI (1633) esp_psram: SPI SRAM memory test OK[0m
[0;32mI (1642) cpu_start: GPIO 38 and 37 are used as console UART I/O pins[0m
[0;32mI (1642) cpu_start: Pro cpu start user code[0m
[0;32mI (1642) cpu_start: cpu freq: 360000000 Hz[0m
[0;32mI (1644) app_init: Application information:[0m
[0;32mI (1648) app_init: Project name:     video_lcd_display[0m
[0;32mI (1653) app_init: App version:      52672d2-dirty[0m
[0;32mI (1658) app_init: Compile time:     Jun 17 2026 19:42:32[0m
[0;32mI (1663) app_init: ELF file SHA256:  d1a3ba581...[0m
[0;32mI (1667) app_init: ESP-IDF:          v5.5.4[0m
[0;32mI (1671) efuse_init: Min chip rev:     v0.1[0m
[0;32mI (1675) efuse_init: Max chip rev:     v1.99 [0m
[0;32mI (1679) efuse_init: Chip rev:         v1.3[0m
[0;32mI (1683) heap_init: Initializing. RAM available for dynamic allocation:[0m
[0;32mI (1689) heap_init: At 4FF1CFE0 len 0001DFE0 (119 KiB): RETENT_RAM[0m
[0;32mI (1695) heap_init: At 4FF3AFC0 len 00004BF0 (18 KiB): RAM[0m
[0;32mI (1700) heap_init: At 4FF40000 len 00040000 (256 KiB): RAM[0m
[0;32mI (1706) heap_init: At 50108080 len 00007F80 (31 KiB): RTCRAM[0m
[0;32mI (1711) heap_init: At 30100068 len 00001F98 (7 KiB): TCM[0m
[0;32mI (1716) esp_psram: Adding pool of 28224K of PSRAM memory to heap allocator[0m
[0;32mI (1723) esp_psram: Adding pool of 55K of PSRAM memory gap generated due to end address alignment of irom to the heap allocator[0m
[0;32mI (1734) esp_psram: Adding pool of 29K of PSRAM memory gap generated due to end address alignment of drom to the heap allocator[0m
[0;32mI (1746) spi_flash: detected chip: gd[0m
[0;32mI (1749) spi_flash: flash io: qio[0m
[0;32mI (1752) sleep_gpio: Configure to isolate all GPIO pins in sleep state[0m
[0;32mI (1758) sleep_gpio: Enable automatic switching of GPIO sleep configuration[0m
[0;32mI (1765) main_task: Started on CPU0[0m
[0;32mI (1769) esp_psram: Reserving pool of 32K of internal memory for DMA/internal allocations[0m
[0;32mI (1776) main_task: Calling app_main()[0m
[0;32mI (1780) esp_lvgl:adapter: LVGL adapter initialized successfully[0m
[0;33mW (1785) i2c.master: Please check pull-up resistances whether be connected properly. Otherwise unexpected behavior would happen. For more detailed information, please read docs[0m
[0;32mI (1801) ESP32_P4_PLATFORM: MIPI DSI PHY Powered on[0m
[0;32mI (1806) ESP32_P4_PLATFORM: Install MIPI DSI LCD control panel[0m
[0;32mI (1811) ESP32_P4_PLATFORM: Install Waveshare LCD control panel[0m
[0;32mI (1816) jd9365: version: 1.0.6[0m
[0;32mI (1819) i2c_bus: I2C Bus V2 uses the externally initialized bus handle[0m
[0;32mI (3079) jd9365: LCD ID: 93 65 04[0m
[0;32mI (3221) ESP32_P4_PLATFORM: Display initialized[0m
[0;32mI (3223) esp_lvgl:bridge_v9: Initializing hardware resources[0m
[0;32mI (3223) esp_lvgl:bridge_v9: Hardware resources initialized successfully[0m
[0;32mI (3226) ESP32_P4_PLATFORM: Touch 0x5d found[0m
[0;32mI (3229) GT911: I2C address initialization procedure skipped - using default GT9xx setup[0m
[0;32mI (3238) GT911: TouchPad_ID:0x39,0x32,0x37[0m
[0;32mI (3241) GT911: TouchPad_Config_Version:130[0m
[0;32mI (3245) esp_lvgl:touch: Touch input device registered successfully (IRQ mode: disabled)[0m
[0;32mI (3253) esp_lvgl:adapter: LVGL task started successfully[0m
[0;32mI (3254) esp_lvgl:bridge: Initializing hardware resources[0m
[0;32mI (3263) esp_lvgl:bridge: Hardware resources initialized successfully[0m
[0;32mI (3273) app_main: SPIFFS mounted: total=45431 used=502[0m
[0;33mW (3274) ldo: The voltage value 0 is out of the recommended range [500, 2700][0m
[0;32mI (3552) app_main: SD card mounted at /sdcard[0m
[0;32mI (3565) app_main: Wrote /sdcard/test.txt[0m
[0;32mI (3565) face_detect_wrapper: HumanFaceDetect initialized[0m
[0;33mW (3566) FbsLoader: There is only one model in the flatbuffers, ignore the input model name![0m
[0;33mW (3571) FbsLoader: CONFIG_SPIRAM_RODATA or CONFIG_SPIRAM_XIP_FROM_PSRAM option is on, fbs model is copied to PSRAM.[0m
[0;33mW (3645) dl::Model: Minimize() will delete variables not used in model inference, which will make it impossible to test or debug the model.[0m
[0;32mI (3565) face_recognition_wrapper: HumanFaceRecognizer initialized, enrolled=0[0m
[0;32mI (3654) ov5647: Detected Camera sensor PID=0x5647[0m
[0;32mI (3687) app_video: version: 0.8.0[0m
[0;32mI (3687) app_video: driver:  MIPI-CSI[0m
[0;32mI (3687) app_video: card:    MIPI-CSI[0m
[0;32mI (3687) app_video: bus:     esp32p4:MIPI-CSI[0m
[0;32mI (3689) app_video: width=1280 height=960[0m
[0;32mI (3694) app_main: Using user defined buffer[0m
[0;32mI (3738) app_video: Video Stream Start[0m
[0;32mI (3739) main_task: Returned from app_main()[0m
[0;33mW (4214) FbsLoader: CONFIG_SPIRAM_RODATA or CONFIG_SPIRAM_XIP_FROM_PSRAM option is on, fbs model is copied to PSRAM.[0m
[0;33mW (4242) dl::Model: Minimize() will delete variables not used in model inference, which will make it impossible to test or debug the model.[0m
[0;33mW (4244) FbsLoader: CONFIG_SPIRAM_RODATA or CONFIG_SPIRAM_XIP_FROM_PSRAM option is on, fbs model is copied to PSRAM.[0m
[0;33mW (4264) dl::Model: Minimize() will delete variables not used in model inference, which will make it impossible to test or debug the model.[0m
[0;32mI (4287) app_main: Detection ran, face_count=0[0m
[0;32mI (4767) app_main: Detection ran, face_count=0[0m
[0;32mI (5253) app_main: Detection ran, face_count=0[0m
[0;32mI (5739) app_main: Detection ran, face_count=0[0m
[0;32mI (6226) app_main: Detection ran, face_count=0[0m
[0;32mI (6712) app_main: Detection ran, face_count=0[0m
[0;32mI (7198) app_main: Detection ran, face_count=0[0m
[0;32mI (7684) app_main: Detection ran, face_count=0[0m
[0;32mI (8170) app_main: Detection ran, face_count=0[0m
[0;32mI (8656) app_main: Detection ran, face_count=0[0m
[0;32mI (9142) app_main: Detection ran, face_count=0[0m
[0;32mI (9629) app_main: Detection ran, face_count=0[0m
[0;32mI (10115) app_main: Detection ran, face_count=0[0m
[0;32mI (10600) app_main: Detection ran, face_count=0[0m
[0;32mI (11087) app_main: Detection ran, face_count=0[0m
[0;32mI (11573) app_main: Detection ran, face_count=0[0m
[0;32mI (12059) app_main: Detection ran, face_count=0[0m
[0;32mI (12546) app_main: Detection ran, face_count=0[0m
[0;32mI (13031) app_main: Detection ran, face_count=0[0m
[0;32mI (13497) app_main: Frame count=100[0m
[0;32mI (13517) app_main: Detection ran, face_count=0[0m
[0;32mI (14004) app_main: Detection ran, face_count=0[0m
[0;32mI (14490) app_main: Detection ran, face_count=0[0m
[0;32mI (14976) app_main: Detection ran, face_count=0[0m
[0;32mI (15462) app_main: Detection ran, face_count=0[0m
[0;32mI (15948) app_main: Detection ran, face_count=0[0m
[0;32mI (16434) app_main: Detection ran, face_count=0[0m
[0;32mI (16920) app_main: Detection ran, face_count=0[0m
[0;32mI (17407) app_main: Detection ran, face_count=0[0m
[0;32mI (17893) app_main: Detection ran, face_count=0[0m
[0;32mI (18379) app_main: Detection ran, face_count=0[0m
[0;32mI (18865) app_main: Detection ran, face_count=0[0m
[0;32mI (19351) app_main: Detection ran, face_count=0[0m
[0;32mI (19837) app_main: Detection ran, face_count=0[0m
[0;32mI (20324) app_main: Detection ran, face_count=0[0m
[0;32mI (20809) app_main: Detection ran, face_count=0[0m
[0;32mI (21296) app_main: Detection ran, face_count=0[0m
[0;32mI (21782) app_main: Detection ran, face_count=0[0m
[0;32mI (22268) app_main: Detection ran, face_count=0[0m
[0;32mI (22755) app_main: Detection ran, face_count=0[0m
[0;32mI (23219) app_main: Frame count=200[0m
[0;32mI (23240) app_main: Detection ran, face_count=0[0m
[0;32mI (23726) app_main: Detection ran, face_count=0[0m
[0;32mI (24213) app_main: Detection ran, face_count=0[0m
[0;32mI (24699) app_main: Detection ran, face_count=0[0m
[0;32mI (25185) app_main: Detection ran, face_count=0[0m
[0;32mI (25671) app_main: Detection ran, face_count=0[0m
[0;32mI (26157) app_main: Detection ran, face_count=0[0m
[0;32mI (26643) app_main: Detection ran, face_count=0[0m
[0;32mI (27129) app_main: Detection ran, face_count=0[0m
[0;32mI (27615) app_main: Detection ran, face_count=0[0m
[0;32mI (28102) app_main: Detection ran, face_count=0[0m
[0;32mI (28588) app_main: Detection ran, face_count=0[0m
[0;32mI (29074) app_main: Detection ran, face_count=0[0m
[0;32mI (29560) app_main: Detection ran, face_count=0[0m
[0;32mI (30046) app_main: Detection ran, face_count=0[0m
[0;32mI (30532) app_main: Detection ran, face_count=0[0m
[0;32mI (31018) app_main: Detection ran, face_count=0[0m
[0;32mI (31505) app_main: Detection ran, face_count=0[0m
[0;32mI (31991) app_main: Detection ran, face_count=0[0m
[0;32mI (32482) app_main: Detection ran, face_count=1[0m
[0;32mI (32482) app_main: Face 0 score=0.59 box=[432,153,918,837][0m
[0;32mI (32942) app_main: Frame count=300[0m
[0;32mI (32965) app_main: Detection ran, face_count=0[0m
[0;32mI (33449) app_main: Detection ran, face_count=0[0m
[0;32mI (33936) app_main: Detection ran, face_count=0[0m
[0;32mI (34421) app_main: Detection ran, face_count=0[0m
[0;32mI (34907) app_main: Detection ran, face_count=0[0m
[0;32mI (35394) app_main: Detection ran, face_count=0[0m
[0;32mI (35880) app_main: Detection ran, face_count=0[0m
[0;32mI (36366) app_main: Detection ran, face_count=0[0m
[0;32mI (36852) app_main: Detection ran, face_count=0[0m
[0;32mI (37338) app_main: Detection ran, face_count=0[0m
[0;32mI (37824) app_main: Detection ran, face_count=0[0m
[0;32mI (38311) app_main: Detection ran, face_count=0[0m
[0;32mI (38797) app_main: Detection ran, face_count=0[0m
[0;32mI (39289) app_main: Detection ran, face_count=1[0m
[0;32mI (39289) app_main: Face 0 score=0.88 box=[353,58,908,844][0m
[0;32mI (39769) app_main: Detection ran, face_count=0[0m
[0;32mI (40260) app_main: Detection ran, face_count=1[0m
[0;32mI (40261) app_main: Face 0 score=0.87 box=[287,154,826,877][0m
[0;32mI (40747) app_main: Detection ran, face_count=1[0m
[0;32mI (40747) app_main: Face 0 score=0.84 box=[301,129,818,849][0m
[0;32mI (40876) face_recognition_wrapper: Recognition result: unknown, no database match[0m
[0;32mI (40877) app_main: Recognition result: name=unknown score=0.000[0m
[0;32mI (41367) app_main: Detection ran, face_count=0[0m
[0;32mI (41848) app_main: Detection ran, face_count=0[0m
[0;32mI (42338) app_main: Detection ran, face_count=0[0m
[0;32mI (42804) app_main: Frame count=400[0m
[0;32mI (42825) app_main: Detection ran, face_count=0[0m
[0;32mI (43311) app_main: Detection ran, face_count=0[0m
[0;32mI (43798) app_main: Detection ran, face_count=0[0m
[0;32mI (44283) app_main: Detection ran, face_count=0[0m
[0;32mI (44774) app_main: Detection ran, face_count=1[0m
[0;32mI (44774) app_main: Face 0 score=0.91 box=[294,182,791,854][0m
[0;32mI (44903) face_recognition_wrapper: Recognition result: unknown, no database match[0m
[0;32mI (44903) app_main: Recognition result: name=unknown score=0.000[0m
[0;32mI (45394) app_main: Detection ran, face_count=0[0m
[0;32mI (45881) app_main: Detection ran, face_count=0[0m
[0;32mI (46367) app_main: Detection ran, face_count=0[0m
[0;32mI (46852) app_main: Detection ran, face_count=0[0m
[0;32mI (47339) app_main: Detection ran, face_count=0[0m
[0;32mI (47825) app_main: Detection ran, face_count=0[0m
[0;32mI (48311) app_main: Detection ran, face_count=0[0m
[0;32mI (48797) app_main: Detection ran, face_count=0[0m
[0;32mI (49283) app_main: Detection ran, face_count=0[0m
[0;32mI (49775) app_main: Detection ran, face_count=1[0m
[0;32mI (49775) app_main: Face 0 score=0.94 box=[324,252,807,913][0m
[0;32mI (50261) app_main: Detection ran, face_count=1[0m
[0;32mI (50261) app_main: Face 0 score=0.98 box=[318,221,803,891][0m
[0;32mI (50747) app_main: Detection ran, face_count=1[0m
[0;32mI (50747) app_main: Face 0 score=0.96 box=[312,205,802,889][0m
[0;32mI (50876) face_recognition_wrapper: Recognition result: unknown, no database match[0m
[0;32mI (50876) app_main: Recognition result: name=unknown score=0.000[0m
[0;32mI (51367) app_main: Detection ran, face_count=0[0m
[0;32mI (51853) app_main: Detection ran, face_count=0[0m
[0;32mI (52339) app_main: Detection ran, face_count=0[0m
[0;32mI (52804) app_main: Frame count=500[0m
[0;32mI (52825) app_main: Detection ran, face_count=0[0m
[0;32mI (53312) app_main: Detection ran, face_count=0[0m
[0;32mI (53797) app_main: Detection ran, face_count=0[0m
[0;32mI (54285) app_main: Detection ran, face_count=0[0m
[0;32mI (54770) app_main: Detection ran, face_count=0[0m
[0;32mI (55256) app_main: Detection ran, face_count=0[0m
[0;32mI (55742) app_main: Detection ran, face_count=0[0m
[0;32mI (56228) app_main: Detection ran, face_count=0[0m
[0;32mI (56714) app_main: Detection ran, face_count=0[0m
[0;32mI (57200) app_main: Detection ran, face_count=0[0m
[0;32mI (57686) app_main: Detection ran, face_count=0[0m
[0;32mI (58173) app_main: Detection ran, face_count=0[0m
[0;32mI (58659) app_main: Detection ran, face_count=0[0m
[0;32mI (59145) app_main: Detection ran, face_count=0[0m
[0;32mI (59631) app_main: Detection ran, face_count=0[0m
[0;32mI (60117) app_main: Detection ran, face_count=0[0m
[0;32mI (60603) app_main: Detection ran, face_count=0[0m
[0;32mI (61090) app_main: Detection ran, face_count=0[0m
[0;32mI (61575) app_main: Detection ran, face_count=0[0m
[0;32mI (62062) app_main: Detection ran, face_count=0[0m
[0;32mI (62527) app_main: Frame count=600[0m
[0;32mI (62548) app_main: Detection ran, face_count=0[0m
[0;32mI (63034) app_main: Detection ran, face_count=0[0m
[0;32mI (63520) app_main: Detection ran, face_count=0[0m
[0;32mI (64006) app_main: Detection ran, face_count=0[0m
[0m
