[0;33m--- esp-idf-monitor 1.9.0 on /dev/ttyACM0 115200[0m
[0;33m--- Quit: Ctrl+] | Menu: Ctrl+T | Help: Ctrl+T followed by Ctrl+H[0m
Executing action: monitor
Running idf_monitor in directory /home/hazbiu/Programming/Bachelor_Thesis_ESP/src
Executing "/home/hazbiu/.espressif/tools/python/v5.5.4/venv/bin/python /home/hazbiu/.espressif/v5.5.4/esp-idf/tools/idf_monitor.py -p /dev/ttyACM0 -b 115200 --toolchain-prefix riscv32-esp-elf- --target esp32p4 --revision 1 --decode-panic backtrace /home/hazbiu/Programming/Bachelor_Thesis_ESP/src/build/video_lcd_display.elf /home/hazbiu/Programming/Bachelor_Thesis_ESP/src/build/bootloader/bootloader.elf -m '/home/hazbiu/.espressif/tools/python/v5.5.4/venv/bin/python' '/home/hazbiu/.espressif/v5.5.4/esp-idf/tools/idf.py' '-p' '/dev/ttyACM0' '-b' '115200'"...
ESP-ROM:esp32p4-eco2-20240710
Build:Jul 10 2024
rst:0x1 (POWERON),boot:0x30f (SPI_FAST_FLASH_BOOT)
SPI mode:DIO, clock div:1
load:0x4ff33ce0,len:0x173c
load:0x4ff29ed0,len:0xff0
[0m--- 0x4ff29ed0: [0;33mesp_bootloader_get_description[0m[0m at [0;32m/home/hazbiu/.espressif/v5.5.4/esp-idf/components/esp_bootloader_format/esp_bootloader_desc.c[0m[0m:[1;31m39[0m
load:0x4ff2cbd0,len:0x3608
[0m--- 0x4ff2cbd0: [0;33mesp_flash_encryption_enabled[0m[0m at [0;32m/home/hazbiu/.espressif/v5.5.4/esp-idf/components/bootloader_support/src/flash_encrypt.c[0m[0m:[1;31m89[0m
entry 0x4ff29eda
[0m--- 0x4ff29eda: [0;33mcall_start_cpu0[0m[0m at [0;32m/home/hazbiu/.espressif/v5.5.4/esp-idf/components/bootloader/subproject/main/bootloader_start.c[0m[0m:[1;31m27[0m
[0;32mI (26) boot: ESP-IDF v5.5.4 2nd stage bootloader[0m
[0;32mI (26) boot: compile time Jun  7 2026 22:22:01[0m
[0;32mI (26) boot: Multicore bootloader[0m
[0;32mI (28) boot: chip revision: v1.3[0m
[0;32mI (29) boot: efuse block revision: v0.3[0m
[0;32mI (32) qio_mode: Enabling default flash chip QIO[0m
[0;32mI (37) boot.esp32p4: SPI Speed      : 80MHz[0m
[0;32mI (41) boot.esp32p4: SPI Mode       : QIO[0m
[0;32mI (44) boot.esp32p4: SPI Flash Size : 16MB[0m
[0;32mI (48) boot: Enabling RNG early entropy source...[0m
[0;32mI (53) boot: Partition Table:[0m
[0;32mI (55) boot: ## Label            Usage          Type ST Offset   Length[0m
[0;32mI (62) boot:  0 nvs              WiFi data        01 02 0000b000 00006000[0m
[0;32mI (68) boot:  1 phy_init         RF data          01 01 00011000 00001000[0m
[0;32mI (75) boot:  2 storage          Unknown data     01 82 00012000 0000e000[0m
[0;32mI (81) boot:  3 factory          factory app      00 00 00020000 00f00000[0m
[0;32mI (89) boot: End of partition table[0m
[0;32mI (91) esp_image: segment 0: paddr=00020020 vaddr=482c0020 size=1964bch (1664188) map[0m
[0;32mI (334) esp_image: segment 1: paddr=001b64e4 vaddr=30100000 size=00068h (   104) load[0m
[0;32mI (336) esp_image: segment 2: paddr=001b6554 vaddr=4ff00000 size=09ac4h ( 39620) load[0m
[0;32mI (346) esp_image: segment 3: paddr=001c0020 vaddr=48000020 size=2b40e0h (2834656) map[0m
[0;32mI (746) esp_image: segment 4: paddr=00474108 vaddr=4ff09ac4 size=0cd10h ( 52496) load[0m
[0;32mI (756) esp_image: segment 5: paddr=00480e20 vaddr=4ff16800 size=0438ch ( 17292) load[0m
[0;32mI (766) boot: Loaded app from partition at offset 0x20000[0m
[0;32mI (766) boot: Disabling RNG early entropy source...[0m
[0;32mI (777) hex_psram: vendor id    : 0x0d (AP)[0m
[0;32mI (777) hex_psram: Latency      : 0x01 (Fixed)[0m
[0;32mI (778) hex_psram: DriveStr.    : 0x00 (25 Ohm)[0m
[0;32mI (778) hex_psram: dev id       : 0x03 (generation 4)[0m
[0;32mI (783) hex_psram: density      : 0x07 (256 Mbit)[0m
[0;32mI (788) hex_psram: good-die     : 0x06 (Pass)[0m
[0;32mI (792) hex_psram: SRF          : 0x02 (Slow Refresh)[0m
[0;32mI (796) hex_psram: BurstType    : 0x00 ( Wrap)[0m
[0;32mI (801) hex_psram: BurstLen     : 0x03 (2048 Byte)[0m
[0;32mI (805) hex_psram: BitMode      : 0x01 (X16 Mode)[0m
[0;32mI (809) hex_psram: Readlatency  : 0x04 (14 cycles@Fixed)[0m
[0;32mI (815) hex_psram: DriveStrength: 0x00 (1/1)[0m
[0;32mI (819) MSPI Timing: Enter psram timing tuning[0m
I esp_psram: Found 32MB PSRAM device
I esp_psram: Speed: 200MHz
[0;32mI (1071) mmu_psram: .rodata xip on psram[0m
[0;32mI (1207) mmu_psram: .text xip on psram[0m
[0;32mI (1207) hex_psram: psram CS IO is dedicated[0m
[0;32mI (1208) cpu_start: Multicore app[0m
[0;32mI (1619) esp_psram: SPI SRAM memory test OK[0m
[0;32mI (1628) cpu_start: GPIO 38 and 37 are used as console UART I/O pins[0m
[0;32mI (1628) cpu_start: Pro cpu start user code[0m
[0;32mI (1628) cpu_start: cpu freq: 360000000 Hz[0m
[0;32mI (1631) app_init: Application information:[0m
[0;32mI (1634) app_init: Project name:     video_lcd_display[0m
[0;32mI (1639) app_init: App version:      57f499e-dirty[0m
[0;32mI (1644) app_init: Compile time:     Jun  7 2026 22:30:45[0m
[0;32mI (1649) app_init: ELF file SHA256:  065408ccd...[0m
[0;32mI (1653) app_init: ESP-IDF:          v5.5.4[0m
[0;32mI (1657) efuse_init: Min chip rev:     v0.1[0m
[0;32mI (1661) efuse_init: Max chip rev:     v1.99 [0m
[0;32mI (1665) efuse_init: Chip rev:         v1.3[0m
[0;32mI (1669) heap_init: Initializing. RAM available for dynamic allocation:[0m
[0;32mI (1675) heap_init: At 4FF1CEC0 len 0001E100 (120 KiB): RETENT_RAM[0m
[0;32mI (1681) heap_init: At 4FF3AFC0 len 00004BF0 (18 KiB): RAM[0m
[0;32mI (1687) heap_init: At 4FF40000 len 00040000 (256 KiB): RAM[0m
[0;32mI (1692) heap_init: At 50108080 len 00007F80 (31 KiB): RTCRAM[0m
[0;32mI (1697) heap_init: At 30100068 len 00001F98 (7 KiB): TCM[0m
[0;32mI (1703) esp_psram: Adding pool of 28288K of PSRAM memory to heap allocator[0m
[0;32mI (1709) esp_psram: Adding pool of 47K of PSRAM memory gap generated due to end address alignment of irom to the heap allocator[0m
[0;32mI (1720) esp_psram: Adding pool of 38K of PSRAM memory gap generated due to end address alignment of drom to the heap allocator[0m
[0;32mI (1732) spi_flash: detected chip: gd[0m
[0;32mI (1735) spi_flash: flash io: qio[0m
[0;32mI (1738) sleep_gpio: Configure to isolate all GPIO pins in sleep state[0m
[0;32mI (1744) sleep_gpio: Enable automatic switching of GPIO sleep configuration[0m
[0;32mI (1751) main_task: Started on CPU0[0m
[0;32mI (1755) esp_psram: Reserving pool of 32K of internal memory for DMA/internal allocations[0m
[0;32mI (1762) main_task: Calling app_main()[0m
[0;32mI (1766) esp_lvgl:adapter: LVGL adapter initialized successfully[0m
[0;33mW (1771) i2c.master: Please check pull-up resistances whether be connected properly. Otherwise unexpected behavior would happen. For more detailed information, please read docs[0m
[0;32mI (1787) ESP32_P4_PLATFORM: MIPI DSI PHY Powered on[0m
[0;32mI (1792) ESP32_P4_PLATFORM: Install MIPI DSI LCD control panel[0m
[0;32mI (1797) ESP32_P4_PLATFORM: Install Waveshare LCD control panel[0m
[0;32mI (1802) jd9365: version: 1.0.6[0m
[0;32mI (1805) i2c_bus: I2C Bus V2 uses the externally initialized bus handle[0m
[0;32mI (3065) jd9365: LCD ID: 93 65 04[0m
[0;32mI (3207) ESP32_P4_PLATFORM: Display initialized[0m
[0;32mI (3209) esp_lvgl:bridge_v9: Initializing hardware resources[0m
[0;32mI (3209) esp_lvgl:bridge_v9: Hardware resources initialized successfully[0m
[0;32mI (3212) ESP32_P4_PLATFORM: Touch 0x5d found[0m
[0;32mI (3215) GT911: I2C address initialization procedure skipped - using default GT9xx setup[0m
[0;32mI (3224) GT911: TouchPad_ID:0x39,0x32,0x37[0m
[0;32mI (3227) GT911: TouchPad_Config_Version:130[0m
[0;32mI (3231) esp_lvgl:touch: Touch input device registered successfully (IRQ mode: disabled)[0m
[0;32mI (3239) esp_lvgl:adapter: LVGL task started successfully[0m
[0;32mI (3240) esp_lvgl:bridge: Initializing hardware resources[0m
[0;32mI (3249) esp_lvgl:bridge: Hardware resources initialized successfully[0m
[0;32mI (3260) app_main: SPIFFS mounted: total=45431 used=2510[0m
[0;32mI (3260) face_detect_wrapper: HumanFaceDetect initialized[0m
[0;33mW (3266) FbsLoader: There is only one model in the flatbuffers, ignore the input model name![0m
[0;33mW (3274) FbsLoader: CONFIG_SPIRAM_RODATA or CONFIG_SPIRAM_XIP_FROM_PSRAM option is on, fbs model is copied to PSRAM.[0m
[0;33mW (3347) dl::Model: Minimize() will delete variables not used in model inference, which will make it impossible to test or debug the model.[0m
[0;32mI (3265) face_recognition_wrapper: HumanFaceRecognizer initialized, enrolled=1[0m
[0;32mI (3356) ov5647: Detected Camera sensor PID=0x5647[0m
[0;32mI (3388) app_video: version: 0.8.0[0m
[0;32mI (3388) app_video: driver:  MIPI-CSI[0m
[0;32mI (3388) app_video: card:    MIPI-CSI[0m
[0;32mI (3388) app_video: bus:     esp32p4:MIPI-CSI[0m
[0;32mI (3391) app_video: width=1280 height=960[0m
[0;32mI (3395) app_main: Using user defined buffer[0m
[0;32mI (3440) app_video: Video Stream Start[0m
[0;32mI (3441) main_task: Returned from app_main()[0m
[0;33mW (3916) FbsLoader: CONFIG_SPIRAM_RODATA or CONFIG_SPIRAM_XIP_FROM_PSRAM option is on, fbs model is copied to PSRAM.[0m
[0;33mW (3944) dl::Model: Minimize() will delete variables not used in model inference, which will make it impossible to test or debug the model.[0m
[0;33mW (3947) FbsLoader: CONFIG_SPIRAM_RODATA or CONFIG_SPIRAM_XIP_FROM_PSRAM option is on, fbs model is copied to PSRAM.[0m
[0;33mW (3967) dl::Model: Minimize() will delete variables not used in model inference, which will make it impossible to test or debug the model.[0m
[0;32mI (3990) app_main: Detection ran, face_count=0[0m
[0;32mI (4469) app_main: Detection ran, face_count=0[0m
[0;32mI (4955) app_main: Detection ran, face_count=0[0m
[0;32mI (5442) app_main: Detection ran, face_count=0[0m
[0;32mI (5928) app_main: Detection ran, face_count=0[0m
[0;32mI (6414) app_main: Detection ran, face_count=0[0m
[0;32mI (6900) app_main: Detection ran, face_count=0[0m
[0;32mI (7386) app_main: Detection ran, face_count=0[0m
[0;32mI (7872) app_main: Detection ran, face_count=0[0m
[0;32mI (8358) app_main: Detection ran, face_count=0[0m
[0;32mI (8844) app_main: Detection ran, face_count=0[0m
[0;32mI (9330) app_main: Detection ran, face_count=0[0m
[0;32mI (9817) app_main: Detection ran, face_count=0[0m
[0;32mI (10303) app_main: Detection ran, face_count=0[0m
[0;32mI (10794) app_main: Detection ran, face_count=1[0m
[0;32mI (10794) app_main: Face 0 score=0.69 box=[196,43,821,813][0m
[0;32mI (11275) app_main: Detection ran, face_count=0[0m
[0;32mI (11761) app_main: Detection ran, face_count=0[0m
[0;32mI (12248) app_main: Detection ran, face_count=0[0m
[0;32mI (12733) app_main: Detection ran, face_count=0[0m
[0;32mI (13198) app_main: Frame count=100[0m
[0;32mI (13225) app_main: Detection ran, face_count=1[0m
[0;32mI (13225) app_main: Face 0 score=0.84 box=[238,69,819,748][0m
[0;32mI (13354) app_main: Recognition result: name=unknown score=0.000[0m
[0;32mI (13845) app_main: Detection ran, face_count=0[0m
[0;32mI (14332) app_main: Detection ran, face_count=0[0m
[0;32mI (14817) app_main: Detection ran, face_count=0[0m
[0;32mI (15303) app_main: Detection ran, face_count=0[0m
[0;32mI (15789) app_main: Detection ran, face_count=0[0m
[0;32mI (16275) app_main: Detection ran, face_count=0[0m
[0;32mI (16761) app_main: Detection ran, face_count=0[0m
[0;32mI (17248) app_main: Detection ran, face_count=0[0m
[0;32mI (17733) app_main: Detection ran, face_count=0[0m
[0;32mI (18220) app_main: Detection ran, face_count=0[0m
[0;32mI (18706) app_main: Detection ran, face_count=0[0m
[0;32mI (19197) app_main: Detection ran, face_count=1[0m
[0;32mI (19197) app_main: Face 0 score=0.62 box=[163,154,763,878][0m
[0;32mI (19326) face_recognition_wrapper: Recognized id=1 similarity=0.633[0m
[0;32mI (19327) app_main: Recognition result: name=id_1 score=0.633[0m
[0;32mI (19823) app_main: Detection ran, face_count=1[0m
[0;32mI (19823) app_main: Face 0 score=0.58 box=[188,150,771,881][0m
[0;32mI (20303) app_main: Detection ran, face_count=0[0m
[0;32mI (20795) app_main: Detection ran, face_count=1[0m
[0;32mI (20795) app_main: Face 0 score=0.79 box=[261,151,820,813][0m
[0;32mI (21276) app_main: Detection ran, face_count=0[0m
[0;32mI (21762) app_main: Detection ran, face_count=0[0m
[0;32mI (22248) app_main: Detection ran, face_count=0[0m
[0;32mI (22735) app_main: Detection ran, face_count=0[0m
[0;32mI (23199) app_main: Frame count=200[0m
[0;32mI (23220) app_main: Detection ran, face_count=0[0m
[0;32mI (23706) app_main: Detection ran, face_count=0[0m
[0;32mI (24192) app_main: Detection ran, face_count=0[0m
[0;32mI (24684) app_main: Detection ran, face_count=1[0m
[0;32mI (24684) app_main: Face 0 score=0.97 box=[176,67,810,809][0m
[0;32mI (25165) app_main: Detection ran, face_count=0[0m
[0;32mI (25651) app_main: Detection ran, face_count=0[0m
[0;32mI (26143) app_main: Detection ran, face_count=1[0m
[0;32mI (26143) app_main: Face 0 score=0.98 box=[213,119,874,898][0m
[0;32mI (26624) app_main: Detection ran, face_count=0[0m
[0;32mI (27109) app_main: Detection ran, face_count=0[0m
[0;32mI (27596) app_main: Detection ran, face_count=0[0m
[0;32mI (28081) app_main: Detection ran, face_count=0[0m
[0;32mI (28567) app_main: Detection ran, face_count=0[0m
[0;32mI (29059) app_main: Detection ran, face_count=1[0m
[0;32mI (29059) app_main: Face 0 score=0.74 box=[219,124,891,888][0m
[0;32mI (29187) face_recognition_wrapper: Recognized id=1 similarity=0.641[0m
[0;32mI (29188) app_main: Recognition result: name=id_1 score=0.641[0m
[0;32mI (29679) app_main: Detection ran, face_count=0[0m
[0;32mI (30170) app_main: Detection ran, face_count=1[0m
[0;32mI (30171) app_main: Face 0 score=0.64 box=[251,184,859,878][0m
[0;32mI (30657) app_main: Detection ran, face_count=1[0m
[0;32mI (30657) app_main: Face 0 score=0.96 box=[205,124,864,879][0m
[0;32mI (31144) app_main: Detection ran, face_count=1[0m
[0;32mI (31144) app_main: Face 0 score=0.97 box=[187,130,869,875][0m
[0;32mI (31273) face_recognition_wrapper: Recognized id=1 similarity=0.574[0m
[0;32mI (31273) app_main: Recognition result: name=id_1 score=0.574[0m
[0;32mI (31763) app_main: Detection ran, face_count=0[0m
[0;32mI (32249) app_main: Detection ran, face_count=0[0m
[0;32mI (32740) app_main: Detection ran, face_count=1[0m
[0;32mI (32740) app_main: Face 0 score=0.97 box=[199,129,860,914][0m
[0;32mI (33200) app_main: Frame count=300[0m
[0;32mI (33226) app_main: Detection ran, face_count=1[0m
[0;32mI (33226) app_main: Face 0 score=0.99 box=[224,162,828,897][0m
[0;32mI (33356) face_recognition_wrapper: Recognized id=1 similarity=0.681[0m
[0;32mI (33356) app_main: Recognition result: name=id_1 score=0.681[0m
[0;32mI (33852) app_main: Detection ran, face_count=1[0m
[0;32mI (33852) app_main: Face 0 score=0.75 box=[212,122,839,881][0m
[0;32mI (34332) app_main: Detection ran, face_count=0[0m
[0;32mI (34818) app_main: Detection ran, face_count=0[0m
[0;32mI (35310) app_main: Detection ran, face_count=1[0m
[0;32mI (35310) app_main: Face 0 score=0.98 box=[183,158,853,917][0m
[0;32mI (35439) face_recognition_wrapper: Recognized id=1 similarity=0.645[0m
[0;32mI (35439) app_main: Recognition result: name=id_1 score=0.645[0m
[0;32mI (35929) app_main: Detection ran, face_count=0[0m
[0;32mI (36421) app_main: Detection ran, face_count=1[0m
[0;32mI (36421) app_main: Face 0 score=0.82 box=[203,147,822,910][0m
[0;32mI (36902) app_main: Detection ran, face_count=0[0m
[0;32mI (37388) app_main: Detection ran, face_count=0[0m
[0;32mI (37879) app_main: Detection ran, face_count=1[0m
[0;32mI (37879) app_main: Face 0 score=0.99 box=[205,144,839,882][0m
[0;32mI (38361) app_main: Detection ran, face_count=0[0m
[0;32mI (38852) app_main: Detection ran, face_count=1[0m
[0;32mI (38852) app_main: Face 0 score=0.86 box=[185,136,826,928][0m
[0;32mI (39338) app_main: Detection ran, face_count=1[0m
[0;32mI (39338) app_main: Face 0 score=0.84 box=[168,166,807,890][0m
[0;32mI (39467) face_recognition_wrapper: Recognized id=1 similarity=0.550[0m
[0;32mI (39467) app_main: Recognition result: name=id_1 score=0.550[0m
[0;32mI (39963) app_main: Detection ran, face_count=1[0m
[0;32mI (39963) app_main: Face 0 score=0.56 box=[159,97,816,883][0m
[0;32mI (40450) app_main: Detection ran, face_count=1[0m
[0;32mI (40450) app_main: Face 0 score=0.98 box=[170,144,803,889][0m
[0;32mI (40935) app_main: Detection ran, face_count=1[0m
[0;32mI (40935) app_main: Face 0 score=0.91 box=[191,172,806,917][0m
[0;32mI (41422) app_main: Detection ran, face_count=1[0m
[0;32mI (41422) app_main: Face 0 score=0.98 box=[214,173,823,904][0m
[0;32mI (41551) face_recognition_wrapper: Recognized id=1 similarity=0.617[0m
[0;32mI (41551) app_main: Recognition result: name=id_1 score=0.617[0m
[0;32mI (42041) app_main: Detection ran, face_count=0[0m
[0;32mI (42527) app_main: Detection ran, face_count=0[0m
[0;32mI (43013) app_main: Detection ran, face_count=0[0m
[0;32mI (43478) app_main: Frame count=400[0m
[0;32mI (43499) app_main: Detection ran, face_count=0[0m
[0;32mI (43985) app_main: Detection ran, face_count=0[0m
[0;32mI (44477) app_main: Detection ran, face_count=1[0m
[0;32mI (44477) app_main: Face 0 score=0.87 box=[76,0,772,887][0m
[0;32mI (44959) app_main: Detection ran, face_count=0[0m
[0;32mI (45444) app_main: Detection ran, face_count=0[0m
[0;32mI (45930) app_main: Detection ran, face_count=0[0m
[0;32mI (46416) app_main: Detection ran, face_count=0[0m
[0;32mI (46907) app_main: Detection ran, face_count=1[0m
[0;32mI (46907) app_main: Face 0 score=0.97 box=[178,41,882,940][0m
[0;32mI (47394) app_main: Detection ran, face_count=1[0m
[0;32mI (47394) app_main: Face 0 score=0.99 box=[208,44,901,921][0m
[0;32mI (47523) face_recognition_wrapper: Recognized id=1 similarity=0.647[0m
[0;32mI (47524) app_main: Recognition result: name=id_1 score=0.647[0m
[0;32mI (48019) app_main: Detection ran, face_count=1[0m
[0;32mI (48019) app_main: Face 0 score=0.99 box=[199,56,907,929][0m
[0;32mI (48505) app_main: Detection ran, face_count=1[0m
[0;32mI (48505) app_main: Face 0 score=0.99 box=[230,59,908,910][0m
[0;32mI (48991) app_main: Detection ran, face_count=1[0m
[0;32mI (48991) app_main: Face 0 score=0.83 box=[250,41,890,865][0m
[0;32mI (49478) app_main: Detection ran, face_count=1[0m
[0;32mI (49478) app_main: Face 0 score=0.97 box=[221,44,906,906][0m
[0;32mI (49607) face_recognition_wrapper: Recognized id=1 similarity=0.676[0m
[0;32mI (49608) app_main: Recognition result: name=id_1 score=0.676[0m
[0;32mI (50102) app_main: Detection ran, face_count=1[0m
[0;32mI (50102) app_main: Face 0 score=0.99 box=[249,59,908,902][0m
[0;32mI (50588) app_main: Detection ran, face_count=1[0m
[0;32mI (50588) app_main: Face 0 score=0.99 box=[236,59,888,902][0m
[0;32mI (51075) app_main: Detection ran, face_count=1[0m
[0;32mI (51075) app_main: Face 0 score=1.00 box=[241,67,902,910][0m
[0;32mI (51562) app_main: Detection ran, face_count=1[0m
[0;32mI (51562) app_main: Face 0 score=0.99 box=[226,30,931,936][0m
[0;32mI (51691) face_recognition_wrapper: Recognized id=1 similarity=0.649[0m
[0;32mI (51691) app_main: Recognition result: name=id_1 score=0.649[0m
[0;32mI (52186) app_main: Detection ran, face_count=1[0m
[0;32mI (52186) app_main: Face 0 score=0.95 box=[249,29,939,906][0m
[0;32mI (52672) app_main: Detection ran, face_count=1[0m
[0;32mI (52672) app_main: Face 0 score=0.97 box=[239,53,914,911][0m
[0;32mI (53158) app_main: Detection ran, face_count=1[0m
[0;32mI (53158) app_main: Face 0 score=0.53 box=[238,29,957,910][0m
[0;32mI (53617) app_main: Frame count=500[0m
[0;32mI (53644) app_main: Detection ran, face_count=1[0m
[0;32mI (53644) app_main: Face 0 score=0.96 box=[251,86,970,944][0m
[0;32mI (53774) face_recognition_wrapper: Recognized id=1 similarity=0.678[0m
[0;32mI (53774) app_main: Recognition result: name=id_1 score=0.678[0m
[0;32mI (54270) app_main: Detection ran, face_count=1[0m
[0;32mI (54270) app_main: Face 0 score=0.92 box=[308,104,960,929][0m
[0;32mI (54750) app_main: Detection ran, face_count=0[0m
[0;32mI (55236) app_main: Detection ran, face_count=0[0m
[0;32mI (55727) app_main: Detection ran, face_count=1[0m
[0;32mI (55728) app_main: Face 0 score=0.97 box=[238,59,921,910][0m
[0;32mI (55859) face_recognition_wrapper: Recognized id=1 similarity=0.692[0m
[0;32mI (55859) app_main: Recognition result: name=id_1 score=0.692[0m
[0;32mI (56353) app_main: Detection ran, face_count=1[0m
[0;32mI (56353) app_main: Face 0 score=0.81 box=[243,78,904,915][0m
[0;32mI (56839) app_main: Detection ran, face_count=1[0m
[0;32mI (56839) app_main: Face 0 score=0.97 box=[251,68,947,948][0m
[0m
