[0;33m--- esp-idf-monitor 1.9.0 on /dev/ttyACM0 115200[0m
[0;33m--- Quit: Ctrl+] | Menu: Ctrl+T | Help: Ctrl+T followed by Ctrl+H[0m
Executing action: monitor
Running idf_monitor in directory /home/hazbiu/Programming/Bachelor_Thesis_ESP/src
Executing "/home/hazbiu/.espressif/tools/python/v5.5.4/venv/bin/python /home/hazbiu/.espressif/v5.5.4/esp-idf/tools/idf_monitor.py -p /dev/ttyACM0 -b 115200 --toolchain-prefix riscv32-esp-elf- --target esp32p4 --revision 1 --decode-panic backtrace /home/hazbiu/Programming/Bachelor_Thesis_ESP/src/build/video_lcd_display.elf /home/hazbiu/Programming/Bachelor_Thesis_ESP/src/build/bootloader/bootloader.elf -m '/home/hazbiu/.espressif/tools/python/v5.5.4/venv/bin/python' '/home/hazbiu/.espressif/v5.5.4/esp-idf/tools/idf.py' '-p' '/dev/ttyACM0' '-b' '115200'"...
ESP-ROM:esp32p4-eco2-20240710
Build:Jul 10 2024
rst:0x1 (POWERON),boot:0x30f (SPI_FAST_FLASH_BOOT)
SPI mode:DIO, clock div:1
load:0x4ff33ce0,len:0x173c
load:0x4ff29ed0,len:0xff0
[0m--- 0x4ff29ed0: [0;33mesp_bootloader_get_description[0m[0m at [0;32m/home/hazbiu/.espressif/v5.5.4/esp-idf/components/esp_bootloader_format/esp_bootloader_desc.c[0m[0m:[1;31m39[0m
load:0x4ff2cbd0,len:0x3608
[0m--- 0x4ff2cbd0: [0;33mesp_flash_encryption_enabled[0m[0m at [0;32m/home/hazbiu/.espressif/v5.5.4/esp-idf/components/bootloader_support/src/flash_encrypt.c[0m[0m:[1;31m89[0m
entry 0x4ff29eda
[0m--- 0x4ff29eda: [0;33mcall_start_cpu0[0m[0m at [0;32m/home/hazbiu/.espressif/v5.5.4/esp-idf/components/bootloader/subproject/main/bootloader_start.c[0m[0m:[1;31m27[0m
[0;32mI (26) boot: ESP-IDF v5.5.4 2nd stage bootloader[0m
[0;32mI (26) boot: compile time Jun  7 2026 22:22:01[0m
[0;32mI (26) boot: Multicore bootloader[0m
[0;32mI (28) boot: chip revision: v1.3[0m
[0;32mI (29) boot: efuse block revision: v0.3[0m
[0;32mI (32) qio_mode: Enabling default flash chip QIO[0m
[0;32mI (37) boot.esp32p4: SPI Speed      : 80MHz[0m
[0;32mI (41) boot.esp32p4: SPI Mode       : QIO[0m
[0;32mI (44) boot.esp32p4: SPI Flash Size : 16MB[0m
[0;32mI (48) boot: Enabling RNG early entropy source...[0m
[0;32mI (53) boot: Partition Table:[0m
[0;32mI (55) boot: ## Label            Usage          Type ST Offset   Length[0m
[0;32mI (62) boot:  0 nvs              WiFi data        01 02 0000b000 00006000[0m
[0;32mI (68) boot:  1 phy_init         RF data          01 01 00011000 00001000[0m
[0;32mI (75) boot:  2 storage          Unknown data     01 82 00012000 0000e000[0m
[0;32mI (81) boot:  3 factory          factory app      00 00 00020000 00f00000[0m
[0;32mI (89) boot: End of partition table[0m
[0;32mI (91) esp_image: segment 0: paddr=00020020 vaddr=482c0020 size=1965fch (1664508) map[0m
[0;32mI (334) esp_image: segment 1: paddr=001b6624 vaddr=30100000 size=00068h (   104) load[0m
[0;32mI (336) esp_image: segment 2: paddr=001b6694 vaddr=4ff00000 size=09984h ( 39300) load[0m
[0;32mI (346) esp_image: segment 3: paddr=001c0020 vaddr=48000020 size=2b4260h (2835040) map[0m
[0;32mI (746) esp_image: segment 4: paddr=00474288 vaddr=4ff09984 size=0ce50h ( 52816) load[0m
[0;32mI (757) esp_image: segment 5: paddr=004810e0 vaddr=4ff16800 size=0438ch ( 17292) load[0m
[0;32mI (766) boot: Loaded app from partition at offset 0x20000[0m
[0;32mI (766) boot: Disabling RNG early entropy source...[0m
[0;32mI (777) hex_psram: vendor id    : 0x0d (AP)[0m
[0;32mI (778) hex_psram: Latency      : 0x01 (Fixed)[0m
[0;32mI (778) hex_psram: DriveStr.    : 0x00 (25 Ohm)[0m
[0;32mI (778) hex_psram: dev id       : 0x03 (generation 4)[0m
[0;32mI (783) hex_psram: density      : 0x07 (256 Mbit)[0m
[0;32mI (788) hex_psram: good-die     : 0x06 (Pass)[0m
[0;32mI (792) hex_psram: SRF          : 0x02 (Slow Refresh)[0m
[0;32mI (796) hex_psram: BurstType    : 0x00 ( Wrap)[0m
[0;32mI (801) hex_psram: BurstLen     : 0x03 (2048 Byte)[0m
[0;32mI (805) hex_psram: BitMode      : 0x01 (X16 Mode)[0m
[0;32mI (810) hex_psram: Readlatency  : 0x04 (14 cycles@Fixed)[0m
[0;32mI (815) hex_psram: DriveStrength: 0x00 (1/1)[0m
[0;32mI (819) MSPI Timing: Enter psram timing tuning[0m
I esp_psram: Found 32MB PSRAM device
I esp_psram: Speed: 200MHz
[0;32mI (1072) mmu_psram: .rodata xip on psram[0m
[0;32mI (1207) mmu_psram: .text xip on psram[0m
[0;32mI (1208) hex_psram: psram CS IO is dedicated[0m
[0;32mI (1208) cpu_start: Multicore app[0m
[0;32mI (1619) esp_psram: SPI SRAM memory test OK[0m
[0;32mI (1628) cpu_start: GPIO 38 and 37 are used as console UART I/O pins[0m
[0;32mI (1628) cpu_start: Pro cpu start user code[0m
[0;32mI (1629) cpu_start: cpu freq: 360000000 Hz[0m
[0;32mI (1631) app_init: Application information:[0m
[0;32mI (1635) app_init: Project name:     video_lcd_display[0m
[0;32mI (1639) app_init: App version:      71df275-dirty[0m
[0;32mI (1644) app_init: Compile time:     Jun 10 2026 20:52:36[0m
[0;32mI (1649) app_init: ELF file SHA256:  7f777e8b2...[0m
[0;32mI (1653) app_init: ESP-IDF:          v5.5.4[0m
[0;32mI (1657) efuse_init: Min chip rev:     v0.1[0m
[0;32mI (1661) efuse_init: Max chip rev:     v1.99 [0m
[0;32mI (1665) efuse_init: Chip rev:         v1.3[0m
[0;32mI (1669) heap_init: Initializing. RAM available for dynamic allocation:[0m
[0;32mI (1676) heap_init: At 4FF1CEC0 len 0001E100 (120 KiB): RETENT_RAM[0m
[0;32mI (1681) heap_init: At 4FF3AFC0 len 00004BF0 (18 KiB): RAM[0m
[0;32mI (1687) heap_init: At 4FF40000 len 00040000 (256 KiB): RAM[0m
[0;32mI (1692) heap_init: At 50108080 len 00007F80 (31 KiB): RTCRAM[0m
[0;32mI (1697) heap_init: At 30100068 len 00001F98 (7 KiB): TCM[0m
[0;32mI (1703) esp_psram: Adding pool of 28288K of PSRAM memory to heap allocator[0m
[0;32mI (1709) esp_psram: Adding pool of 47K of PSRAM memory gap generated due to end address alignment of irom to the heap allocator[0m
[0;32mI (1720) esp_psram: Adding pool of 38K of PSRAM memory gap generated due to end address alignment of drom to the heap allocator[0m
[0;32mI (1732) spi_flash: detected chip: gd[0m
[0;32mI (1735) spi_flash: flash io: qio[0m
[0;32mI (1738) sleep_gpio: Configure to isolate all GPIO pins in sleep state[0m
[0;32mI (1745) sleep_gpio: Enable automatic switching of GPIO sleep configuration[0m
[0;32mI (1751) main_task: Started on CPU0[0m
[0;32mI (1755) esp_psram: Reserving pool of 32K of internal memory for DMA/internal allocations[0m
[0;32mI (1762) main_task: Calling app_main()[0m
[0;32mI (1766) esp_lvgl:adapter: LVGL adapter initialized successfully[0m
[0;33mW (1771) i2c.master: Please check pull-up resistances whether be connected properly. Otherwise unexpected behavior would happen. For more detailed information, please read docs[0m
[0;32mI (1787) ESP32_P4_PLATFORM: MIPI DSI PHY Powered on[0m
[0;32mI (1792) ESP32_P4_PLATFORM: Install MIPI DSI LCD control panel[0m
[0;32mI (1797) ESP32_P4_PLATFORM: Install Waveshare LCD control panel[0m
[0;32mI (1802) jd9365: version: 1.0.6[0m
[0;32mI (1805) i2c_bus: I2C Bus V2 uses the externally initialized bus handle[0m
[0;32mI (3065) jd9365: LCD ID: 93 65 04[0m
[0;32mI (3207) ESP32_P4_PLATFORM: Display initialized[0m
[0;32mI (3209) esp_lvgl:bridge_v9: Initializing hardware resources[0m
[0;32mI (3209) esp_lvgl:bridge_v9: Hardware resources initialized successfully[0m
[0;32mI (3212) ESP32_P4_PLATFORM: Touch 0x5d found[0m
[0;32mI (3215) GT911: I2C address initialization procedure skipped - using default GT9xx setup[0m
[0;32mI (3224) GT911: TouchPad_ID:0x39,0x32,0x37[0m
[0;32mI (3227) GT911: TouchPad_Config_Version:130[0m
[0;32mI (3231) esp_lvgl:touch: Touch input device registered successfully (IRQ mode: disabled)[0m
[0;32mI (3239) esp_lvgl:adapter: LVGL task started successfully[0m
[0;32mI (3240) esp_lvgl:bridge: Initializing hardware resources[0m
[0;32mI (3249) esp_lvgl:bridge: Hardware resources initialized successfully[0m
[0;32mI (3259) app_main: SPIFFS mounted: total=45431 used=502[0m
[0;33mW (3263) app_main: Deleted /spiffs/face.db[0m
[0;32mI (3264) face_detect_wrapper: HumanFaceDetect initialized[0m
[0;33mW (3270) FbsLoader: There is only one model in the flatbuffers, ignore the input model name![0m
[0;33mW (3277) FbsLoader: CONFIG_SPIRAM_RODATA or CONFIG_SPIRAM_XIP_FROM_PSRAM option is on, fbs model is copied to PSRAM.[0m
[0;33mW (3351) dl::Model: Minimize() will delete variables not used in model inference, which will make it impossible to test or debug the model.[0m
[0;32mI (3269) face_recognition_wrapper: HumanFaceRecognizer initialized, enrolled=0[0m
[0;32mI (3360) ov5647: Detected Camera sensor PID=0x5647[0m
[0;32mI (3392) app_video: version: 0.8.0[0m
[0;32mI (3392) app_video: driver:  MIPI-CSI[0m
[0;32mI (3392) app_video: card:    MIPI-CSI[0m
[0;32mI (3392) app_video: bus:     esp32p4:MIPI-CSI[0m
[0;32mI (3394) app_video: width=1280 height=960[0m
[0;32mI (3399) app_main: Using user defined buffer[0m
[0;32mI (3444) app_video: Video Stream Start[0m
[0;32mI (3445) main_task: Returned from app_main()[0m
[0;33mW (3920) FbsLoader: CONFIG_SPIRAM_RODATA or CONFIG_SPIRAM_XIP_FROM_PSRAM option is on, fbs model is copied to PSRAM.[0m
[0;33mW (3948) dl::Model: Minimize() will delete variables not used in model inference, which will make it impossible to test or debug the model.[0m
[0;33mW (3950) FbsLoader: CONFIG_SPIRAM_RODATA or CONFIG_SPIRAM_XIP_FROM_PSRAM option is on, fbs model is copied to PSRAM.[0m
[0;33mW (3971) dl::Model: Minimize() will delete variables not used in model inference, which will make it impossible to test or debug the model.[0m
[0;32mI (3994) app_main: Detection ran, face_count=0[0m
[0;32mI (4473) app_main: Detection ran, face_count=0[0m
[0;32mI (4959) app_main: Detection ran, face_count=0[0m
[0;32mI (5445) app_main: Detection ran, face_count=0[0m
[0;32mI (5931) app_main: Detection ran, face_count=0[0m
[0;32mI (6417) app_main: Detection ran, face_count=0[0m
[0;32mI (6904) app_main: Detection ran, face_count=0[0m
[0;32mI (7390) app_main: Detection ran, face_count=0[0m
[0;32mI (7875) app_main: Detection ran, face_count=0[0m
[0;32mI (8362) app_main: Detection ran, face_count=0[0m
[0;32mI (8848) app_main: Detection ran, face_count=0[0m
[0;32mI (9334) app_main: Detection ran, face_count=0[0m
[0;32mI (9821) app_main: Detection ran, face_count=0[0m
[0;32mI (10306) app_main: Detection ran, face_count=0[0m
[0;32mI (10798) app_main: Detection ran, face_count=1[0m
[0;32mI (10798) app_main: Face 0 score=0.99 box=[271,116,910,934][0m
[0;32mI (10798) face_recognition_wrapper: Trying to enroll name=person_1 box=[271,116,910,934] score=0.990 current_total=0[0m
[0;32mI (10951) face_recognition_wrapper: Enrolled face name=person_1, total=1[0m
[0;32mI (10951) app_main: Enrolled person_1[0m
[0;32mI (11446) app_main: Detection ran, face_count=1[0m
[0;32mI (11447) app_main: Face 0 score=0.87 box=[304,56,944,895][0m
[0;32mI (11575) face_recognition_wrapper: Recognized id=1 similarity=0.799 threshold=0.70[0m
[0;32mI (11575) app_main: Recognition result: name=id_1 score=0.799[0m
[0;32mI (12072) app_main: Detection ran, face_count=1[0m
[0;32mI (12072) app_main: Face 0 score=0.80 box=[289,63,922,914][0m
[0;32mI (12558) app_main: Detection ran, face_count=1[0m
[0;32mI (12558) app_main: Face 0 score=0.75 box=[304,101,918,917][0m
[0;32mI (13044) app_main: Detection ran, face_count=1[0m
[0;32mI (13044) app_main: Face 0 score=0.75 box=[286,37,922,865][0m
[0;32mI (13504) app_main: Frame count=100[0m
[0;32mI (13531) app_main: Detection ran, face_count=1[0m
[0;32mI (13531) app_main: Face 0 score=0.91 box=[266,14,906,880][0m
[0;32mI (13659) face_recognition_wrapper: Recognized id=1 similarity=0.808 threshold=0.70[0m
[0;32mI (13660) app_main: Recognition result: name=id_1 score=0.808[0m
[0;32mI (14155) app_main: Detection ran, face_count=1[0m
[0;32mI (14155) app_main: Face 0 score=0.52 box=[274,3,897,859][0m
[0;32mI (14642) app_main: Detection ran, face_count=1[0m
[0;32mI (14642) app_main: Face 0 score=0.97 box=[247,0,892,862][0m
[0;32mI (15122) app_main: Detection ran, face_count=0[0m
[0;32mI (15608) app_main: Detection ran, face_count=0[0m
[0;32mI (16094) app_main: Detection ran, face_count=0[0m
[0;32mI (16580) app_main: Detection ran, face_count=0[0m
[0;32mI (17066) app_main: Detection ran, face_count=0[0m
[0;32mI (17552) app_main: Detection ran, face_count=0[0m
[0;32mI (18038) app_main: Detection ran, face_count=0[0m
[0;32mI (18525) app_main: Detection ran, face_count=0[0m
[0;32mI (19011) app_main: Detection ran, face_count=0[0m
[0;32mI (19497) app_main: Detection ran, face_count=0[0m
[0;32mI (19983) app_main: Detection ran, face_count=0[0m
[0;32mI (20469) app_main: Detection ran, face_count=0[0m
[0;32mI (20955) app_main: Detection ran, face_count=0[0m
[0;32mI (21441) app_main: Detection ran, face_count=0[0m
[0;32mI (21927) app_main: Detection ran, face_count=0[0m
[0;32mI (22414) app_main: Detection ran, face_count=0[0m
[0;32mI (22900) app_main: Detection ran, face_count=0[0m
[0;32mI (23365) app_main: Frame count=200[0m
[0;32mI (23386) app_main: Detection ran, face_count=0[0m
[0;32mI (23877) app_main: Detection ran, face_count=1[0m
[0;32mI (23877) app_main: Face 0 score=0.89 box=[283,0,910,764][0m
[0;32mI (24364) app_main: Detection ran, face_count=1[0m
[0;32mI (24364) app_main: Face 0 score=0.69 box=[281,0,927,779][0m
[0;32mI (24850) app_main: Detection ran, face_count=1[0m
[0;32mI (24850) app_main: Face 0 score=0.67 box=[285,0,914,794][0m
[0;32mI (25331) app_main: Detection ran, face_count=0[0m
[0;32mI (25822) app_main: Detection ran, face_count=1[0m
[0;32mI (25822) app_main: Face 0 score=0.83 box=[270,0,923,829][0m
[0;32mI (26309) app_main: Detection ran, face_count=1[0m
[0;32mI (26309) app_main: Face 0 score=0.56 box=[267,0,923,815][0m
[0;32mI (26795) app_main: Detection ran, face_count=1[0m
[0;32mI (26795) app_main: Face 0 score=0.89 box=[283,0,898,793][0m
[0;32mI (27281) app_main: Detection ran, face_count=1[0m
[0;32mI (27281) app_main: Face 0 score=0.52 box=[297,0,910,808][0m
[0;32mI (27410) face_recognition_wrapper: Recognized id=1 similarity=0.795 threshold=0.70[0m
[0;32mI (27410) app_main: Recognition result: name=id_1 score=0.795[0m
[0;32mI (27906) app_main: Detection ran, face_count=1[0m
[0;32mI (27906) app_main: Face 0 score=0.53 box=[295,18,886,801][0m
[0;32mI (28391) app_main: Detection ran, face_count=1[0m
[0;32mI (28391) app_main: Face 0 score=0.69 box=[280,0,894,801][0m
[0;32mI (28878) app_main: Detection ran, face_count=1[0m
[0;32mI (28878) app_main: Face 0 score=0.71 box=[282,3,875,812][0m
[0;32mI (29365) app_main: Detection ran, face_count=1[0m
[0;32mI (29365) app_main: Face 0 score=0.62 box=[220,3,831,794][0m
[0;32mI (29493) face_recognition_wrapper: Face rejected: id=1 similarity=0.681 threshold=0.70[0m
[0;32mI (29493) app_main: Recognition result: name=unknown score=0.681[0m
[0;32mI (29984) app_main: Detection ran, face_count=0[0m
[0;32mI (30470) app_main: Detection ran, face_count=0[0m
[0;32mI (30956) app_main: Detection ran, face_count=0[0m
[0;32mI (31442) app_main: Detection ran, face_count=0[0m
[0;32mI (31928) app_main: Detection ran, face_count=0[0m
[0;32mI (32414) app_main: Detection ran, face_count=0[0m
[0;32mI (32900) app_main: Detection ran, face_count=0[0m
[0;32mI (33366) app_main: Frame count=300[0m
[0;32mI (33386) app_main: Detection ran, face_count=0[0m
[0;32mI (33873) app_main: Detection ran, face_count=0[0m
[0;32mI (34358) app_main: Detection ran, face_count=0[0m
[0;32mI (34845) app_main: Detection ran, face_count=0[0m
[0;32mI (35331) app_main: Detection ran, face_count=0[0m
[0;32mI (35817) app_main: Detection ran, face_count=0[0m
[0;32mI (36303) app_main: Detection ran, face_count=0[0m
[0;32mI (36795) app_main: Detection ran, face_count=1[0m
[0;32mI (36795) app_main: Face 0 score=0.96 box=[286,18,870,783][0m
[0;32mI (37276) app_main: Detection ran, face_count=0[0m
[0;32mI (37768) app_main: Detection ran, face_count=1[0m
[0;32mI (37768) app_main: Face 0 score=0.87 box=[339,90,878,813][0m
[0;32mI (38253) app_main: Detection ran, face_count=1[0m
[0;32mI (38253) app_main: Face 0 score=1.00 box=[316,59,884,833][0m
[0;32mI (38740) app_main: Detection ran, face_count=1[0m
[0;32mI (38740) app_main: Face 0 score=0.86 box=[327,59,895,829][0m
[0;32mI (39225) app_main: Detection ran, face_count=1[0m
[0;32mI (39226) app_main: Face 0 score=0.68 box=[337,62,903,824][0m
[0;32mI (39355) face_recognition_wrapper: Recognized id=1 similarity=0.711 threshold=0.70[0m
[0;32mI (39355) app_main: Recognition result: name=id_1 score=0.711[0m
[0;32mI (39851) app_main: Detection ran, face_count=1[0m
[0;32mI (39852) app_main: Face 0 score=1.00 box=[311,40,870,815][0m
[0;32mI (40337) app_main: Detection ran, face_count=1[0m
[0;32mI (40337) app_main: Face 0 score=0.96 box=[321,68,872,808][0m
[0;32mI (40823) app_main: Detection ran, face_count=1[0m
[0;32mI (40823) app_main: Face 0 score=0.86 box=[301,47,874,804][0m
[0;32mI (41304) app_main: Detection ran, face_count=0[0m
[0;32mI (41795) app_main: Detection ran, face_count=1[0m
[0;32mI (41796) app_main: Face 0 score=0.94 box=[319,63,913,843][0m
[0;32mI (42277) app_main: Detection ran, face_count=0[0m
[0;32mI (42762) app_main: Detection ran, face_count=0[0m
[0;32mI (43228) app_main: Frame count=400[0m
[0;32mI (43249) app_main: Detection ran, face_count=0[0m
[0;32mI (43734) app_main: Detection ran, face_count=0[0m
[0;32mI (44220) app_main: Detection ran, face_count=0[0m
[0;32mI (44706) app_main: Detection ran, face_count=0[0m
[0;32mI (45193) app_main: Detection ran, face_count=0[0m
[0;32mI (45679) app_main: Detection ran, face_count=0[0m
[0;32mI (46165) app_main: Detection ran, face_count=0[0m
[0;32mI (46651) app_main: Detection ran, face_count=0[0m
[0;32mI (47137) app_main: Detection ran, face_count=0[0m
[0;32mI (47623) app_main: Detection ran, face_count=0[0m
[0;32mI (48109) app_main: Detection ran, face_count=0[0m
[0;32mI (48595) app_main: Detection ran, face_count=0[0m
[0;32mI (49082) app_main: Detection ran, face_count=0[0m
[0;32mI (49568) app_main: Detection ran, face_count=0[0m
[0;32mI (50054) app_main: Detection ran, face_count=0[0m
[0;32mI (50540) app_main: Detection ran, face_count=0[0m
[0;32mI (51026) app_main: Detection ran, face_count=0[0m
[0;32mI (51512) app_main: Detection ran, face_count=0[0m
[0;32mI (51999) app_main: Detection ran, face_count=0[0m
[0;32mI (52485) app_main: Detection ran, face_count=0[0m
[0;32mI (52950) app_main: Frame count=500[0m
[0;32mI (52971) app_main: Detection ran, face_count=0[0m
[0;32mI (53457) app_main: Detection ran, face_count=0[0m
[0;32mI (53943) app_main: Detection ran, face_count=0[0m
[0;32mI (54429) app_main: Detection ran, face_count=0[0m
[0;32mI (54915) app_main: Detection ran, face_count=0[0m
[0;32mI (55401) app_main: Detection ran, face_count=0[0m
[0;32mI (55888) app_main: Detection ran, face_count=0[0m
[0;32mI (56375) app_main: Detection ran, face_count=0[0m
[0;32mI (56860) app_main: Detection ran, face_count=0[0m
[0;32mI (57346) app_main: Detection ran, face_count=0[0m
[0;32mI (57832) app_main: Detection ran, face_count=0[0m
[0;32mI (58318) app_main: Detection ran, face_count=0[0m
[0;32mI (58805) app_main: Detection ran, face_count=0[0m
[0;32mI (59290) app_main: Detection ran, face_count=0[0m
[0;32mI (59777) app_main: Detection ran, face_count=0[0m
[0;32mI (60263) app_main: Detection ran, face_count=0[0m
[0;32mI (60749) app_main: Detection ran, face_count=0[0m
[0;32mI (61235) app_main: Detection ran, face_count=0[0m
[0;32mI (61721) app_main: Detection ran, face_count=0[0m
[0;32mI (62207) app_main: Detection ran, face_count=0[0m
[0;32mI (62672) app_main: Frame count=600[0m
[0;32mI (62694) app_main: Detection ran, face_count=0[0m
[0;32mI (63179) app_main: Detection ran, face_count=0[0m
[0;32mI (63666) app_main: Detection ran, face_count=0[0m
[0;32mI (64152) app_main: Detection ran, face_count=0[0m
[0;32mI (64638) app_main: Detection ran, face_count=0[0m
[0;32mI (65124) app_main: Detection ran, face_count=0[0m
[0;32mI (65610) app_main: Detection ran, face_count=0[0m
[0;32mI (66096) app_main: Detection ran, face_count=0[0m
[0;32mI (66584) app_main: Detection ran, face_count=0[0m
[0;32mI (67069) app_main: Detection ran, face_count=0[0m
[0;32mI (67555) app_main: Detection ran, face_count=0[0m
[0;32mI (68041) app_main: Detection ran, face_count=0[0m
[0;32mI (68527) app_main: Detection ran, face_count=0[0m
[0;32mI (69013) app_main: Detection ran, face_count=0[0m
[0;32mI (69500) app_main: Detection ran, face_count=0[0m
[0;32mI (69986) app_main: Detection ran, face_count=0[0m
[0;32mI (70477) app_main: Detection ran, face_count=1[0m
[0;32mI (70477) app_main: Face 0 score=0.69 box=[235,41,917,917][0m
[0;32mI (70607) face_recognition_wrapper: Recognized id=1 similarity=0.741 threshold=0.70[0m
[0;32mI (70607) app_main: Recognition result: name=id_1 score=0.741[0m
[0;32mI (71103) app_main: Detection ran, face_count=1[0m
[0;32mI (71103) app_main: Face 0 score=0.92 box=[260,82,982,959][0m
[0;32mI (71588) app_main: Detection ran, face_count=1[0m
[0;32mI (71588) app_main: Face 0 score=0.89 box=[290,0,929,787][0m
[0;32mI (72075) app_main: Detection ran, face_count=1[0m
[0;32mI (72075) app_main: Face 0 score=0.68 box=[281,0,922,739][0m
[0;32mI (72534) app_main: Frame count=700[0m
[0;32mI (72560) app_main: Detection ran, face_count=1[0m
[0;32mI (72561) app_main: Face 0 score=0.95 box=[259,0,933,781][0m
[0;32mI (72690) face_recognition_wrapper: Recognized id=1 similarity=0.716 threshold=0.70[0m
[0;32mI (72690) app_main: Recognition result: name=id_1 score=0.716[0m
[0;32mI (73186) app_main: Detection ran, face_count=1[0m
[0;32mI (73186) app_main: Face 0 score=0.77 box=[283,0,920,785][0m
[0;32mI (73671) app_main: Detection ran, face_count=1[0m
[0;32mI (73672) app_main: Face 0 score=0.92 box=[280,0,950,759][0m
[0;32mI (74153) app_main: Detection ran, face_count=0[0m
[0;32mI (74639) app_main: Detection ran, face_count=0[0m
[0;32mI (75125) app_main: Detection ran, face_count=0[0m
[0;32mI (75612) app_main: Detection ran, face_count=0[0m
[0;32mI (76097) app_main: Detection ran, face_count=0[0m
[0;32mI (76583) app_main: Detection ran, face_count=0[0m
[0;32mI (77069) app_main: Detection ran, face_count=0[0m
[0;32mI (77556) app_main: Detection ran, face_count=0[0m
[0;32mI (78041) app_main: Detection ran, face_count=0[0m
[0;32mI (78527) app_main: Detection ran, face_count=0[0m
[0;32mI (79014) app_main: Detection ran, face_count=0[0m
[0;32mI (79501) app_main: Detection ran, face_count=0[0m
[0;32mI (79986) app_main: Detection ran, face_count=0[0m
[0;32mI (80472) app_main: Detection ran, face_count=0[0m
[0;32mI (80958) app_main: Detection ran, face_count=0[0m
[0;32mI (81444) app_main: Detection ran, face_count=0[0m
[0;32mI (81931) app_main: Detection ran, face_count=0[0m
[0;32mI (82396) app_main: Frame count=800[0m
[0;32mI (82417) app_main: Detection ran, face_count=0[0m
[0;32mI (82903) app_main: Detection ran, face_count=0[0m
[0;32mI (83389) app_main: Detection ran, face_count=0[0m
[0;32mI (83875) app_main: Detection ran, face_count=0[0m
[0;32mI (84361) app_main: Detection ran, face_count=0[0m
[0;32mI (84848) app_main: Detection ran, face_count=0[0m
[0;32mI (85334) app_main: Detection ran, face_count=0[0m
[0;32mI (85820) app_main: Detection ran, face_count=0[0m
[0;32mI (86306) app_main: Detection ran, face_count=0[0m
[0;32mI (86792) app_main: Detection ran, face_count=0[0m
[0;32mI (87278) app_main: Detection ran, face_count=0[0m
[0;32mI (87764) app_main: Detection ran, face_count=0[0m
[0;32mI (88250) app_main: Detection ran, face_count=0[0m
[0;32mI (88737) app_main: Detection ran, face_count=0[0m
[0;32mI (89223) app_main: Detection ran, face_count=0[0m
[0;32mI (89709) app_main: Detection ran, face_count=0[0m
[0;32mI (90195) app_main: Detection ran, face_count=0[0m
[0;32mI (90681) app_main: Detection ran, face_count=0[0m
[0;32mI (91167) app_main: Detection ran, face_count=0[0m
[0;32mI (91653) app_main: Detection ran, face_count=0[0m
[0;32mI (92119) app_main: Frame count=900[0m
[0;32mI (92140) app_main: Detection ran, face_count=0[0m
[0;32mI (92625) app_main: Detection ran, face_count=0[0m
[0;32mI (93112) app_main: Detection ran, face_count=0[0m
[0;32mI (93598) app_main: Detection ran, face_count=0[0m
[0;32mI (94084) app_main: Detection ran, face_count=0[0m
[0;32mI (94570) app_main: Detection ran, face_count=0[0m
[0;32mI (95056) app_main: Detection ran, face_count=0[0m
[0;32mI (95542) app_main: Detection ran, face_count=0[0m
[0;32mI (96030) app_main: Detection ran, face_count=0[0m
[0;32mI (96515) app_main: Detection ran, face_count=0[0m
[0;32mI (97001) app_main: Detection ran, face_count=0[0m
[0;32mI (97487) app_main: Detection ran, face_count=0[0m
[0;32mI (97973) app_main: Detection ran, face_count=0[0m
[0;32mI (98459) app_main: Detection ran, face_count=0[0m
[0;32mI (98946) app_main: Detection ran, face_count=0[0m
[0;32mI (99431) app_main: Detection ran, face_count=0[0m
[0;32mI (99918) app_main: Detection ran, face_count=0[0m
[0;32mI (100404) app_main: Detection ran, face_count=0[0m
[0;32mI (100890) app_main: Detection ran, face_count=0[0m
[0;32mI (101376) app_main: Detection ran, face_count=0[0m
[0;32mI (101841) app_main: Frame count=1000[0m
[0;32mI (101862) app_main: Detection ran, face_count=0[0m
[0;32mI (102349) app_main: Detection ran, face_count=0[0m
[0;32mI (102835) app_main: Detection ran, face_count=0[0m
[0;32mI (103321) app_main: Detection ran, face_count=0[0m
[0;32mI (103807) app_main: Detection ran, face_count=0[0m
[0;32mI (104293) app_main: Detection ran, face_count=0[0m
[0;32mI (104779) app_main: Detection ran, face_count=0[0m
[0;32mI (105265) app_main: Detection ran, face_count=0[0m
[0;32mI (105751) app_main: Detection ran, face_count=0[0m
[0;32mI (106238) app_main: Detection ran, face_count=0[0m
[0;32mI (106723) app_main: Detection ran, face_count=0[0m
[0;32mI (107210) app_main: Detection ran, face_count=0[0m
[0;32mI (107696) app_main: Detection ran, face_count=0[0m
[0;32mI (108182) app_main: Detection ran, face_count=0[0m
[0;32mI (108669) app_main: Detection ran, face_count=0[0m
[0;32mI (109154) app_main: Detection ran, face_count=0[0m
[0;32mI (109641) app_main: Detection ran, face_count=0[0m
[0;32mI (110127) app_main: Detection ran, face_count=0[0m
[0;32mI (110613) app_main: Detection ran, face_count=0[0m
[0;32mI (111099) app_main: Detection ran, face_count=0[0m
[0;32mI (111564) app_main: Frame count=1100[0m
[0;32mI (111585) app_main: Detection ran, face_count=0[0m
[0;32mI (112071) app_main: Detection ran, face_count=0[0m
